2026-03-23 19:29:06,976 | INFO | HTTP Request: GET https://www.okx.com/api/v5/market/candles?instId=LRC-USDT-SWAP&bar=5m&limit=89 "HTTP/2 200 OK"
2026-03-23 19:29:07,157 | INFO | HTTP Request: GET https://www.okx.com/api/v5/trade/orders-algo-pending?ordType=conditional&instType=SWAP&instId=HBAR-USDT-SWAP "HTTP/2 200 OK"
2026-03-23 19:29:07,392 | INFO | HTTP Request: GET https://www.okx.com/api/v5/trade/orders-algo-pending?ordType=oco&instType=SWAP&instId=HBAR-USDT-SWAP "HTTP/2 200 OK"
2026-03-23 19:29:07,466 | INFO | HTTP Request: GET https://www.okx.com/api/v5/market/ticker?instId=LTC-USDT-SWAP "HTTP/2 200 OK"
2026-03-23 19:29:07,636 | INFO | HTTP Request: GET https://www.okx.com/api/v5/trade/orders-algo-pending?ordType=trigger&instType=SWAP&instId=HBAR-USDT-SWAP "HTTP/2 200 OK"
2026-03-23 19:29:07,764 | INFO | HTTP Request: GET https://www.okx.com/api/v5/market/candles?instId=LTC-USDT-SWAP&bar=5m&limit=89 "HTTP/2 200 OK"
2026-03-23 19:29:07,891 | INFO | HTTP Request: GET https://www.okx.com/api/v5/trade/orders-algo-pending?ordType=move_order_stop&instType=SWAP&instId=HBAR-USDT-SWAP "HTTP/2 200 OK"
2026-03-23 19:29:08,204 | INFO | HTTP Request: GET https://www.okx.com/api/v5/trade/orders-algo-pending?ordType=iceberg&instType=SWAP&instId=HBAR-USDT-SWAP "HTTP/2 200 OK"
2026-03-23 19:29:08,254 | INFO | HTTP Request: GET https://www.okx.com/api/v5/market/ticker?instId=MAGIC-USDT-SWAP "HTTP/2 200 OK"
2026-03-23 19:29:08,506 | INFO | HTTP Request: GET https://www.okx.com/api/v5/trade/orders-algo-pending?ordType=twap&instType=SWAP&instId=HBAR-USDT-SWAP "HTTP/2 200 OK"
2026-03-23 19:29:08,566 | INFO | HTTP Request: GET https://www.okx.com/api/v5/market/candles?instId=MAGIC-USDT-SWAP&bar=5m&limit=89 "HTTP/2 200 OK"
2026-03-23 19:29:08,816 | INFO | HTTP Request: GET https://www.okx.com/api/v5/trade/orders-algo-pending?ordType=chase&instType=SWAP&instId=HBAR-USDT-SWAP "HTTP/2 200 OK"
2026-03-23 19:29:09,058 | INFO | HTTP Request: GET https://www.okx.com/api/v5/market/ticker?instId=MAJOR-USDT-SWAP "HTTP/2 200 OK"
2026-03-23 19:29:09,293 | INFO | HTTP Request: GET https://www.okx.com/api/v5/market/candles?instId=MAJOR-USDT-SWAP&bar=5m&limit=89 "HTTP/2 200 OK"
2026-03-23 19:29:09,466 | INFO | HTTP Request: GET https://www.okx.com/api/v5/trade/orders-algo-pending?ordType=conditional&instType=SWAP&instId=HBAR-USDT-SWAP "HTTP/2 200 OK"
2026-03-23 19:29:09,774 | INFO | HTTP Request: GET https://www.okx.com/api/v5/trade/orders-algo-pending?ordType=oco&instType=SWAP&instId=HBAR-USDT-SWAP "HTTP/2 200 OK"
2026-03-23 19:29:09,783 | INFO | HTTP Request: GET https://www.okx.com/api/v5/market/ticker?instId=MASK-USDT-SWAP "HTTP/2 200 OK"
2026-03-23 19:29:10,012 | INFO | HTTP Request: GET https://www.okx.com/api/v5/trade/orders-algo-pending?ordType=trigger&instType=SWAP&instId=HBAR-USDT-SWAP "HTTP/2 200 OK"
2026-03-23 19:29:10,034 | INFO | HTTP Request: GET https://www.okx.com/api/v5/market/candles?instId=MASK-USDT-SWAP&bar=5m&limit=89 "HTTP/2 200 OK"
2026-03-23 19:29:10,316 | INFO | HTTP Request: GET https://www.okx.com/api/v5/trade/orders-algo-pending?ordType=move_order_stop&instType=SWAP&instId=HBAR-USDT-SWAP "HTTP/2 200 OK"
2026-03-23 19:29:10,452 | INFO | HTTP Request: GET https://www.okx.com/api/v5/market/ticker?instId=MET-USDT-SWAP "HTTP/2 200 OK"
2026-03-23 19:29:10,573 | INFO | HTTP Request: GET https://www.okx.com/api/v5/trade/orders-algo-pending?ordType=iceberg&instType=SWAP&instId=HBAR-USDT-SWAP "HTTP/2 200 OK"
2026-03-23 19:29:10,750 | INFO | HTTP Request: GET https://www.okx.com/api/v5/market/candles?instId=MET-USDT-SWAP&bar=5m&limit=89 "HTTP/2 200 OK"
2026-03-23 19:29:10,884 | INFO | HTTP Request: GET https://www.okx.com/api/v5/trade/orders-algo-pending?ordType=twap&instType=SWAP&instId=HBAR-USDT-SWAP "HTTP/2 200 OK"
2026-03-23 19:29:11,167 | INFO | HTTP Request: GET https://www.okx.com/api/v5/market/ticker?instId=MINA-USDT-SWAP "HTTP/2 200 OK"
2026-03-23 19:29:11,185 | INFO | HTTP Request: GET https://www.okx.com/api/v5/trade/orders-algo-pending?ordType=chase&instType=SWAP&instId=HBAR-USDT-SWAP "HTTP/2 200 OK"
2026-03-23 19:29:11,552 | INFO | HTTP Request: GET https://www.okx.com/api/v5/market/candles?instId=MINA-USDT-SWAP&bar=5m&limit=89 "HTTP/2 200 OK"
2026-03-23 19:29:11,899 | INFO | HTTP Request: GET https://www.okx.com/api/v5/trade/orders-algo-pending?ordType=conditional&instType=SWAP&instId=HBAR-USDT-SWAP "HTTP/2 200 OK"
2026-03-23 19:29:12,033 | INFO | HTTP Request: GET https://www.okx.com/api/v5/market/ticker?instId=MKR-USDT-SWAP "HTTP/2 200 OK"
2026-03-23 19:29:12,198 | INFO | HTTP Request: GET https://www.okx.com/api/v5/trade/orders-algo-pending?ordType=oco&instType=SWAP&instId=HBAR-USDT-SWAP "HTTP/2 200 OK"
2026-03-23 19:29:12,274 | INFO | HTTP Request: GET https://www.okx.com/api/v5/market/candles?instId=MKR-USDT-SWAP&bar=5m&limit=89 "HTTP/2 200 OK"
2026-03-23 19:29:12,455 | INFO | HTTP Request: GET https://www.okx.com/api/v5/trade/orders-algo-pending?ordType=trigger&instType=SWAP&instId=HBAR-USDT-SWAP "HTTP/2 200 OK"
2026-03-23 19:29:12,690 | INFO | HTTP Request: GET https://www.okx.com/api/v5/market/ticker?instId=MUBARAK-USDT-SWAP "HTTP/2 200 OK"
2026-03-23 19:29:12,694 | INFO | HTTP Request: GET https://www.okx.com/api/v5/trade/orders-algo-pending?ordType=move_order_stop&instType=SWAP&instId=HBAR-USDT-SWAP "HTTP/2 200 OK"
2026-03-23 19:29:12,941 | INFO | HTTP Request: GET https://www.okx.com/api/v5/market/candles?instId=MUBARAK-USDT-SWAP&bar=5m&limit=89 "HTTP/2 200 OK"
2026-03-23 19:29:12,999 | INFO | HTTP Request: GET https://www.okx.com/api/v5/trade/orders-algo-pending?ordType=iceberg&instType=SWAP&instId=HBAR-USDT-SWAP "HTTP/2 200 OK"
2026-03-23 19:29:13,350 | INFO | HTTP Request: GET https://www.okx.com/api/v5/trade/orders-algo-pending?ordType=twap&instType=SWAP&instId=HBAR-USDT-SWAP "HTTP/2 200 OK"
2026-03-23 19:29:13,421 | INFO | HTTP Request: GET https://www.okx.com/api/v5/market/ticker?instId=NEAR-USDT-SWAP "HTTP/2 200 OK"
2026-03-23 19:29:13,650 | INFO | HTTP Request: GET https://www.okx.com/api/v5/trade/orders-algo-pending?ordType=chase&instType=SWAP&instId=HBAR-USDT-SWAP "HTTP/2 200 OK"
2026-03-23 19:29:13,727 | INFO | HTTP Request: GET https://www.okx.com/api/v5/market/candles?instId=NEAR-USDT-SWAP&bar=5m&limit=89 "HTTP/2 200 OK"
2026-03-23 19:29:14,220 | INFO | HTTP Request: GET https://www.okx.com/api/v5/market/ticker?instId=NEO-USDT-SWAP "HTTP/2 200 OK"
2026-03-23 19:29:14,357 | INFO | HTTP Request: GET https://www.okx.com/api/v5/trade/orders-algo-pending?ordType=conditional&instType=SWAP&instId=HBAR-USDT-SWAP "HTTP/2 200 OK"
2026-03-23 19:29:14,522 | INFO | HTTP Request: GET https://www.okx.com/api/v5/market/candles?instId=NEO-USDT-SWAP&bar=5m&limit=89 "HTTP/2 200 OK"
2026-03-23 19:29:14,590 | INFO | HTTP Request: GET https://www.okx.com/api/v5/trade/orders-algo-pending?ordType=oco&instType=SWAP&instId=HBAR-USDT-SWAP "HTTP/2 200 OK"
2026-03-23 19:29:14,814 | INFO | HTTP Request: GET https://www.okx.com/api/v5/market/candles?instId=BTC-USDT-SWAP&bar=5m&limit=64 "HTTP/2 200 OK"
2026-03-23 19:29:14,843 | INFO | HTTP Request: GET https://www.okx.com/api/v5/trade/orders-algo-pending?ordType=trigger&instType=SWAP&instId=HBAR-USDT-SWAP "HTTP/2 200 OK"
2026-03-23 19:29:14,940 | INFO | HTTP Request: GET https://www.okx.com/api/v5/market/ticker?instId=NOT-USDT-SWAP "HTTP/2 200 OK"
2026-03-23 19:29:15,203 | INFO | HTTP Request: GET https://www.okx.com/api/v5/trade/orders-algo-pending?ordType=move_order_stop&instType=SWAP&instId=HBAR-USDT-SWAP "HTTP/2 200 OK"
2026-03-23 19:29:15,323 | INFO | HTTP Request: GET https://www.okx.com/api/v5/market/candles?instId=NOT-USDT-SWAP&bar=5m&limit=89 "HTTP/2 200 OK"
2026-03-23 19:29:15,517 | INFO | HTTP Request: GET https://www.okx.com/api/v5/trade/orders-algo-pending?ordType=iceberg&instType=SWAP&instId=HBAR-USDT-SWAP "HTTP/2 200 OK"
2026-03-23 19:29:15,741 | INFO | HTTP Request: GET https://www.okx.com/api/v5/market/ticker?instId=OP-USDT-SWAP "HTTP/2 200 OK"
2026-03-23 19:29:15,822 | INFO | HTTP Request: GET https://www.okx.com/api/v5/trade/orders-algo-pending?ordType=twap&instType=SWAP&instId=HBAR-USDT-SWAP "HTTP/2 200 OK"
2026-03-23 19:29:16,052 | INFO | HTTP Request: GET https://www.okx.com/api/v5/market/candles?instId=OP-USDT-SWAP&bar=5m&limit=89 "HTTP/2 200 OK"
2026-03-23 19:29:16,154 | INFO | HTTP Request: GET https://www.okx.com/api/v5/trade/orders-algo-pending?ordType=chase&instType=SWAP&instId=HBAR-USDT-SWAP "HTTP/2 200 OK"
2026-03-23 19:29:16,533 | INFO | HTTP Request: GET https://www.okx.com/api/v5/market/ticker?instId=PEPE-USDT-SWAP "HTTP/2 200 OK"
2026-03-23 19:29:16,771 | INFO | HTTP Request: GET https://www.okx.com/api/v5/market/candles?instId=PEPE-USDT-SWAP&bar=5m&limit=89 "HTTP/2 200 OK"
2026-03-23 19:29:16,863 | INFO | HTTP Request: GET https://www.okx.com/api/v5/trade/orders-algo-pending?ordType=conditional&instType=SWAP&instId=HBAR-USDT-SWAP "HTTP/2 200 OK"
2026-03-23 19:29:17,100 | INFO | HTTP Request: GET https://www.okx.com/api/v5/trade/orders-algo-pending?ordType=oco&instType=SWAP&instId=HBAR-USDT-SWAP "HTTP/2 200 OK"
2026-03-23 19:29:17,261 | INFO | HTTP Request: GET https://www.okx.com/api/v5/market/ticker?instId=PIGGY-USDT-SWAP "HTTP/2 200 OK"
2026-03-23 19:29:17,413 | INFO | HTTP Request: GET https://www.okx.com/api/v5/trade/orders-algo-pending?ordType=trigger&instType=SWAP&instId=HBAR-USDT-SWAP "HTTP/2 200 OK"
2026-03-23 19:29:17,564 | INFO | HTTP Request: GET https://www.okx.com/api/v5/market/candles?instId=PIGGY-USDT-SWAP&bar=5m&limit=89 "HTTP/2 200 OK"
2026-03-23 19:29:17,724 | INFO | HTTP Request: GET https://www.okx.com/api/v5/trade/orders-algo-pending?ordType=move_order_stop&instType=SWAP&instId=HBAR-USDT-SWAP "HTTP/2 200 OK"
2026-03-23 19:29:18,024 | INFO | HTTP Request: GET https://www.okx.com/api/v5/trade/orders-algo-pending?ordType=iceberg&instType=SWAP&instId=HBAR-USDT-SWAP "HTTP/2 200 OK"
2026-03-23 19:29:18,050 | INFO | HTTP Request: GET https://www.okx.com/api/v5/market/ticker?instId=QTUM-USDT-SWAP "HTTP/2 200 OK"
