2026-03-29 16:12:56,471 | INFO | root | okx_gateway:refresh_instruments:141 | Loaded 108 swap instruments
2026-03-29 16:15:30,415 | INFO | root | okx_gateway:ensure_instrument_leverage:121 | Applied leverage 5 to KAITO-USDT-SWAP (isolated)
2026-03-29 16:15:30,774 | INFO | root | okx_gateway:place_market_order:639 | Placing order KAITO-USDT-SWAP sell qty=7478.0 attached_stop=True attached_stop_px=0.3891
2026-03-29 16:15:32,186 | INFO | root | okx_gateway:ensure_instrument_leverage:121 | Applied leverage 5 to LIT-USDT-SWAP (isolated)
2026-03-29 16:15:32,544 | INFO | root | okx_gateway:place_market_order:639 | Placing order LIT-USDT-SWAP sell qty=335.0 attached_stop=True attached_stop_px=0.862
2026-03-29 16:15:33,971 | INFO | root | okx_gateway:ensure_instrument_leverage:121 | Applied leverage 5 to INJ-USDT-SWAP (isolated)
2026-03-29 16:15:34,339 | INFO | root | okx_gateway:place_market_order:639 | Placing order INJ-USDT-SWAP sell qty=10111.0 attached_stop=True attached_stop_px=2.83
2026-03-29 16:15:35,731 | INFO | root | okx_gateway:ensure_instrument_leverage:121 | Applied leverage 5 to MAGIC-USDT-SWAP (isolated)
2026-03-29 16:15:36,084 | INFO | root | okx_gateway:place_market_order:639 | Placing order MAGIC-USDT-SWAP sell qty=50228.0 attached_stop=True attached_stop_px=0.05754
2026-03-29 16:17:19,546 | WARNING | root | market_data_cache:_run:142 | Market-data worker temporary fetch failure for XPL-USDT-SWAP: [WinError 10035] Операция на незаблокированном сокете не может быть завершена немедленно
2026-03-29 16:22:12,715 | WARNING | root | market_data_cache:_run:142 | Market-data worker temporary fetch failure for CATI-USDT-SWAP: [WinError 10035] Операция на незаблокированном сокете не может быть завершена немедленно
2026-03-29 16:25:50,206 | INFO | root | okx_gateway:amend_exchange_stop:433 | Amending exchange stop LIT-USDT-SWAP algo=3432206736822722560 payload=[{'instId': 'LIT-USDT-SWAP', 'algoId': '3432206736822722560', 'newSlTriggerPx': '0.853', 'newSlOrdPx': '-1', 'newSlTriggerPxType': 'mark'}]
2026-03-29 16:25:52,604 | INFO | root | okx_gateway:place_exchange_stop:410 | Placing exchange stop LIT-USDT-SWAP short payload={'instId': 'LIT-USDT-SWAP', 'tdMode': 'isolated', 'side': 'buy', 'posSide': 'net', 'ordType': 'conditional', 'reduceOnly': 'true', 'closeFraction': '1', 'algoClOrdId': 'SLUSDTSWAP790752604', 'slTriggerPx': '0.853', 'slTriggerPxType': 'mark', 'slOrdPx': '-1'}
2026-03-29 16:25:55,121 | INFO | root | okx_gateway:amend_exchange_stop:433 | Amending exchange stop INJ-USDT-SWAP algo=3432206796985819136 payload=[{'instId': 'INJ-USDT-SWAP', 'algoId': '3432206796985819136', 'newSlTriggerPx': '2.8', 'newSlOrdPx': '-1', 'newSlTriggerPxType': 'mark'}]
2026-03-29 16:25:57,556 | INFO | root | okx_gateway:place_exchange_stop:410 | Placing exchange stop INJ-USDT-SWAP short payload={'instId': 'INJ-USDT-SWAP', 'tdMode': 'isolated', 'side': 'buy', 'posSide': 'net', 'ordType': 'conditional', 'reduceOnly': 'true', 'closeFraction': '1', 'algoClOrdId': 'SLUSDTSWAP790757556', 'slTriggerPx': '2.8', 'slTriggerPxType': 'mark', 'slOrdPx': '-1'}
2026-03-29 16:25:59,989 | INFO | root | okx_gateway:amend_exchange_stop:433 | Amending exchange stop MAGIC-USDT-SWAP algo=3432206855538302976 payload=[{'instId': 'MAGIC-USDT-SWAP', 'algoId': '3432206855538302976', 'newSlTriggerPx': '0.05616', 'newSlOrdPx': '-1', 'newSlTriggerPxType': 'mark'}]
2026-03-29 16:26:02,554 | INFO | root | okx_gateway:place_exchange_stop:410 | Placing exchange stop MAGIC-USDT-SWAP short payload={'instId': 'MAGIC-USDT-SWAP', 'tdMode': 'isolated', 'side': 'buy', 'posSide': 'net', 'ordType': 'conditional', 'reduceOnly': 'true', 'closeFraction': '1', 'algoClOrdId': 'SLUSDTSWAP790762554', 'slTriggerPx': '0.05616', 'slTriggerPxType': 'mark', 'slOrdPx': '-1'}
2026-03-29 16:29:25,217 | INFO | root | okx_gateway:place_exchange_stop:410 | Placing exchange stop MAGIC-USDT-SWAP short payload={'instId': 'MAGIC-USDT-SWAP', 'tdMode': 'isolated', 'side': 'buy', 'posSide': 'net', 'ordType': 'conditional', 'reduceOnly': 'true', 'closeFraction': '1', 'algoClOrdId': 'SLUSDTSWAP790965217', 'slTriggerPx': '0.05619', 'slTriggerPxType': 'mark', 'slOrdPx': '-1'}
2026-03-29 16:29:26,937 | INFO | root | okx_gateway:close_position:466 | Closing position MAGIC-USDT-SWAP. Синхронизация: позиция отсутствует на бирже
2026-03-29 16:32:12,967 | INFO | root | okx_gateway:place_exchange_stop:410 | Placing exchange stop LIT-USDT-SWAP short payload={'instId': 'LIT-USDT-SWAP', 'tdMode': 'isolated', 'side': 'buy', 'posSide': 'net', 'ordType': 'conditional', 'reduceOnly': 'true', 'closeFraction': '1', 'algoClOrdId': 'SLUSDTSWAP791132967', 'slTriggerPx': '0.857', 'slTriggerPxType': 'mark', 'slOrdPx': '-1'}
2026-03-29 16:32:14,584 | INFO | root | okx_gateway:close_position:466 | Closing position LIT-USDT-SWAP. Синхронизация: позиция отсутствует на бирже
2026-03-29 16:32:46,646 | WARNING | root | market_data_cache:_run:142 | Market-data worker temporary fetch failure for ETHW-USDT-SWAP: [WinError 10035] Операция на незаблокированном сокете не может быть завершена немедленно
2026-03-29 16:35:02,325 | INFO | root | okx_gateway:amend_exchange_stop:433 | Amending exchange stop INJ-USDT-SWAP algo=3432227706933436416 payload=[{'instId': 'INJ-USDT-SWAP', 'algoId': '3432227706933436416', 'newSlTriggerPx': '2.802', 'newSlOrdPx': '-1', 'newSlTriggerPxType': 'mark'}]
2026-03-29 16:35:08,956 | INFO | root | okx_gateway:place_exchange_stop:410 | Placing exchange stop INJ-USDT-SWAP short payload={'instId': 'INJ-USDT-SWAP', 'tdMode': 'isolated', 'side': 'buy', 'posSide': 'net', 'ordType': 'conditional', 'reduceOnly': 'true', 'closeFraction': '1', 'algoClOrdId': 'SLUSDTSWAP791308956', 'slTriggerPx': '2.802', 'slTriggerPxType': 'mark', 'slOrdPx': '-1'}
2026-03-29 16:36:03,961 | WARNING | root | market_data_cache:_run:142 | Market-data worker temporary fetch failure for PEPE-USDT-SWAP: [WinError 10035] Операция на незаблокированном сокете не может быть завершена немедленно
2026-03-29 16:38:03,170 | INFO | root | okx_gateway:amend_exchange_stop:433 | Amending exchange stop INJ-USDT-SWAP algo=3432246210357190656 payload=[{'instId': 'INJ-USDT-SWAP', 'algoId': '3432246210357190656', 'newSlTriggerPx': '2.8', 'newSlOrdPx': '-1', 'newSlTriggerPxType': 'mark'}]
2026-03-29 16:38:06,022 | INFO | root | okx_gateway:place_exchange_stop:410 | Placing exchange stop INJ-USDT-SWAP short payload={'instId': 'INJ-USDT-SWAP', 'tdMode': 'isolated', 'side': 'buy', 'posSide': 'net', 'ordType': 'conditional', 'reduceOnly': 'true', 'closeFraction': '1', 'algoClOrdId': 'SLUSDTSWAP791486022', 'slTriggerPx': '2.8', 'slTriggerPxType': 'mark', 'slOrdPx': '-1'}
2026-03-29 16:39:27,165 | WARNING | root | market_data_cache:_run:142 | Market-data worker temporary fetch failure for ATOM-USDT-SWAP: [WinError 10035] Операция на незаблокированном сокете не может быть завершена немедленно
2026-03-29 16:39:52,473 | WARNING | root | market_data_cache:_run:142 | Market-data worker temporary fetch failure for IOTA-USDT-SWAP: [WinError 10035] Операция на незаблокированном сокете не может быть завершена немедленно
2026-03-29 16:40:39,648 | INFO | root | okx_gateway:amend_exchange_stop:433 | Amending exchange stop INJ-USDT-SWAP algo=3432252149055447040 payload=[{'instId': 'INJ-USDT-SWAP', 'algoId': '3432252149055447040', 'newSlTriggerPx': '2.802', 'newSlOrdPx': '-1', 'newSlTriggerPxType': 'mark'}]
2026-03-29 16:40:45,189 | INFO | root | okx_gateway:place_exchange_stop:410 | Placing exchange stop INJ-USDT-SWAP short payload={'instId': 'INJ-USDT-SWAP', 'tdMode': 'isolated', 'side': 'buy', 'posSide': 'net', 'ordType': 'conditional', 'reduceOnly': 'true', 'closeFraction': '1', 'algoClOrdId': 'SLUSDTSWAP791645189', 'slTriggerPx': '2.802', 'slTriggerPxType': 'mark', 'slOrdPx': '-1'}
2026-03-29 16:41:05,146 | WARNING | root | market_data_cache:_run:142 | Market-data worker temporary fetch failure for LIT-USDT-SWAP: [WinError 10035] Операция на незаблокированном сокете не может быть завершена немедленно
2026-03-29 16:43:27,254 | INFO | root | okx_gateway:amend_exchange_stop:433 | Amending exchange stop INJ-USDT-SWAP algo=3432257491692773376 payload=[{'instId': 'INJ-USDT-SWAP', 'algoId': '3432257491692773376', 'newSlTriggerPx': '2.801', 'newSlOrdPx': '-1', 'newSlTriggerPxType': 'mark'}]
2026-03-29 16:43:29,930 | INFO | root | okx_gateway:place_exchange_stop:410 | Placing exchange stop INJ-USDT-SWAP short payload={'instId': 'INJ-USDT-SWAP', 'tdMode': 'isolated', 'side': 'buy', 'posSide': 'net', 'ordType': 'conditional', 'reduceOnly': 'true', 'closeFraction': '1', 'algoClOrdId': 'SLUSDTSWAP791809930', 'slTriggerPx': '2.802', 'slTriggerPxType': 'mark', 'slOrdPx': '-1'}
2026-03-29 16:43:57,173 | WARNING | root | market_data_cache:_run:142 | Market-data worker temporary fetch failure for LRC-USDT-SWAP: [WinError 10035] Операция на незаблокированном сокете не может быть завершена немедленно
2026-03-29 16:48:52,100 | INFO | root | okx_gateway:amend_exchange_stop:433 | Amending exchange stop INJ-USDT-SWAP algo=3432263017470189568 payload=[{'instId': 'INJ-USDT-SWAP', 'algoId': '3432263017470189568', 'newSlTriggerPx': '2.798', 'newSlOrdPx': '-1', 'newSlTriggerPxType': 'mark'}]
2026-03-29 16:48:57,847 | INFO | root | okx_gateway:place_exchange_stop:410 | Placing exchange stop INJ-USDT-SWAP short payload={'instId': 'INJ-USDT-SWAP', 'tdMode': 'isolated', 'side': 'buy', 'posSide': 'net', 'ordType': 'conditional', 'reduceOnly': 'true', 'closeFraction': '1', 'algoClOrdId': 'SLUSDTSWAP792137847', 'slTriggerPx': '2.798', 'slTriggerPxType': 'mark', 'slOrdPx': '-1'}
2026-03-29 16:54:11,386 | INFO | root | okx_gateway:amend_exchange_stop:433 | Amending exchange stop INJ-USDT-SWAP algo=3432274022283698176 payload=[{'instId': 'INJ-USDT-SWAP', 'algoId': '3432274022283698176', 'newSlTriggerPx': '2.799', 'newSlOrdPx': '-1', 'newSlTriggerPxType': 'mark'}]
2026-03-29 16:54:14,062 | INFO | root | okx_gateway:place_exchange_stop:410 | Placing exchange stop INJ-USDT-SWAP short payload={'instId': 'INJ-USDT-SWAP', 'tdMode': 'isolated', 'side': 'buy', 'posSide': 'net', 'ordType': 'conditional', 'reduceOnly': 'true', 'closeFraction': '1', 'algoClOrdId': 'SLUSDTSWAP792454062', 'slTriggerPx': '2.799', 'slTriggerPxType': 'mark', 'slOrdPx': '-1'}
2026-03-29 16:56:51,088 | INFO | root | okx_gateway:amend_exchange_stop:433 | Amending exchange stop INJ-USDT-SWAP algo=3432284630148276224 payload=[{'instId': 'INJ-USDT-SWAP', 'algoId': '3432284630148276224', 'newSlTriggerPx': '2.796', 'newSlOrdPx': '-1', 'newSlTriggerPxType': 'mark'}]
2026-03-29 16:56:53,756 | INFO | root | okx_gateway:place_exchange_stop:410 | Placing exchange stop INJ-USDT-SWAP short payload={'instId': 'INJ-USDT-SWAP', 'tdMode': 'isolated', 'side': 'buy', 'posSide': 'net', 'ordType': 'conditional', 'reduceOnly': 'true', 'closeFraction': '1', 'algoClOrdId': 'SLUSDTSWAP792613756', 'slTriggerPx': '2.796', 'slTriggerPxType': 'mark', 'slOrdPx': '-1'}
2026-03-29 17:02:05,383 | INFO | root | okx_gateway:amend_exchange_stop:433 | Amending exchange stop INJ-USDT-SWAP algo=3432289988589740032 payload=[{'instId': 'INJ-USDT-SWAP', 'algoId': '3432289988589740032', 'newSlTriggerPx': '2.795', 'newSlOrdPx': '-1', 'newSlTriggerPxType': 'mark'}]
2026-03-29 17:02:11,860 | INFO | root | okx_gateway:place_exchange_stop:410 | Placing exchange stop INJ-USDT-SWAP short payload={'instId': 'INJ-USDT-SWAP', 'tdMode': 'isolated', 'side': 'buy', 'posSide': 'net', 'ordType': 'conditional', 'reduceOnly': 'true', 'closeFraction': '1', 'algoClOrdId': 'SLUSDTSWAP792931860', 'slTriggerPx': '2.795', 'slTriggerPxType': 'mark', 'slOrdPx': '-1'}
2026-03-29 17:05:04,065 | WARNING | root | market_data_cache:_run:142 | Market-data worker temporary fetch failure for EOS-USDT-SWAP: [WinError 10035] Операция на незаблокированном сокете не может быть завершена немедленно
2026-03-29 17:05:24,389 | WARNING | root | market_data_cache:_run:142 | Market-data worker temporary fetch failure for LIT-USDT-SWAP: [WinError 10035] Операция на незаблокированном сокете не может быть завершена немедленно
2026-03-29 17:06:19,943 | WARNING | root | market_data_cache:_run:142 | Market-data worker temporary fetch failure for DOGE-USDT-SWAP: [WinError 10035] Операция на незаблокированном сокете не может быть завершена немедленно
2026-03-29 17:06:41,156 | INFO | root | okx_gateway:ensure_instrument_leverage:121 | Applied leverage 5 to THETA-USDT-SWAP (isolated)
2026-03-29 17:06:41,405 | INFO | root | okx_gateway:place_market_order:639 | Placing order THETA-USDT-SWAP sell qty=1886.0 attached_stop=True attached_stop_px=0.1516
2026-03-29 17:06:46,100 | INFO | root | okx_gateway:place_market_order:639 | Placing order INJ-USDT-SWAP sell qty=10111.0 attached_stop=False attached_stop_px=
2026-03-29 17:07:16,965 | WARNING | root | market_data_cache:_run:142 | Market-data worker temporary fetch failure for ENA-USDT-SWAP: [WinError 10035] Операция на незаблокированном сокете не может быть завершена немедленно
2026-03-29 17:08:35,655 | INFO | root | okx_gateway:ensure_instrument_leverage:121 | Applied leverage 5 to LTC-USDT-SWAP (isolated)
2026-03-29 17:08:35,902 | INFO | root | okx_gateway:place_market_order:639 | Placing order LTC-USDT-SWAP sell qty=51.9 attached_stop=True attached_stop_px=54.05
2026-03-29 17:10:26,798 | INFO | root | okx_gateway:ensure_instrument_leverage:121 | Applied leverage 5 to ATOM-USDT-SWAP (isolated)
2026-03-29 17:10:27,048 | INFO | root | okx_gateway:place_market_order:639 | Placing order ATOM-USDT-SWAP sell qty=1687.0 attached_stop=True attached_stop_px=1.659
2026-03-29 17:10:59,165 | WARNING | root | market_data_cache:_run:142 | Market-data worker temporary fetch failure for MET-USDT-SWAP: [WinError 10035] Операция на незаблокированном сокете не может быть завершена немедленно
2026-03-29 17:12:43,128 | INFO | root | okx_gateway:ensure_instrument_leverage:121 | Applied leverage 5 to MET-USDT-SWAP (isolated)
2026-03-29 17:12:43,497 | INFO | root | okx_gateway:place_market_order:639 | Placing order MET-USDT-SWAP sell qty=2059.0 attached_stop=True attached_stop_px=0.1395
2026-03-29 17:12:54,466 | INFO | root | okx_gateway:place_exchange_stop:410 | Placing exchange stop INJ-USDT-SWAP short payload={'instId': 'INJ-USDT-SWAP', 'tdMode': 'isolated', 'side': 'buy', 'posSide': 'net', 'ordType': 'conditional', 'reduceOnly': 'true', 'closeFraction': '1', 'algoClOrdId': 'SLUSDTSWAP793574466', 'slTriggerPx': '2.805', 'slTriggerPxType': 'mark', 'slOrdPx': '-1'}
2026-03-29 17:12:56,189 | INFO | root | okx_gateway:close_position:466 | Closing position INJ-USDT-SWAP. Синхронизация: позиция отсутствует на бирже
2026-03-29 17:15:34,658 | INFO | root | okx_gateway:place_market_order:639 | Placing order MAGIC-USDT-SWAP sell qty=49265.0 attached_stop=True attached_stop_px=0.05698
2026-03-29 17:15:40,693 | INFO | root | okx_gateway:amend_exchange_stop:433 | Amending exchange stop THETA-USDT-SWAP algo=3432309711314444288 payload=[{'instId': 'THETA-USDT-SWAP', 'algoId': '3432309711314444288', 'newSlTriggerPx': '0.1505', 'newSlOrdPx': '-1', 'newSlTriggerPxType': 'mark'}]
2026-03-29 17:15:46,270 | INFO | root | okx_gateway:place_exchange_stop:410 | Placing exchange stop THETA-USDT-SWAP short payload={'instId': 'THETA-USDT-SWAP', 'tdMode': 'isolated', 'side': 'buy', 'posSide': 'net', 'ordType': 'conditional', 'reduceOnly': 'true', 'closeFraction': '1', 'algoClOrdId': 'SLUSDTSWAP793746270', 'slTriggerPx': '0.1505', 'slTriggerPxType': 'mark', 'slOrdPx': '-1'}
2026-03-29 17:15:50,279 | INFO | root | okx_gateway:amend_exchange_stop:433 | Amending exchange stop LTC-USDT-SWAP algo=3432313554202877952 payload=[{'instId': 'LTC-USDT-SWAP', 'algoId': '3432313554202877952', 'newSlTriggerPx': '53.77', 'newSlOrdPx': '-1', 'newSlTriggerPxType': 'mark'}]
2026-03-29 17:15:55,749 | INFO | root | okx_gateway:place_exchange_stop:410 | Placing exchange stop LTC-USDT-SWAP short payload={'instId': 'LTC-USDT-SWAP', 'tdMode': 'isolated', 'side': 'buy', 'posSide': 'net', 'ordType': 'conditional', 'reduceOnly': 'true', 'closeFraction': '1', 'algoClOrdId': 'SLUSDTSWAP793755749', 'slTriggerPx': '53.77', 'slTriggerPxType': 'mark', 'slOrdPx': '-1'}
2026-03-29 17:19:35,100 | WARNING | root | market_data_cache:_run:142 | Market-data worker temporary fetch failure for SAND-USDT-SWAP: [WinError 10035] Операция на незаблокированном сокете не может быть завершена немедленно
2026-03-29 17:21:22,823 | INFO | root | okx_gateway:amend_exchange_stop:433 | Amending exchange stop THETA-USDT-SWAP algo=3432327990158385152 payload=[{'instId': 'THETA-USDT-SWAP', 'algoId': '3432327990158385152', 'newSlTriggerPx': '0.1504', 'newSlOrdPx': '-1', 'newSlTriggerPxType': 'mark'}]
2026-03-29 17:21:28,362 | INFO | root | okx_gateway:place_exchange_stop:410 | Placing exchange stop THETA-USDT-SWAP short payload={'instId': 'THETA-USDT-SWAP', 'tdMode': 'isolated', 'side': 'buy', 'posSide': 'net', 'ordType': 'conditional', 'reduceOnly': 'true', 'closeFraction': '1', 'algoClOrdId': 'SLUSDTSWAP794088362', 'slTriggerPx': '0.1504', 'slTriggerPxType': 'mark', 'slOrdPx': '-1'}
2026-03-29 17:21:37,452 | INFO | root | okx_gateway:amend_exchange_stop:433 | Amending exchange stop LTC-USDT-SWAP algo=3432328308220846080 payload=[{'instId': 'LTC-USDT-SWAP', 'algoId': '3432328308220846080', 'newSlTriggerPx': '53.76', 'newSlOrdPx': '-1', 'newSlTriggerPxType': 'mark'}]
2026-03-29 17:21:42,934 | INFO | root | okx_gateway:place_exchange_stop:410 | Placing exchange stop LTC-USDT-SWAP short payload={'instId': 'LTC-USDT-SWAP', 'tdMode': 'isolated', 'side': 'buy', 'posSide': 'net', 'ordType': 'conditional', 'reduceOnly': 'true', 'closeFraction': '1', 'algoClOrdId': 'SLUSDTSWAP794102934', 'slTriggerPx': '53.76', 'slTriggerPxType': 'mark', 'slOrdPx': '-1'}
2026-03-29 17:21:52,033 | INFO | root | okx_gateway:amend_exchange_stop:433 | Amending exchange stop ATOM-USDT-SWAP algo=3432317282670698496 payload=[{'instId': 'ATOM-USDT-SWAP', 'algoId': '3432317282670698496', 'newSlTriggerPx': '1.644', 'newSlOrdPx': '-1', 'newSlTriggerPxType': 'mark'}]
2026-03-29 17:21:57,498 | INFO | root | okx_gateway:place_exchange_stop:410 | Placing exchange stop ATOM-USDT-SWAP short payload={'instId': 'ATOM-USDT-SWAP', 'tdMode': 'isolated', 'side': 'buy', 'posSide': 'net', 'ordType': 'conditional', 'reduceOnly': 'true', 'closeFraction': '1', 'algoClOrdId': 'SLUSDTSWAP794117498', 'slTriggerPx': '1.644', 'slTriggerPxType': 'mark', 'slOrdPx': '-1'}
2026-03-29 17:22:01,389 | INFO | root | okx_gateway:amend_exchange_stop:433 | Amending exchange stop MET-USDT-SWAP algo=3432321898653245440 payload=[{'instId': 'MET-USDT-SWAP', 'algoId': '3432321898653245440', 'newSlTriggerPx': '0.1356', 'newSlOrdPx': '-1', 'newSlTriggerPxType': 'mark'}]
2026-03-29 17:22:06,904 | INFO | root | okx_gateway:place_exchange_stop:410 | Placing exchange stop MET-USDT-SWAP short payload={'instId': 'MET-USDT-SWAP', 'tdMode': 'isolated', 'side': 'buy', 'posSide': 'net', 'ordType': 'conditional', 'reduceOnly': 'true', 'closeFraction': '1', 'algoClOrdId': 'SLUSDTSWAP794126904', 'slTriggerPx': '0.1356', 'slTriggerPxType': 'mark', 'slOrdPx': '-1'}
2026-03-29 17:24:39,268 | INFO | root | okx_gateway:amend_exchange_stop:433 | Amending exchange stop LTC-USDT-SWAP algo=3432339957380112384 payload=[{'instId': 'LTC-USDT-SWAP', 'algoId': '3432339957380112384', 'newSlTriggerPx': '53.74', 'newSlOrdPx': '-1', 'newSlTriggerPxType': 'mark'}]
2026-03-29 17:24:44,739 | INFO | root | okx_gateway:place_exchange_stop:410 | Placing exchange stop LTC-USDT-SWAP short payload={'instId': 'LTC-USDT-SWAP', 'tdMode': 'isolated', 'side': 'buy', 'posSide': 'net', 'ordType': 'conditional', 'reduceOnly': 'true', 'closeFraction': '1', 'algoClOrdId': 'SLUSDTSWAP794284739', 'slTriggerPx': '53.74', 'slTriggerPxType': 'mark', 'slOrdPx': '-1'}
2026-03-29 17:25:00,666 | INFO | root | okx_gateway:amend_exchange_stop:433 | Amending exchange stop MET-USDT-SWAP algo=3432340761814065152 payload=[{'instId': 'MET-USDT-SWAP', 'algoId': '3432340761814065152', 'newSlTriggerPx': '0.1355', 'newSlOrdPx': '-1', 'newSlTriggerPxType': 'mark'}]
2026-03-29 17:25:06,301 | INFO | root | okx_gateway:place_exchange_stop:410 | Placing exchange stop MET-USDT-SWAP short payload={'instId': 'MET-USDT-SWAP', 'tdMode': 'isolated', 'side': 'buy', 'posSide': 'net', 'ordType': 'conditional', 'reduceOnly': 'true', 'closeFraction': '1', 'algoClOrdId': 'SLUSDTSWAP794306301', 'slTriggerPx': '0.1355', 'slTriggerPxType': 'mark', 'slOrdPx': '-1'}
2026-03-29 17:25:15,163 | INFO | root | okx_gateway:amend_exchange_stop:433 | Amending exchange stop MAGIC-USDT-SWAP algo=3432327604114644992 payload=[{'instId': 'MAGIC-USDT-SWAP', 'algoId': '3432327604114644992', 'newSlTriggerPx': '0.0561', 'newSlOrdPx': '-1', 'newSlTriggerPxType': 'mark'}]
2026-03-29 17:25:20,657 | INFO | root | okx_gateway:place_exchange_stop:410 | Placing exchange stop MAGIC-USDT-SWAP short payload={'instId': 'MAGIC-USDT-SWAP', 'tdMode': 'isolated', 'side': 'buy', 'posSide': 'net', 'ordType': 'conditional', 'reduceOnly': 'true', 'closeFraction': '1', 'algoClOrdId': 'SLUSDTSWAP794320657', 'slTriggerPx': '0.0561', 'slTriggerPxType': 'mark', 'slOrdPx': '-1'}
2026-03-29 17:25:22,392 | INFO | root | okx_gateway:place_market_order:639 | Placing order MAGIC-USDT-SWAP sell qty=49265.0 attached_stop=False attached_stop_px=
2026-03-29 17:27:59,215 | INFO | root | okx_gateway:amend_exchange_stop:433 | Amending exchange stop LTC-USDT-SWAP algo=3432346058045612032 payload=[{'instId': 'LTC-USDT-SWAP', 'algoId': '3432346058045612032', 'newSlTriggerPx': '53.68', 'newSlOrdPx': '-1', 'newSlTriggerPxType': 'mark'}]
2026-03-29 17:28:04,955 | INFO | root | okx_gateway:place_exchange_stop:410 | Placing exchange stop LTC-USDT-SWAP short payload={'instId': 'LTC-USDT-SWAP', 'tdMode': 'isolated', 'side': 'buy', 'posSide': 'net', 'ordType': 'conditional', 'reduceOnly': 'true', 'closeFraction': '1', 'algoClOrdId': 'SLUSDTSWAP794484955', 'slTriggerPx': '53.68', 'slTriggerPxType': 'mark', 'slOrdPx': '-1'}
2026-03-29 17:28:09,494 | INFO | root | okx_gateway:amend_exchange_stop:433 | Amending exchange stop ATOM-USDT-SWAP algo=3432340446201077760 payload=[{'instId': 'ATOM-USDT-SWAP', 'algoId': '3432340446201077760', 'newSlTriggerPx': '1.642', 'newSlOrdPx': '-1', 'newSlTriggerPxType': 'mark'}]
2026-03-29 17:28:15,205 | INFO | root | okx_gateway:place_exchange_stop:410 | Placing exchange stop ATOM-USDT-SWAP short payload={'instId': 'ATOM-USDT-SWAP', 'tdMode': 'isolated', 'side': 'buy', 'posSide': 'net', 'ordType': 'conditional', 'reduceOnly': 'true', 'closeFraction': '1', 'algoClOrdId': 'SLUSDTSWAP794495205', 'slTriggerPx': '1.642', 'slTriggerPxType': 'mark', 'slOrdPx': '-1'}
2026-03-29 17:28:22,869 | INFO | root | okx_gateway:amend_exchange_stop:433 | Amending exchange stop ATOM-USDT-SWAP algo=3432353119609380864 payload=[{'instId': 'ATOM-USDT-SWAP', 'algoId': '3432353119609380864', 'newSlTriggerPx': '1.644', 'newSlOrdPx': '-1', 'newSlTriggerPxType': 'mark'}]
2026-03-29 17:28:28,613 | INFO | root | okx_gateway:place_exchange_stop:410 | Placing exchange stop ATOM-USDT-SWAP short payload={'instId': 'ATOM-USDT-SWAP', 'tdMode': 'isolated', 'side': 'buy', 'posSide': 'net', 'ordType': 'conditional', 'reduceOnly': 'true', 'closeFraction': '1', 'algoClOrdId': 'SLUSDTSWAP794508613', 'slTriggerPx': '1.644', 'slTriggerPxType': 'mark', 'slOrdPx': '-1'}
2026-03-29 17:29:29,830 | WARNING | root | market_data_cache:_run:142 | Market-data worker temporary fetch failure for QTUM-USDT-SWAP: [WinError 10035] Операция на незаблокированном сокете не может быть завершена немедленно
2026-03-29 17:30:49,275 | INFO | root | okx_gateway:amend_exchange_stop:433 | Amending exchange stop ATOM-USDT-SWAP algo=3432353569775640576 payload=[{'instId': 'ATOM-USDT-SWAP', 'algoId': '3432353569775640576', 'newSlTriggerPx': '1.642', 'newSlOrdPx': '-1', 'newSlTriggerPxType': 'mark'}]
2026-03-29 17:30:54,829 | INFO | root | okx_gateway:place_exchange_stop:410 | Placing exchange stop ATOM-USDT-SWAP short payload={'instId': 'ATOM-USDT-SWAP', 'tdMode': 'isolated', 'side': 'buy', 'posSide': 'net', 'ordType': 'conditional', 'reduceOnly': 'true', 'closeFraction': '1', 'algoClOrdId': 'SLUSDTSWAP794654829', 'slTriggerPx': '1.642', 'slTriggerPxType': 'mark', 'slOrdPx': '-1'}
2026-03-29 17:31:09,649 | INFO | root | okx_gateway:amend_exchange_stop:433 | Amending exchange stop MAGIC-USDT-SWAP algo=3432347263522136064 payload=[{'instId': 'MAGIC-USDT-SWAP', 'algoId': '3432347263522136064', 'newSlTriggerPx': '0.05604', 'newSlOrdPx': '-1', 'newSlTriggerPxType': 'mark'}]
2026-03-29 17:31:15,355 | INFO | root | okx_gateway:place_exchange_stop:410 | Placing exchange stop MAGIC-USDT-SWAP short payload={'instId': 'MAGIC-USDT-SWAP', 'tdMode': 'isolated', 'side': 'buy', 'posSide': 'net', 'ordType': 'conditional', 'reduceOnly': 'true', 'closeFraction': '1', 'algoClOrdId': 'SLUSDTSWAP794675355', 'slTriggerPx': '0.05604', 'slTriggerPxType': 'mark', 'slOrdPx': '-1'}
2026-03-29 17:31:17,104 | INFO | root | okx_gateway:place_market_order:639 | Placing order MAGIC-USDT-SWAP sell qty=49265.0 attached_stop=False attached_stop_px=
2026-03-29 17:33:07,621 | INFO | root | okx_gateway:ensure_instrument_leverage:121 | Applied leverage 5 to COMP-USDT-SWAP (isolated)
2026-03-29 17:33:07,876 | INFO | root | okx_gateway:place_market_order:639 | Placing order COMP-USDT-SWAP sell qty=1505.1 attached_stop=True attached_stop_px=18.2
2026-03-29 17:33:20,951 | INFO | root | okx_gateway:amend_exchange_stop:433 | Amending exchange stop ATOM-USDT-SWAP algo=3432358475299381248 payload=[{'instId': 'ATOM-USDT-SWAP', 'algoId': '3432358475299381248', 'newSlTriggerPx': '1.641', 'newSlOrdPx': '-1', 'newSlTriggerPxType': 'mark'}]
2026-03-29 17:33:26,459 | INFO | root | okx_gateway:place_exchange_stop:410 | Placing exchange stop ATOM-USDT-SWAP short payload={'instId': 'ATOM-USDT-SWAP', 'tdMode': 'isolated', 'side': 'buy', 'posSide': 'net', 'ordType': 'conditional', 'reduceOnly': 'true', 'closeFraction': '1', 'algoClOrdId': 'SLUSDTSWAP794806459', 'slTriggerPx': '1.641', 'slTriggerPxType': 'mark', 'slOrdPx': '-1'}
2026-03-29 17:33:35,147 | INFO | root | okx_gateway:amend_exchange_stop:433 | Amending exchange stop MET-USDT-SWAP algo=3432346781110067200 payload=[{'instId': 'MET-USDT-SWAP', 'algoId': '3432346781110067200', 'newSlTriggerPx': '0.1356', 'newSlOrdPx': '-1', 'newSlTriggerPxType': 'mark'}]
2026-03-29 17:33:40,549 | INFO | root | okx_gateway:place_exchange_stop:410 | Placing exchange stop MET-USDT-SWAP short payload={'instId': 'MET-USDT-SWAP', 'tdMode': 'isolated', 'side': 'buy', 'posSide': 'net', 'ordType': 'conditional', 'reduceOnly': 'true', 'closeFraction': '1', 'algoClOrdId': 'SLUSDTSWAP794820549', 'slTriggerPx': '0.1356', 'slTriggerPxType': 'mark', 'slOrdPx': '-1'}
2026-03-29 17:34:42,414 | WARNING | root | market_data_cache:_run:142 | Market-data worker temporary fetch failure for JUP-USDT-SWAP: [WinError 10035] Операция на незаблокированном сокете не может быть завершена немедленно
2026-03-29 17:35:55,404 | WARNING | root | market_data_cache:_run:142 | Market-data worker temporary fetch failure for CRO-USDT-SWAP: [WinError 10035] Операция на незаблокированном сокете не может быть завершена немедленно
2026-03-29 17:35:56,598 | INFO | root | okx_gateway:ensure_instrument_leverage:121 | Applied leverage 5 to LQTY-USDT-SWAP (isolated)
2026-03-29 17:35:56,961 | INFO | root | okx_gateway:place_market_order:639 | Placing order LQTY-USDT-SWAP buy qty=10198.1 attached_stop=True attached_stop_px=0.2663
2026-03-29 17:36:02,328 | INFO | root | okx_gateway:amend_exchange_stop:433 | Amending exchange stop THETA-USDT-SWAP algo=3432339468659810304 payload=[{'instId': 'THETA-USDT-SWAP', 'algoId': '3432339468659810304', 'newSlTriggerPx': '0.1505', 'newSlOrdPx': '-1', 'newSlTriggerPxType': 'mark'}]
2026-03-29 17:36:04,744 | INFO | root | okx_gateway:place_exchange_stop:410 | Placing exchange stop THETA-USDT-SWAP short payload={'instId': 'THETA-USDT-SWAP', 'tdMode': 'isolated', 'side': 'buy', 'posSide': 'net', 'ordType': 'conditional', 'reduceOnly': 'true', 'closeFraction': '1', 'algoClOrdId': 'SLUSDTSWAP794964744', 'slTriggerPx': '0.1505', 'slTriggerPxType': 'mark', 'slOrdPx': '-1'}
2026-03-29 17:36:10,654 | INFO | root | okx_gateway:amend_exchange_stop:433 | Amending exchange stop LTC-USDT-SWAP algo=3432352775743561728 payload=[{'instId': 'LTC-USDT-SWAP', 'algoId': '3432352775743561728', 'newSlTriggerPx': '53.69', 'newSlOrdPx': '-1', 'newSlTriggerPxType': 'mark'}]
2026-03-29 17:36:13,087 | INFO | root | okx_gateway:place_exchange_stop:410 | Placing exchange stop LTC-USDT-SWAP short payload={'instId': 'LTC-USDT-SWAP', 'tdMode': 'isolated', 'side': 'buy', 'posSide': 'net', 'ordType': 'conditional', 'reduceOnly': 'true', 'closeFraction': '1', 'algoClOrdId': 'SLUSDTSWAP794973087', 'slTriggerPx': '53.69', 'slTriggerPxType': 'mark', 'slOrdPx': '-1'}
2026-03-29 17:36:16,275 | INFO | root | okx_gateway:amend_exchange_stop:433 | Amending exchange stop ATOM-USDT-SWAP algo=3432363563023687680 payload=[{'instId': 'ATOM-USDT-SWAP', 'algoId': '3432363563023687680', 'newSlTriggerPx': '1.64', 'newSlOrdPx': '-1', 'newSlTriggerPxType': 'mark'}]
2026-03-29 17:36:18,669 | INFO | root | okx_gateway:place_exchange_stop:410 | Placing exchange stop ATOM-USDT-SWAP short payload={'instId': 'ATOM-USDT-SWAP', 'tdMode': 'isolated', 'side': 'buy', 'posSide': 'net', 'ordType': 'conditional', 'reduceOnly': 'true', 'closeFraction': '1', 'algoClOrdId': 'SLUSDTSWAP794978669', 'slTriggerPx': '1.64', 'slTriggerPxType': 'mark', 'slOrdPx': '-1'}
2026-03-29 17:36:24,968 | INFO | root | okx_gateway:amend_exchange_stop:433 | Amending exchange stop MET-USDT-SWAP algo=3432364036174733312 payload=[{'instId': 'MET-USDT-SWAP', 'algoId': '3432364036174733312', 'newSlTriggerPx': '0.1357', 'newSlOrdPx': '-1', 'newSlTriggerPxType': 'mark'}]
2026-03-29 17:36:27,396 | INFO | root | okx_gateway:place_exchange_stop:410 | Placing exchange stop MET-USDT-SWAP short payload={'instId': 'MET-USDT-SWAP', 'tdMode': 'isolated', 'side': 'buy', 'posSide': 'net', 'ordType': 'conditional', 'reduceOnly': 'true', 'closeFraction': '1', 'algoClOrdId': 'SLUSDTSWAP794987396', 'slTriggerPx': '0.1357', 'slTriggerPxType': 'mark', 'slOrdPx': '-1'}
2026-03-29 17:36:33,192 | INFO | root | okx_gateway:place_exchange_stop:410 | Placing exchange stop MAGIC-USDT-SWAP short payload={'instId': 'MAGIC-USDT-SWAP', 'tdMode': 'isolated', 'side': 'buy', 'posSide': 'net', 'ordType': 'conditional', 'reduceOnly': 'true', 'closeFraction': '1', 'algoClOrdId': 'SLUSDTSWAP794993192', 'slTriggerPx': '0.05611', 'slTriggerPxType': 'mark', 'slOrdPx': '-1'}
2026-03-29 17:36:34,799 | INFO | root | okx_gateway:close_position:466 | Closing position MAGIC-USDT-SWAP. Синхронизация: позиция отсутствует на бирже
2026-03-29 17:37:46,080 | WARNING | root | market_data_cache:_run:142 | Market-data worker temporary fetch failure for LPT-USDT-SWAP: [WinError 10035] Операция на незаблокированном сокете не может быть завершена немедленно
2026-03-29 17:38:10,712 | WARNING | root | market_data_cache:_run:142 | Market-data worker temporary fetch failure for THETA-USDT-SWAP: [WinError 10035] Операция на незаблокированном сокете не может быть завершена немедленно
2026-03-29 17:38:46,782 | INFO | root | okx_gateway:ensure_instrument_leverage:121 | Applied leverage 5 to CHZ-USDT-SWAP (isolated)
2026-03-29 17:38:47,080 | INFO | root | okx_gateway:place_market_order:639 | Placing order CHZ-USDT-SWAP buy qty=6898.0 attached_stop=True attached_stop_px=0.03853
2026-03-29 17:38:51,926 | INFO | root | okx_gateway:amend_exchange_stop:433 | Amending exchange stop THETA-USDT-SWAP algo=3432368872274354176 payload=[{'instId': 'THETA-USDT-SWAP', 'algoId': '3432368872274354176', 'newSlTriggerPx': '0.1504', 'newSlOrdPx': '-1', 'newSlTriggerPxType': 'mark'}]
2026-03-29 17:38:57,365 | INFO | root | okx_gateway:place_exchange_stop:410 | Placing exchange stop THETA-USDT-SWAP short payload={'instId': 'THETA-USDT-SWAP', 'tdMode': 'isolated', 'side': 'buy', 'posSide': 'net', 'ordType': 'conditional', 'reduceOnly': 'true', 'closeFraction': '1', 'algoClOrdId': 'SLUSDTSWAP795137365', 'slTriggerPx': '0.1504', 'slTriggerPxType': 'mark', 'slOrdPx': '-1'}
2026-03-29 17:39:05,906 | INFO | root | okx_gateway:amend_exchange_stop:433 | Amending exchange stop LTC-USDT-SWAP algo=3432369152118317056 payload=[{'instId': 'LTC-USDT-SWAP', 'algoId': '3432369152118317056', 'newSlTriggerPx': '53.67', 'newSlOrdPx': '-1', 'newSlTriggerPxType': 'mark'}]
2026-03-29 17:39:11,276 | INFO | root | okx_gateway:place_exchange_stop:410 | Placing exchange stop LTC-USDT-SWAP short payload={'instId': 'LTC-USDT-SWAP', 'tdMode': 'isolated', 'side': 'buy', 'posSide': 'net', 'ordType': 'conditional', 'reduceOnly': 'true', 'closeFraction': '1', 'algoClOrdId': 'SLUSDTSWAP795151276', 'slTriggerPx': '53.67', 'slTriggerPxType': 'mark', 'slOrdPx': '-1'}
2026-03-29 17:39:22,102 | INFO | root | okx_gateway:amend_exchange_stop:433 | Amending exchange stop MET-USDT-SWAP algo=3432369632248684544 payload=[{'instId': 'MET-USDT-SWAP', 'algoId': '3432369632248684544', 'newSlTriggerPx': '0.1355', 'newSlOrdPx': '-1', 'newSlTriggerPxType': 'mark'}]
2026-03-29 17:39:27,713 | INFO | root | okx_gateway:place_exchange_stop:410 | Placing exchange stop MET-USDT-SWAP short payload={'instId': 'MET-USDT-SWAP', 'tdMode': 'isolated', 'side': 'buy', 'posSide': 'net', 'ordType': 'conditional', 'reduceOnly': 'true', 'closeFraction': '1', 'algoClOrdId': 'SLUSDTSWAP795167712', 'slTriggerPx': '0.1355', 'slTriggerPxType': 'mark', 'slOrdPx': '-1'}
2026-03-29 17:41:27,054 | INFO | root | okx_gateway:ensure_instrument_leverage:121 | Applied leverage 5 to AUCTION-USDT-SWAP (isolated)
2026-03-29 17:41:27,316 | INFO | root | okx_gateway:place_market_order:639 | Placing order AUCTION-USDT-SWAP buy qty=6190.6 attached_stop=True attached_stop_px=4.361
2026-03-29 17:41:53,648 | INFO | root | okx_gateway:amend_exchange_stop:433 | Amending exchange stop COMP-USDT-SWAP algo=3432362943474655232 payload=[{'instId': 'COMP-USDT-SWAP', 'algoId': '3432362943474655232', 'newSlTriggerPx': '18', 'newSlOrdPx': '-1', 'newSlTriggerPxType': 'mark'}]
2026-03-29 17:41:59,078 | INFO | root | okx_gateway:place_exchange_stop:410 | Placing exchange stop COMP-USDT-SWAP short payload={'instId': 'COMP-USDT-SWAP', 'tdMode': 'isolated', 'side': 'buy', 'posSide': 'net', 'ordType': 'conditional', 'reduceOnly': 'true', 'closeFraction': '1', 'algoClOrdId': 'SLUSDTSWAP795319078', 'slTriggerPx': '18', 'slTriggerPxType': 'mark', 'slOrdPx': '-1'}
2026-03-29 17:42:44,286 | WARNING | root | market_data_cache:_run:142 | Market-data worker temporary fetch failure for BOME-USDT-SWAP: [WinError 10035] Операция на незаблокированном сокете не может быть завершена немедленно
2026-03-29 17:44:03,305 | INFO | root | okx_gateway:amend_exchange_stop:433 | Amending exchange stop THETA-USDT-SWAP algo=3432374666017464320 payload=[{'instId': 'THETA-USDT-SWAP', 'algoId': '3432374666017464320', 'newSlTriggerPx': '0.1503', 'newSlOrdPx': '-1', 'newSlTriggerPxType': 'mark'}]
2026-03-29 17:44:08,832 | INFO | root | okx_gateway:place_exchange_stop:410 | Placing exchange stop THETA-USDT-SWAP short payload={'instId': 'THETA-USDT-SWAP', 'tdMode': 'isolated', 'side': 'buy', 'posSide': 'net', 'ordType': 'conditional', 'reduceOnly': 'true', 'closeFraction': '1', 'algoClOrdId': 'SLUSDTSWAP795448832', 'slTriggerPx': '0.1503', 'slTriggerPxType': 'mark', 'slOrdPx': '-1'}
2026-03-29 17:46:11,376 | WARNING | root | market_data_cache:_run:142 | Market-data worker temporary fetch failure for BAND-USDT-SWAP: The read operation timed out
2026-03-29 17:46:31,404 | WARNING | root | market_data_cache:_run:142 | Market-data worker temporary fetch failure for BCH-USDT-SWAP: timed out
2026-03-29 17:46:35,959 | WARNING | root | okx_ws_manager:_on_private_error:424 | Private WS error: ping/pong timed out
2026-03-29 17:46:37,571 | WARNING | root | okx_ws_manager:_on_public_error:420 | Public WS error: Connection timed out
2026-03-29 17:46:51,432 | WARNING | root | market_data_cache:_run:142 | Market-data worker temporary fetch failure for BIO-USDT-SWAP: timed out
2026-03-29 17:46:51,673 | WARNING | root | okx_ws_manager:_on_private_error:424 | Private WS error: [Errno 11001] getaddrinfo failed
2026-03-29 17:46:51,673 | WARNING | root | okx_ws_manager:_on_public_error:420 | Public WS error: [Errno 11001] getaddrinfo failed
2026-03-29 17:47:05,773 | WARNING | root | okx_ws_manager:_on_private_error:424 | Private WS error: [Errno 11001] getaddrinfo failed
2026-03-29 17:47:05,773 | WARNING | root | okx_ws_manager:_on_public_error:420 | Public WS error: [Errno 11001] getaddrinfo failed
2026-03-29 17:47:19,872 | WARNING | root | okx_ws_manager:_on_private_error:424 | Private WS error: [Errno 11001] getaddrinfo failed
2026-03-29 17:47:19,872 | WARNING | root | okx_ws_manager:_on_public_error:420 | Public WS error: [Errno 11001] getaddrinfo failed
2026-03-29 17:47:33,971 | WARNING | root | okx_ws_manager:_on_private_error:424 | Private WS error: [Errno 11001] getaddrinfo failed
2026-03-29 17:47:33,971 | WARNING | root | okx_ws_manager:_on_public_error:420 | Public WS error: [Errno 11001] getaddrinfo failed
2026-03-29 17:47:48,980 | WARNING | root | okx_ws_manager:_on_private_error:424 | Private WS error: [Errno 11001] getaddrinfo failed
2026-03-29 17:47:48,980 | WARNING | root | okx_ws_manager:_on_public_error:420 | Public WS error: [Errno 11001] getaddrinfo failed
2026-03-29 17:48:03,986 | WARNING | root | okx_ws_manager:_on_private_error:424 | Private WS error: [Errno 11001] getaddrinfo failed
2026-03-29 17:48:03,986 | WARNING | root | okx_ws_manager:_on_public_error:420 | Public WS error: [Errno 11001] getaddrinfo failed
2026-03-29 17:48:18,991 | WARNING | root | okx_ws_manager:_on_public_error:420 | Public WS error: [Errno 11001] getaddrinfo failed
2026-03-29 17:48:18,991 | WARNING | root | okx_ws_manager:_on_private_error:424 | Private WS error: [Errno 11001] getaddrinfo failed
2026-03-29 17:48:47,060 | INFO | root | okx_gateway:amend_exchange_stop:433 | Amending exchange stop LTC-USDT-SWAP algo=3432375132860276736 payload=[{'instId': 'LTC-USDT-SWAP', 'algoId': '3432375132860276736', 'newSlTriggerPx': '53.66', 'newSlOrdPx': '-1', 'newSlTriggerPxType': 'mark'}]
2026-03-29 17:48:52,209 | INFO | root | okx_gateway:place_exchange_stop:410 | Placing exchange stop LTC-USDT-SWAP short payload={'instId': 'LTC-USDT-SWAP', 'tdMode': 'isolated', 'side': 'buy', 'posSide': 'net', 'ordType': 'conditional', 'reduceOnly': 'true', 'closeFraction': '1', 'algoClOrdId': 'SLUSDTSWAP795732209', 'slTriggerPx': '53.66', 'slTriggerPxType': 'mark', 'slOrdPx': '-1'}
2026-03-29 17:49:07,129 | INFO | root | okx_gateway:place_exchange_stop:410 | Placing exchange stop COMP-USDT-SWAP short payload={'instId': 'COMP-USDT-SWAP', 'tdMode': 'isolated', 'side': 'buy', 'posSide': 'net', 'ordType': 'conditional', 'reduceOnly': 'true', 'closeFraction': '1', 'algoClOrdId': 'SLUSDTSWAP795747129', 'slTriggerPx': '18.02', 'slTriggerPxType': 'mark', 'slOrdPx': '-1'}
2026-03-29 17:49:08,736 | INFO | root | okx_gateway:close_position:466 | Closing position COMP-USDT-SWAP. Синхронизация: позиция отсутствует на бирже
2026-03-29 17:49:12,600 | INFO | root | okx_gateway:amend_exchange_stop:433 | Amending exchange stop LQTY-USDT-SWAP algo=3432368619441709056 payload=[{'instId': 'LQTY-USDT-SWAP', 'algoId': '3432368619441709056', 'newSlTriggerPx': '0.268', 'newSlOrdPx': '-1', 'newSlTriggerPxType': 'mark'}]
2026-03-29 17:49:15,589 | INFO | root | okx_gateway:place_exchange_stop:410 | Placing exchange stop LQTY-USDT-SWAP long payload={'instId': 'LQTY-USDT-SWAP', 'tdMode': 'isolated', 'side': 'sell', 'posSide': 'net', 'ordType': 'conditional', 'reduceOnly': 'true', 'closeFraction': '1', 'algoClOrdId': 'SLUSDTSWAP795755589', 'slTriggerPx': '0.268', 'slTriggerPxType': 'mark', 'slOrdPx': '-1'}
2026-03-29 17:51:40,900 | INFO | root | okx_gateway:ensure_instrument_leverage:121 | Applied leverage 5 to SYRUP-USDT-SWAP (isolated)
2026-03-29 17:51:41,271 | INFO | root | okx_gateway:place_market_order:639 | Placing order SYRUP-USDT-SWAP sell qty=1353.0 attached_stop=True attached_stop_px=0.2038
2026-03-29 17:51:47,106 | INFO | root | okx_gateway:amend_exchange_stop:433 | Amending exchange stop LTC-USDT-SWAP algo=3432394623556083712 payload=[{'instId': 'LTC-USDT-SWAP', 'algoId': '3432394623556083712', 'newSlTriggerPx': '53.63', 'newSlOrdPx': '-1', 'newSlTriggerPxType': 'mark'}]
2026-03-29 17:51:52,979 | INFO | root | okx_gateway:place_exchange_stop:410 | Placing exchange stop LTC-USDT-SWAP short payload={'instId': 'LTC-USDT-SWAP', 'tdMode': 'isolated', 'side': 'buy', 'posSide': 'net', 'ordType': 'conditional', 'reduceOnly': 'true', 'closeFraction': '1', 'algoClOrdId': 'SLUSDTSWAP795912979', 'slTriggerPx': '53.63', 'slTriggerPxType': 'mark', 'slOrdPx': '-1'}
2026-03-29 17:52:17,161 | INFO | root | okx_gateway:amend_exchange_stop:433 | Amending exchange stop AUCTION-USDT-SWAP algo=3432379702101499904 payload=[{'instId': 'AUCTION-USDT-SWAP', 'algoId': '3432379702101499904', 'newSlTriggerPx': '4.383', 'newSlOrdPx': '-1', 'newSlTriggerPxType': 'mark'}]
2026-03-29 17:52:22,807 | INFO | root | okx_gateway:place_exchange_stop:410 | Placing exchange stop AUCTION-USDT-SWAP long payload={'instId': 'AUCTION-USDT-SWAP', 'tdMode': 'isolated', 'side': 'sell', 'posSide': 'net', 'ordType': 'conditional', 'reduceOnly': 'true', 'closeFraction': '1', 'algoClOrdId': 'SLUSDTSWAP795942807', 'slTriggerPx': '4.383', 'slTriggerPxType': 'mark', 'slOrdPx': '-1'}
2026-03-29 17:55:10,190 | INFO | root | okx_gateway:amend_exchange_stop:433 | Amending exchange stop LQTY-USDT-SWAP algo=3432395407857377280 payload=[{'instId': 'LQTY-USDT-SWAP', 'algoId': '3432395407857377280', 'newSlTriggerPx': '0.2681', 'newSlOrdPx': '-1', 'newSlTriggerPxType': 'mark'}]
2026-03-29 17:55:13,221 | INFO | root | okx_gateway:place_exchange_stop:410 | Placing exchange stop LQTY-USDT-SWAP long payload={'instId': 'LQTY-USDT-SWAP', 'tdMode': 'isolated', 'side': 'sell', 'posSide': 'net', 'ordType': 'conditional', 'reduceOnly': 'true', 'closeFraction': '1', 'algoClOrdId': 'SLUSDTSWAP796113221', 'slTriggerPx': '0.2681', 'slTriggerPxType': 'mark', 'slOrdPx': '-1'}
2026-03-29 17:55:17,965 | INFO | root | okx_gateway:amend_exchange_stop:433 | Amending exchange stop LQTY-USDT-SWAP algo=3432407448630419456 payload=[{'instId': 'LQTY-USDT-SWAP', 'algoId': '3432407448630419456', 'newSlTriggerPx': '0.268', 'newSlOrdPx': '-1', 'newSlTriggerPxType': 'mark'}]
2026-03-29 17:55:20,588 | INFO | root | okx_gateway:place_exchange_stop:410 | Placing exchange stop LQTY-USDT-SWAP long payload={'instId': 'LQTY-USDT-SWAP', 'tdMode': 'isolated', 'side': 'sell', 'posSide': 'net', 'ordType': 'conditional', 'reduceOnly': 'true', 'closeFraction': '1', 'algoClOrdId': 'SLUSDTSWAP796120588', 'slTriggerPx': '0.268', 'slTriggerPxType': 'mark', 'slOrdPx': '-1'}
2026-03-29 17:58:05,245 | INFO | root | okx_gateway:place_exchange_stop:410 | Placing exchange stop LTC-USDT-SWAP short payload={'instId': 'LTC-USDT-SWAP', 'tdMode': 'isolated', 'side': 'buy', 'posSide': 'net', 'ordType': 'conditional', 'reduceOnly': 'true', 'closeFraction': '1', 'algoClOrdId': 'SLUSDTSWAP796285245', 'slTriggerPx': '53.69', 'slTriggerPxType': 'mark', 'slOrdPx': '-1'}
2026-03-29 17:58:06,980 | INFO | root | okx_gateway:close_position:466 | Closing position LTC-USDT-SWAP. Синхронизация: позиция отсутствует на бирже
2026-03-29 17:58:11,255 | INFO | root | okx_gateway:amend_exchange_stop:433 | Amending exchange stop ATOM-USDT-SWAP algo=3432369339654037504 payload=[{'instId': 'ATOM-USDT-SWAP', 'algoId': '3432369339654037504', 'newSlTriggerPx': '1.641', 'newSlOrdPx': '-1', 'newSlTriggerPxType': 'mark'}]
2026-03-29 17:58:17,018 | INFO | root | okx_gateway:place_exchange_stop:410 | Placing exchange stop ATOM-USDT-SWAP short payload={'instId': 'ATOM-USDT-SWAP', 'tdMode': 'isolated', 'side': 'buy', 'posSide': 'net', 'ordType': 'conditional', 'reduceOnly': 'true', 'closeFraction': '1', 'algoClOrdId': 'SLUSDTSWAP796297018', 'slTriggerPx': '1.641', 'slTriggerPxType': 'mark', 'slOrdPx': '-1'}
2026-03-29 18:01:12,969 | INFO | root | okx_gateway:place_exchange_stop:410 | Placing exchange stop ATOM-USDT-SWAP short payload={'instId': 'ATOM-USDT-SWAP', 'tdMode': 'isolated', 'side': 'buy', 'posSide': 'net', 'ordType': 'conditional', 'reduceOnly': 'true', 'closeFraction': '1', 'algoClOrdId': 'SLUSDTSWAP796472969', 'slTriggerPx': '1.644', 'slTriggerPxType': 'mark', 'slOrdPx': '-1'}
2026-03-29 18:01:14,719 | INFO | root | okx_gateway:close_position:466 | Closing position ATOM-USDT-SWAP. Синхронизация: позиция отсутствует на бирже
2026-03-29 18:01:26,075 | INFO | root | okx_gateway:amend_exchange_stop:433 | Amending exchange stop LQTY-USDT-SWAP algo=3432407695926583296 payload=[{'instId': 'LQTY-USDT-SWAP', 'algoId': '3432407695926583296', 'newSlTriggerPx': '0.2679', 'newSlOrdPx': '-1', 'newSlTriggerPxType': 'mark'}]
2026-03-29 18:01:31,780 | INFO | root | okx_gateway:place_exchange_stop:410 | Placing exchange stop LQTY-USDT-SWAP long payload={'instId': 'LQTY-USDT-SWAP', 'tdMode': 'isolated', 'side': 'sell', 'posSide': 'net', 'ordType': 'conditional', 'reduceOnly': 'true', 'closeFraction': '1', 'algoClOrdId': 'SLUSDTSWAP796491780', 'slTriggerPx': '0.2678', 'slTriggerPxType': 'mark', 'slOrdPx': '-1'}
2026-03-29 18:01:49,854 | INFO | root | okx_gateway:place_exchange_stop:410 | Placing exchange stop LQTY-USDT-SWAP long payload={'instId': 'LQTY-USDT-SWAP', 'tdMode': 'isolated', 'side': 'sell', 'posSide': 'net', 'ordType': 'conditional', 'reduceOnly': 'true', 'closeFraction': '1', 'algoClOrdId': 'SLUSDTSWAP796509854', 'slTriggerPx': '0.2675', 'slTriggerPxType': 'mark', 'slOrdPx': '-1'}
2026-03-29 18:01:51,599 | INFO | root | okx_gateway:close_position:466 | Closing position LQTY-USDT-SWAP. Синхронизация: позиция отсутствует на бирже
2026-03-29 18:06:53,970 | INFO | root | okx_gateway:place_market_order:639 | Placing order THETA-USDT-SWAP buy qty=1873.0 attached_stop=True attached_stop_px=0.1492
2026-03-29 18:16:40,133 | WARNING | root | market_data_cache:_run:142 | Market-data worker temporary fetch failure for AAVE-USDT-SWAP: [WinError 10035] Операция на незаблокированном сокете не может быть завершена немедленно
2026-03-29 18:17:27,631 | INFO | root | okx_gateway:amend_exchange_stop:433 | Amending exchange stop THETA-USDT-SWAP algo=3432430965052760064 payload=[{'instId': 'THETA-USDT-SWAP', 'algoId': '3432430965052760064', 'newSlTriggerPx': '0.1498', 'newSlOrdPx': '-1', 'newSlTriggerPxType': 'mark'}]
2026-03-29 18:17:30,120 | INFO | root | okx_gateway:place_exchange_stop:410 | Placing exchange stop THETA-USDT-SWAP long payload={'instId': 'THETA-USDT-SWAP', 'tdMode': 'isolated', 'side': 'sell', 'posSide': 'net', 'ordType': 'conditional', 'reduceOnly': 'true', 'closeFraction': '1', 'algoClOrdId': 'SLUSDTSWAP797450120', 'slTriggerPx': '0.1498', 'slTriggerPxType': 'mark', 'slOrdPx': '-1'}
2026-03-29 18:19:27,483 | WARNING | root | market_data_cache:_run:142 | Market-data worker temporary fetch failure for THETA-USDT-SWAP: [WinError 10035] Операция на незаблокированном сокете не может быть завершена немедленно
2026-03-29 18:20:11,252 | WARNING | root | okx_ws_manager:_on_public_error:420 | Public WS error: ping/pong timed out
2026-03-29 18:20:21,291 | INFO | root | okx_gateway:place_exchange_stop:410 | Placing exchange stop THETA-USDT-SWAP long payload={'instId': 'THETA-USDT-SWAP', 'tdMode': 'isolated', 'side': 'sell', 'posSide': 'net', 'ordType': 'conditional', 'reduceOnly': 'true', 'closeFraction': '1', 'algoClOrdId': 'SLUSDTSWAP797621291', 'slTriggerPx': '0.1496', 'slTriggerPxType': 'mark', 'slOrdPx': '-1'}
2026-03-29 18:20:23,023 | INFO | root | okx_gateway:close_position:466 | Closing position THETA-USDT-SWAP. Синхронизация: позиция отсутствует на бирже
2026-03-29 18:21:04,739 | WARNING | root | market_data_cache:_run:142 | Market-data worker temporary fetch failure for BAND-USDT-SWAP: [WinError 10035] Операция на незаблокированном сокете не может быть завершена немедленно
2026-03-29 18:25:37,527 | INFO | root | okx_gateway:ensure_instrument_leverage:121 | Applied leverage 5 to YB-USDT-SWAP (isolated)
2026-03-29 18:25:37,898 | INFO | root | okx_gateway:place_market_order:639 | Placing order YB-USDT-SWAP sell qty=2802.0 attached_stop=True attached_stop_px=0.1059
2026-03-29 18:30:54,069 | INFO | root | okx_gateway:ensure_instrument_leverage:121 | Applied leverage 5 to SOL-USDT-SWAP (isolated)
2026-03-29 18:30:54,610 | INFO | root | okx_gateway:place_market_order:639 | Placing order SOL-USDT-SWAP sell qty=34.55 attached_stop=True attached_stop_px=82.86
2026-03-29 18:30:55,923 | INFO | root | okx_gateway:ensure_instrument_leverage:121 | Applied leverage 5 to XTZ-USDT-SWAP (isolated)
2026-03-29 18:30:56,295 | INFO | root | okx_gateway:place_market_order:639 | Placing order XTZ-USDT-SWAP sell qty=8200.0 attached_stop=True attached_stop_px=0.3438
2026-03-29 18:31:58,380 | WARNING | root | market_data_cache:_run:142 | Market-data worker temporary fetch failure for ROBO-USDT-SWAP: [WinError 10035] Операция на незаблокированном сокете не может быть завершена немедленно
2026-03-29 18:33:47,004 | INFO | root | okx_gateway:ensure_instrument_leverage:121 | Applied leverage 5 to LINK-USDT-SWAP (isolated)
2026-03-29 18:33:47,375 | INFO | root | okx_gateway:place_market_order:639 | Placing order LINK-USDT-SWAP sell qty=330.16 attached_stop=True attached_stop_px=8.531
2026-03-29 18:33:49,481 | INFO | root | okx_gateway:place_market_order:639 | Placing order LTC-USDT-SWAP sell qty=51.5 attached_stop=True attached_stop_px=53.98
2026-03-29 18:33:51,086 | INFO | root | okx_gateway:ensure_instrument_leverage:121 | Applied leverage 5 to NEAR-USDT-SWAP (isolated)
2026-03-29 18:33:51,440 | INFO | root | okx_gateway:place_market_order:639 | Placing order NEAR-USDT-SWAP sell qty=236.7 attached_stop=True attached_stop_px=1.1637
2026-03-29 18:33:53,118 | INFO | root | okx_gateway:place_market_order:639 | Placing order LQTY-USDT-SWAP buy qty=10102.9 attached_stop=True attached_stop_px=0.2663
2026-03-29 18:34:07,518 | INFO | root | okx_gateway:place_market_order:639 | Placing order NEAR-USDT-SWAP sell qty=236.7 attached_stop=False attached_stop_px=
2026-03-29 18:36:55,763 | INFO | root | okx_gateway:place_market_order:639 | Placing order XTZ-USDT-SWAP sell qty=8200.0 attached_stop=False attached_stop_px=
2026-03-29 18:37:10,782 | INFO | root | okx_gateway:place_exchange_stop:410 | Placing exchange stop NEAR-USDT-SWAP short payload={'instId': 'NEAR-USDT-SWAP', 'tdMode': 'isolated', 'side': 'buy', 'posSide': 'net', 'ordType': 'conditional', 'reduceOnly': 'true', 'closeFraction': '1', 'algoClOrdId': 'SLUSDTSWAP798630781', 'slTriggerPx': '1.1637', 'slTriggerPxType': 'mark', 'slOrdPx': '-1'}
2026-03-29 18:39:47,266 | INFO | root | okx_gateway:amend_exchange_stop:433 | Amending exchange stop MET-USDT-SWAP algo=3432375684360921088 payload=[{'instId': 'MET-USDT-SWAP', 'algoId': '3432375684360921088', 'newSlTriggerPx': '0.1352', 'newSlOrdPx': '-1', 'newSlTriggerPxType': 'mark'}]
2026-03-29 18:39:52,798 | INFO | root | okx_gateway:place_exchange_stop:410 | Placing exchange stop MET-USDT-SWAP short payload={'instId': 'MET-USDT-SWAP', 'tdMode': 'isolated', 'side': 'buy', 'posSide': 'net', 'ordType': 'conditional', 'reduceOnly': 'true', 'closeFraction': '1', 'algoClOrdId': 'SLUSDTSWAP798792798', 'slTriggerPx': '0.1352', 'slTriggerPxType': 'mark', 'slOrdPx': '-1'}
2026-03-29 18:40:09,422 | INFO | root | okx_gateway:place_exchange_stop:410 | Placing exchange stop XTZ-USDT-SWAP short payload={'instId': 'XTZ-USDT-SWAP', 'tdMode': 'isolated', 'side': 'buy', 'posSide': 'net', 'ordType': 'conditional', 'reduceOnly': 'true', 'closeFraction': '1', 'algoClOrdId': 'SLUSDTSWAP798809422', 'slTriggerPx': '0.3416', 'slTriggerPxType': 'mark', 'slOrdPx': '-1'}
2026-03-29 18:40:19,673 | INFO | root | okx_gateway:amend_exchange_stop:433 | Amending exchange stop XTZ-USDT-SWAP algo=3432497917351780352 payload=[{'instId': 'XTZ-USDT-SWAP', 'algoId': '3432497917351780352', 'newSlTriggerPx': '0.3418', 'newSlOrdPx': '-1', 'newSlTriggerPxType': 'mark'}]
2026-03-29 18:40:25,235 | INFO | root | okx_gateway:place_exchange_stop:410 | Placing exchange stop XTZ-USDT-SWAP short payload={'instId': 'XTZ-USDT-SWAP', 'tdMode': 'isolated', 'side': 'buy', 'posSide': 'net', 'ordType': 'conditional', 'reduceOnly': 'true', 'closeFraction': '1', 'algoClOrdId': 'SLUSDTSWAP798825235', 'slTriggerPx': '0.3418', 'slTriggerPxType': 'mark', 'slOrdPx': '-1'}
2026-03-29 18:40:28,920 | INFO | root | okx_gateway:amend_exchange_stop:433 | Amending exchange stop LINK-USDT-SWAP algo=3432485100397617152 payload=[{'instId': 'LINK-USDT-SWAP', 'algoId': '3432485100397617152', 'newSlTriggerPx': '8.431', 'newSlOrdPx': '-1', 'newSlTriggerPxType': 'mark'}]
2026-03-29 18:40:34,526 | INFO | root | okx_gateway:place_exchange_stop:410 | Placing exchange stop LINK-USDT-SWAP short payload={'instId': 'LINK-USDT-SWAP', 'tdMode': 'isolated', 'side': 'buy', 'posSide': 'net', 'ordType': 'conditional', 'reduceOnly': 'true', 'closeFraction': '1', 'algoClOrdId': 'SLUSDTSWAP798834526', 'slTriggerPx': '8.431', 'slTriggerPxType': 'mark', 'slOrdPx': '-1'}
2026-03-29 18:40:37,860 | INFO | root | okx_gateway:amend_exchange_stop:433 | Amending exchange stop LTC-USDT-SWAP algo=3432485168915767296 payload=[{'instId': 'LTC-USDT-SWAP', 'algoId': '3432485168915767296', 'newSlTriggerPx': '53.55', 'newSlOrdPx': '-1', 'newSlTriggerPxType': 'mark'}]
2026-03-29 18:40:43,737 | INFO | root | okx_gateway:place_exchange_stop:410 | Placing exchange stop LTC-USDT-SWAP short payload={'instId': 'LTC-USDT-SWAP', 'tdMode': 'isolated', 'side': 'buy', 'posSide': 'net', 'ordType': 'conditional', 'reduceOnly': 'true', 'closeFraction': '1', 'algoClOrdId': 'SLUSDTSWAP798843737', 'slTriggerPx': '53.55', 'slTriggerPxType': 'mark', 'slOrdPx': '-1'}
2026-03-29 18:40:47,013 | INFO | root | okx_gateway:amend_exchange_stop:433 | Amending exchange stop NEAR-USDT-SWAP algo=3432491923322265600 payload=[{'instId': 'NEAR-USDT-SWAP', 'algoId': '3432491923322265600', 'newSlTriggerPx': '1.1586', 'newSlOrdPx': '-1', 'newSlTriggerPxType': 'mark'}]
2026-03-29 18:40:52,557 | INFO | root | okx_gateway:place_exchange_stop:410 | Placing exchange stop NEAR-USDT-SWAP short payload={'instId': 'NEAR-USDT-SWAP', 'tdMode': 'isolated', 'side': 'buy', 'posSide': 'net', 'ordType': 'conditional', 'reduceOnly': 'true', 'closeFraction': '1', 'algoClOrdId': 'SLUSDTSWAP798852557', 'slTriggerPx': '1.1586', 'slTriggerPxType': 'mark', 'slOrdPx': '-1'}
2026-03-29 18:40:54,312 | INFO | root | okx_gateway:place_market_order:639 | Placing order NEAR-USDT-SWAP sell qty=236.7 attached_stop=False attached_stop_px=
2026-03-29 18:40:58,763 | INFO | root | okx_gateway:amend_exchange_stop:433 | Amending exchange stop LQTY-USDT-SWAP algo=3432485290751909888 payload=[{'instId': 'LQTY-USDT-SWAP', 'algoId': '3432485290751909888', 'newSlTriggerPx': '0.2678', 'newSlOrdPx': '-1', 'newSlTriggerPxType': 'mark'}]
2026-03-29 18:41:04,418 | INFO | root | okx_gateway:place_exchange_stop:410 | Placing exchange stop LQTY-USDT-SWAP long payload={'instId': 'LQTY-USDT-SWAP', 'tdMode': 'isolated', 'side': 'sell', 'posSide': 'net', 'ordType': 'conditional', 'reduceOnly': 'true', 'closeFraction': '1', 'algoClOrdId': 'SLUSDTSWAP798864418', 'slTriggerPx': '0.2678', 'slTriggerPxType': 'mark', 'slOrdPx': '-1'}
2026-03-29 18:41:18,361 | WARNING | root | market_data_cache:_run:142 | Market-data worker temporary fetch failure for HOME-USDT-SWAP: [WinError 10035] Операция на незаблокированном сокете не может быть завершена немедленно
2026-03-29 18:43:41,306 | WARNING | root | market_data_cache:_run:142 | Market-data worker temporary fetch failure for BCH-USDT-SWAP: [WinError 10035] Операция на незаблокированном сокете не может быть завершена немедленно
2026-03-29 18:43:52,798 | INFO | root | okx_gateway:amend_exchange_stop:433 | Amending exchange stop MET-USDT-SWAP algo=3432497359308021760 payload=[{'instId': 'MET-USDT-SWAP', 'algoId': '3432497359308021760', 'newSlTriggerPx': '0.135', 'newSlOrdPx': '-1', 'newSlTriggerPxType': 'mark'}]
2026-03-29 18:43:58,808 | INFO | root | okx_gateway:place_exchange_stop:410 | Placing exchange stop MET-USDT-SWAP short payload={'instId': 'MET-USDT-SWAP', 'tdMode': 'isolated', 'side': 'buy', 'posSide': 'net', 'ordType': 'conditional', 'reduceOnly': 'true', 'closeFraction': '1', 'algoClOrdId': 'SLUSDTSWAP799038808', 'slTriggerPx': '0.135', 'slTriggerPxType': 'mark', 'slOrdPx': '-1'}
2026-03-29 18:44:00,558 | INFO | root | okx_gateway:place_market_order:639 | Placing order MET-USDT-SWAP sell qty=2059.0 attached_stop=False attached_stop_px=
2026-03-29 18:44:04,073 | INFO | root | okx_gateway:amend_exchange_stop:433 | Amending exchange stop SOL-USDT-SWAP algo=3432479303735271424 payload=[{'instId': 'SOL-USDT-SWAP', 'algoId': '3432479303735271424', 'newSlTriggerPx': '81.86', 'newSlOrdPx': '-1', 'newSlTriggerPxType': 'mark'}]
2026-03-29 18:44:09,678 | INFO | root | okx_gateway:place_exchange_stop:410 | Placing exchange stop SOL-USDT-SWAP short payload={'instId': 'SOL-USDT-SWAP', 'tdMode': 'isolated', 'side': 'buy', 'posSide': 'net', 'ordType': 'conditional', 'reduceOnly': 'true', 'closeFraction': '1', 'algoClOrdId': 'SLUSDTSWAP799049678', 'slTriggerPx': '81.86', 'slTriggerPxType': 'mark', 'slOrdPx': '-1'}
2026-03-29 18:44:26,809 | INFO | root | okx_gateway:amend_exchange_stop:433 | Amending exchange stop LQTY-USDT-SWAP algo=3432499762543550464 payload=[{'instId': 'LQTY-USDT-SWAP', 'algoId': '3432499762543550464', 'newSlTriggerPx': '0.2684', 'newSlOrdPx': '-1', 'newSlTriggerPxType': 'mark'}]
2026-03-29 18:44:32,612 | INFO | root | okx_gateway:place_exchange_stop:410 | Placing exchange stop LQTY-USDT-SWAP long payload={'instId': 'LQTY-USDT-SWAP', 'tdMode': 'isolated', 'side': 'sell', 'posSide': 'net', 'ordType': 'conditional', 'reduceOnly': 'true', 'closeFraction': '1', 'algoClOrdId': 'SLUSDTSWAP799072612', 'slTriggerPx': '0.2684', 'slTriggerPxType': 'mark', 'slOrdPx': '-1'}
2026-03-29 18:47:26,855 | INFO | root | okx_gateway:amend_exchange_stop:433 | Amending exchange stop MET-USDT-SWAP algo=3432505614537154560 payload=[{'instId': 'MET-USDT-SWAP', 'algoId': '3432505614537154560', 'newSlTriggerPx': '0.1347', 'newSlOrdPx': '-1', 'newSlTriggerPxType': 'mark'}]
2026-03-29 18:47:32,615 | INFO | root | okx_gateway:place_exchange_stop:410 | Placing exchange stop MET-USDT-SWAP short payload={'instId': 'MET-USDT-SWAP', 'tdMode': 'isolated', 'side': 'buy', 'posSide': 'net', 'ordType': 'conditional', 'reduceOnly': 'true', 'closeFraction': '1', 'algoClOrdId': 'SLUSDTSWAP799252615', 'slTriggerPx': '0.1347', 'slTriggerPxType': 'mark', 'slOrdPx': '-1'}
2026-03-29 18:47:34,366 | INFO | root | okx_gateway:place_market_order:639 | Placing order MET-USDT-SWAP sell qty=2059.0 attached_stop=False attached_stop_px=
2026-03-29 18:47:47,990 | INFO | root | okx_gateway:amend_exchange_stop:433 | Amending exchange stop LTC-USDT-SWAP algo=3432499068637896704 payload=[{'instId': 'LTC-USDT-SWAP', 'algoId': '3432499068637896704', 'newSlTriggerPx': '53.54', 'newSlOrdPx': '-1', 'newSlTriggerPxType': 'mark'}]
2026-03-29 18:47:54,490 | INFO | root | okx_gateway:place_exchange_stop:410 | Placing exchange stop LTC-USDT-SWAP short payload={'instId': 'LTC-USDT-SWAP', 'tdMode': 'isolated', 'side': 'buy', 'posSide': 'net', 'ordType': 'conditional', 'reduceOnly': 'true', 'closeFraction': '1', 'algoClOrdId': 'SLUSDTSWAP799274490', 'slTriggerPx': '53.54', 'slTriggerPxType': 'mark', 'slOrdPx': '-1'}
2026-03-29 18:47:57,822 | INFO | root | okx_gateway:place_market_order:639 | Placing order NEAR-USDT-SWAP sell qty=236.7 attached_stop=False attached_stop_px=
2026-03-29 18:48:40,932 | WARNING | root | market_data_cache:_run:142 | Market-data worker temporary fetch failure for LPT-USDT-SWAP: [WinError 10035] Операция на незаблокированном сокете не может быть завершена немедленно
2026-03-29 18:49:54,563 | WARNING | root | market_data_cache:_run:142 | Market-data worker temporary fetch failure for COMP-USDT-SWAP: [WinError 10035] Операция на незаблокированном сокете не может быть завершена немедленно
2026-03-29 18:50:34,840 | INFO | root | okx_gateway:amend_exchange_stop:433 | Amending exchange stop MET-USDT-SWAP algo=3432512788575379456 payload=[{'instId': 'MET-USDT-SWAP', 'algoId': '3432512788575379456', 'newSlTriggerPx': '0.1346', 'newSlOrdPx': '-1', 'newSlTriggerPxType': 'mark'}]
2026-03-29 18:50:37,449 | INFO | root | okx_gateway:place_exchange_stop:410 | Placing exchange stop MET-USDT-SWAP short payload={'instId': 'MET-USDT-SWAP', 'tdMode': 'isolated', 'side': 'buy', 'posSide': 'net', 'ordType': 'conditional', 'reduceOnly': 'true', 'closeFraction': '1', 'algoClOrdId': 'SLUSDTSWAP799437449', 'slTriggerPx': '0.1346', 'slTriggerPxType': 'mark', 'slOrdPx': '-1'}
2026-03-29 18:50:38,743 | INFO | root | okx_gateway:place_market_order:639 | Placing order MET-USDT-SWAP sell qty=2059.0 attached_stop=False attached_stop_px=
2026-03-29 18:50:47,616 | INFO | root | okx_gateway:amend_exchange_stop:433 | Amending exchange stop NEAR-USDT-SWAP algo=3432499364688650240 payload=[{'instId': 'NEAR-USDT-SWAP', 'algoId': '3432499364688650240', 'newSlTriggerPx': '1.1583', 'newSlOrdPx': '-1', 'newSlTriggerPxType': 'mark'}]
2026-03-29 18:50:50,699 | INFO | root | okx_gateway:place_exchange_stop:410 | Placing exchange stop NEAR-USDT-SWAP short payload={'instId': 'NEAR-USDT-SWAP', 'tdMode': 'isolated', 'side': 'buy', 'posSide': 'net', 'ordType': 'conditional', 'reduceOnly': 'true', 'closeFraction': '1', 'algoClOrdId': 'SLUSDTSWAP799450699', 'slTriggerPx': '1.1583', 'slTriggerPxType': 'mark', 'slOrdPx': '-1'}
2026-03-29 18:56:23,751 | INFO | root | okx_gateway:amend_exchange_stop:433 | Amending exchange stop MET-USDT-SWAP algo=3432518988159344640 payload=[{'instId': 'MET-USDT-SWAP', 'algoId': '3432518988159344640', 'newSlTriggerPx': '0.1344', 'newSlOrdPx': '-1', 'newSlTriggerPxType': 'mark'}]
2026-03-29 18:56:29,926 | INFO | root | okx_gateway:place_exchange_stop:410 | Placing exchange stop MET-USDT-SWAP short payload={'instId': 'MET-USDT-SWAP', 'tdMode': 'isolated', 'side': 'buy', 'posSide': 'net', 'ordType': 'conditional', 'reduceOnly': 'true', 'closeFraction': '1', 'algoClOrdId': 'SLUSDTSWAP799789926', 'slTriggerPx': '0.1344', 'slTriggerPxType': 'mark', 'slOrdPx': '-1'}
2026-03-29 18:56:34,298 | INFO | root | okx_gateway:amend_exchange_stop:433 | Amending exchange stop SOL-USDT-SWAP algo=3432505978837622784 payload=[{'instId': 'SOL-USDT-SWAP', 'algoId': '3432505978837622784', 'newSlTriggerPx': '81.83', 'newSlOrdPx': '-1', 'newSlTriggerPxType': 'mark'}]
2026-03-29 18:56:40,119 | INFO | root | okx_gateway:place_exchange_stop:410 | Placing exchange stop SOL-USDT-SWAP short payload={'instId': 'SOL-USDT-SWAP', 'tdMode': 'isolated', 'side': 'buy', 'posSide': 'net', 'ordType': 'conditional', 'reduceOnly': 'true', 'closeFraction': '1', 'algoClOrdId': 'SLUSDTSWAP799800118', 'slTriggerPx': '81.83', 'slTriggerPxType': 'mark', 'slOrdPx': '-1'}
2026-03-29 18:56:49,055 | INFO | root | okx_gateway:place_exchange_stop:410 | Placing exchange stop XTZ-USDT-SWAP short payload={'instId': 'XTZ-USDT-SWAP', 'tdMode': 'isolated', 'side': 'buy', 'posSide': 'net', 'ordType': 'conditional', 'reduceOnly': 'true', 'closeFraction': '1', 'algoClOrdId': 'SLUSDTSWAP799809055', 'slTriggerPx': '0.3426', 'slTriggerPxType': 'mark', 'slOrdPx': '-1'}
2026-03-29 18:56:50,795 | INFO | root | okx_gateway:close_position:466 | Closing position XTZ-USDT-SWAP. Синхронизация: позиция отсутствует на бирже
2026-03-29 18:56:54,484 | INFO | root | okx_gateway:amend_exchange_stop:433 | Amending exchange stop LINK-USDT-SWAP algo=3432498759937122304 payload=[{'instId': 'LINK-USDT-SWAP', 'algoId': '3432498759937122304', 'newSlTriggerPx': '8.43', 'newSlOrdPx': '-1', 'newSlTriggerPxType': 'mark'}]
2026-03-29 18:57:00,552 | INFO | root | okx_gateway:place_exchange_stop:410 | Placing exchange stop LINK-USDT-SWAP short payload={'instId': 'LINK-USDT-SWAP', 'tdMode': 'isolated', 'side': 'buy', 'posSide': 'net', 'ordType': 'conditional', 'reduceOnly': 'true', 'closeFraction': '1', 'algoClOrdId': 'SLUSDTSWAP799820552', 'slTriggerPx': '8.43', 'slTriggerPxType': 'mark', 'slOrdPx': '-1'}
2026-03-29 18:57:04,271 | INFO | root | okx_gateway:amend_exchange_stop:433 | Amending exchange stop LTC-USDT-SWAP algo=3432513522008154112 payload=[{'instId': 'LTC-USDT-SWAP', 'algoId': '3432513522008154112', 'newSlTriggerPx': '53.53', 'newSlOrdPx': '-1', 'newSlTriggerPxType': 'mark'}]
2026-03-29 18:57:10,121 | INFO | root | okx_gateway:place_exchange_stop:410 | Placing exchange stop LTC-USDT-SWAP short payload={'instId': 'LTC-USDT-SWAP', 'tdMode': 'isolated', 'side': 'buy', 'posSide': 'net', 'ordType': 'conditional', 'reduceOnly': 'true', 'closeFraction': '1', 'algoClOrdId': 'SLUSDTSWAP799830121', 'slTriggerPx': '53.53', 'slTriggerPxType': 'mark', 'slOrdPx': '-1'}
2026-03-29 18:57:20,052 | INFO | root | okx_gateway:place_exchange_stop:410 | Placing exchange stop NEAR-USDT-SWAP short payload={'instId': 'NEAR-USDT-SWAP', 'tdMode': 'isolated', 'side': 'buy', 'posSide': 'net', 'ordType': 'conditional', 'reduceOnly': 'true', 'closeFraction': '1', 'algoClOrdId': 'SLUSDTSWAP799840052', 'slTriggerPx': '1.1589', 'slTriggerPxType': 'mark', 'slOrdPx': '-1'}
2026-03-29 18:57:21,795 | INFO | root | okx_gateway:close_position:466 | Closing position NEAR-USDT-SWAP. Синхронизация: позиция отсутствует на бирже
2026-03-29 18:57:31,551 | INFO | root | okx_gateway:amend_exchange_stop:433 | Amending exchange stop LQTY-USDT-SWAP algo=3432506748140085248 payload=[{'instId': 'LQTY-USDT-SWAP', 'algoId': '3432506748140085248', 'newSlTriggerPx': '0.2686', 'newSlOrdPx': '-1', 'newSlTriggerPxType': 'mark'}]
2026-03-29 18:57:37,991 | INFO | root | okx_gateway:place_exchange_stop:410 | Placing exchange stop LQTY-USDT-SWAP long payload={'instId': 'LQTY-USDT-SWAP', 'tdMode': 'isolated', 'side': 'sell', 'posSide': 'net', 'ordType': 'conditional', 'reduceOnly': 'true', 'closeFraction': '1', 'algoClOrdId': 'SLUSDTSWAP799857991', 'slTriggerPx': '0.2686', 'slTriggerPxType': 'mark', 'slOrdPx': '-1'}
2026-03-29 18:57:39,743 | INFO | root | okx_gateway:place_market_order:639 | Placing order LQTY-USDT-SWAP buy qty=10102.9 attached_stop=False attached_stop_px=
2026-03-29 19:00:17,046 | INFO | root | okx_gateway:place_exchange_stop:410 | Placing exchange stop MET-USDT-SWAP short payload={'instId': 'MET-USDT-SWAP', 'tdMode': 'isolated', 'side': 'buy', 'posSide': 'net', 'ordType': 'conditional', 'reduceOnly': 'true', 'closeFraction': '1', 'algoClOrdId': 'SLUSDTSWAP800017046', 'slTriggerPx': '0.135', 'slTriggerPxType': 'mark', 'slOrdPx': '-1'}
2026-03-29 19:00:18,666 | INFO | root | okx_gateway:close_position:466 | Closing position MET-USDT-SWAP. Синхронизация: позиция отсутствует на бирже
2026-03-29 19:00:23,256 | INFO | root | okx_gateway:amend_exchange_stop:433 | Amending exchange stop LINK-USDT-SWAP algo=3432531844506411008 payload=[{'instId': 'LINK-USDT-SWAP', 'algoId': '3432531844506411008', 'newSlTriggerPx': '8.427', 'newSlOrdPx': '-1', 'newSlTriggerPxType': 'mark'}]
2026-03-29 19:00:25,929 | INFO | root | okx_gateway:place_exchange_stop:410 | Placing exchange stop LINK-USDT-SWAP short payload={'instId': 'LINK-USDT-SWAP', 'tdMode': 'isolated', 'side': 'buy', 'posSide': 'net', 'ordType': 'conditional', 'reduceOnly': 'true', 'closeFraction': '1', 'algoClOrdId': 'SLUSDTSWAP800025929', 'slTriggerPx': '8.427', 'slTriggerPxType': 'mark', 'slOrdPx': '-1'}
2026-03-29 19:01:48,175 | WARNING | root | market_data_cache:_run:142 | Market-data worker temporary fetch failure for IOTA-USDT-SWAP: [WinError 10035] Операция на незаблокированном сокете не может быть завершена немедленно
2026-03-29 19:04:28,624 | WARNING | root | market_data_cache:_run:142 | Market-data worker temporary fetch failure for YGG-USDT-SWAP: [WinError 10035] Операция на незаблокированном сокете не может быть завершена немедленно
2026-03-29 19:07:18,939 | INFO | root | okx_gateway:ensure_instrument_leverage:121 | Applied leverage 5 to ETHFI-USDT-SWAP (isolated)
2026-03-29 19:07:19,613 | INFO | root | okx_gateway:place_market_order:639 | Placing order ETHFI-USDT-SWAP buy qty=5971.0 attached_stop=True attached_stop_px=0.4541
2026-03-29 19:07:29,057 | INFO | root | okx_gateway:amend_exchange_stop:433 | Amending exchange stop LTC-USDT-SWAP algo=3432532165353889792 payload=[{'instId': 'LTC-USDT-SWAP', 'algoId': '3432532165353889792', 'newSlTriggerPx': '53.52', 'newSlOrdPx': '-1', 'newSlTriggerPxType': 'mark'}]
2026-03-29 19:07:34,680 | INFO | root | okx_gateway:place_exchange_stop:410 | Placing exchange stop LTC-USDT-SWAP short payload={'instId': 'LTC-USDT-SWAP', 'tdMode': 'isolated', 'side': 'buy', 'posSide': 'net', 'ordType': 'conditional', 'reduceOnly': 'true', 'closeFraction': '1', 'algoClOrdId': 'SLUSDTSWAP800454680', 'slTriggerPx': '53.52', 'slTriggerPxType': 'mark', 'slOrdPx': '-1'}
2026-03-29 19:07:44,246 | INFO | root | okx_gateway:amend_exchange_stop:433 | Amending exchange stop LQTY-USDT-SWAP algo=3432533100482355200 payload=[{'instId': 'LQTY-USDT-SWAP', 'algoId': '3432533100482355200', 'newSlTriggerPx': '0.2689', 'newSlOrdPx': '-1', 'newSlTriggerPxType': 'mark'}]
2026-03-29 19:07:50,550 | INFO | root | okx_gateway:place_exchange_stop:410 | Placing exchange stop LQTY-USDT-SWAP long payload={'instId': 'LQTY-USDT-SWAP', 'tdMode': 'isolated', 'side': 'sell', 'posSide': 'net', 'ordType': 'conditional', 'reduceOnly': 'true', 'closeFraction': '1', 'algoClOrdId': 'SLUSDTSWAP800470550', 'slTriggerPx': '0.2689', 'slTriggerPxType': 'mark', 'slOrdPx': '-1'}
2026-03-29 19:10:00,940 | WARNING | root | market_data_cache:_run:142 | Market-data worker temporary fetch failure for XRP-USDT-SWAP: [WinError 10035] Операция на незаблокированном сокете не может быть завершена немедленно
2026-03-29 19:10:15,764 | INFO | root | okx_gateway:ensure_instrument_leverage:121 | Applied leverage 5 to IOTA-USDT-SWAP (isolated)
2026-03-29 19:10:16,018 | INFO | root | okx_gateway:place_market_order:639 | Placing order IOTA-USDT-SWAP buy qty=5104.0 attached_stop=True attached_stop_px=0.05371
2026-03-29 19:10:26,419 | INFO | root | okx_gateway:place_exchange_stop:410 | Placing exchange stop SOL-USDT-SWAP short payload={'instId': 'SOL-USDT-SWAP', 'tdMode': 'isolated', 'side': 'buy', 'posSide': 'net', 'ordType': 'conditional', 'reduceOnly': 'true', 'closeFraction': '1', 'algoClOrdId': 'SLUSDTSWAP800626419', 'slTriggerPx': '81.88', 'slTriggerPxType': 'mark', 'slOrdPx': '-1'}
2026-03-29 19:10:28,145 | INFO | root | okx_gateway:close_position:466 | Closing position SOL-USDT-SWAP. Синхронизация: позиция отсутствует на бирже
2026-03-29 19:10:37,541 | INFO | root | okx_gateway:place_exchange_stop:410 | Placing exchange stop LINK-USDT-SWAP short payload={'instId': 'LINK-USDT-SWAP', 'tdMode': 'isolated', 'side': 'buy', 'posSide': 'net', 'ordType': 'conditional', 'reduceOnly': 'true', 'closeFraction': '1', 'algoClOrdId': 'SLUSDTSWAP800637541', 'slTriggerPx': '8.433', 'slTriggerPxType': 'mark', 'slOrdPx': '-1'}
2026-03-29 19:10:39,263 | INFO | root | okx_gateway:close_position:466 | Closing position LINK-USDT-SWAP. Синхронизация: позиция отсутствует на бирже
2026-03-29 19:10:42,694 | INFO | root | okx_gateway:place_market_order:639 | Placing order LTC-USDT-SWAP sell qty=51.5 attached_stop=False attached_stop_px=
2026-03-29 19:10:45,938 | INFO | root | okx_gateway:amend_exchange_stop:433 | Amending exchange stop LQTY-USDT-SWAP algo=3432553653914132480 payload=[{'instId': 'LQTY-USDT-SWAP', 'algoId': '3432553653914132480', 'newSlTriggerPx': '0.2701', 'newSlOrdPx': '-1', 'newSlTriggerPxType': 'mark'}]
2026-03-29 19:10:51,417 | INFO | root | okx_gateway:place_exchange_stop:410 | Placing exchange stop LQTY-USDT-SWAP long payload={'instId': 'LQTY-USDT-SWAP', 'tdMode': 'isolated', 'side': 'sell', 'posSide': 'net', 'ordType': 'conditional', 'reduceOnly': 'true', 'closeFraction': '1', 'algoClOrdId': 'SLUSDTSWAP800651416', 'slTriggerPx': '0.2701', 'slTriggerPxType': 'mark', 'slOrdPx': '-1'}
2026-03-29 19:10:58,887 | INFO | root | okx_gateway:amend_exchange_stop:433 | Amending exchange stop LQTY-USDT-SWAP algo=3432559722602258432 payload=[{'instId': 'LQTY-USDT-SWAP', 'algoId': '3432559722602258432', 'newSlTriggerPx': '0.2702', 'newSlOrdPx': '-1', 'newSlTriggerPxType': 'mark'}]
2026-03-29 19:11:04,395 | INFO | root | okx_gateway:place_exchange_stop:410 | Placing exchange stop LQTY-USDT-SWAP long payload={'instId': 'LQTY-USDT-SWAP', 'tdMode': 'isolated', 'side': 'sell', 'posSide': 'net', 'ordType': 'conditional', 'reduceOnly': 'true', 'closeFraction': '1', 'algoClOrdId': 'SLUSDTSWAP800664395', 'slTriggerPx': '0.2702', 'slTriggerPxType': 'mark', 'slOrdPx': '-1'}
2026-03-29 19:11:06,230 | INFO | root | okx_gateway:place_market_order:639 | Placing order LQTY-USDT-SWAP buy qty=10102.9 attached_stop=False attached_stop_px=
2026-03-29 19:11:09,186 | INFO | root | okx_gateway:place_market_order:639 | Placing order ETHFI-USDT-SWAP buy qty=5971.0 attached_stop=False attached_stop_px=
2026-03-29 19:11:14,665 | INFO | root | okx_gateway:place_exchange_stop:410 | Placing exchange stop ETHFI-USDT-SWAP long payload={'instId': 'ETHFI-USDT-SWAP', 'tdMode': 'isolated', 'side': 'sell', 'posSide': 'net', 'ordType': 'conditional', 'reduceOnly': 'true', 'closeFraction': '1', 'algoClOrdId': 'SLUSDTSWAP800674665', 'slTriggerPx': '0.4541', 'slTriggerPxType': 'mark', 'slOrdPx': '-1'}
2026-03-29 19:13:04,783 | INFO | root | okx_gateway:amend_exchange_stop:433 | Amending exchange stop LTC-USDT-SWAP algo=3432553121573068800 payload=[{'instId': 'LTC-USDT-SWAP', 'algoId': '3432553121573068800', 'newSlTriggerPx': '53.51', 'newSlOrdPx': '-1', 'newSlTriggerPxType': 'mark'}]
2026-03-29 19:13:10,424 | INFO | root | okx_gateway:place_exchange_stop:410 | Placing exchange stop LTC-USDT-SWAP short payload={'instId': 'LTC-USDT-SWAP', 'tdMode': 'isolated', 'side': 'buy', 'posSide': 'net', 'ordType': 'conditional', 'reduceOnly': 'true', 'closeFraction': '1', 'algoClOrdId': 'SLUSDTSWAP800790424', 'slTriggerPx': '53.51', 'slTriggerPxType': 'mark', 'slOrdPx': '-1'}
2026-03-29 19:15:13,979 | INFO | root | okx_gateway:amend_exchange_stop:433 | Amending exchange stop ETHFI-USDT-SWAP algo=3432560503715880960 payload=[{'instId': 'ETHFI-USDT-SWAP', 'algoId': '3432560503715880960', 'newSlTriggerPx': '0.4569', 'newSlOrdPx': '-1', 'newSlTriggerPxType': 'mark'}]
2026-03-29 19:15:19,355 | INFO | root | okx_gateway:place_exchange_stop:410 | Placing exchange stop ETHFI-USDT-SWAP long payload={'instId': 'ETHFI-USDT-SWAP', 'tdMode': 'isolated', 'side': 'sell', 'posSide': 'net', 'ordType': 'conditional', 'reduceOnly': 'true', 'closeFraction': '1', 'algoClOrdId': 'SLUSDTSWAP800919355', 'slTriggerPx': '0.4569', 'slTriggerPxType': 'mark', 'slOrdPx': '-1'}
2026-03-29 19:17:12,683 | INFO | root | okx_gateway:amend_exchange_stop:433 | Amending exchange stop LQTY-USDT-SWAP algo=3432560158574993408 payload=[{'instId': 'LQTY-USDT-SWAP', 'algoId': '3432560158574993408', 'newSlTriggerPx': '0.2709', 'newSlOrdPx': '-1', 'newSlTriggerPxType': 'mark'}]
2026-03-29 19:17:18,188 | INFO | root | okx_gateway:place_exchange_stop:410 | Placing exchange stop LQTY-USDT-SWAP long payload={'instId': 'LQTY-USDT-SWAP', 'tdMode': 'isolated', 'side': 'sell', 'posSide': 'net', 'ordType': 'conditional', 'reduceOnly': 'true', 'closeFraction': '1', 'algoClOrdId': 'SLUSDTSWAP801038188', 'slTriggerPx': '0.2709', 'slTriggerPxType': 'mark', 'slOrdPx': '-1'}
2026-03-29 19:17:19,943 | INFO | root | okx_gateway:place_market_order:639 | Placing order LQTY-USDT-SWAP buy qty=10102.9 attached_stop=False attached_stop_px=
2026-03-29 19:20:51,737 | INFO | root | okx_gateway:place_exchange_stop:410 | Placing exchange stop LTC-USDT-SWAP short payload={'instId': 'LTC-USDT-SWAP', 'tdMode': 'isolated', 'side': 'buy', 'posSide': 'net', 'ordType': 'conditional', 'reduceOnly': 'true', 'closeFraction': '1', 'algoClOrdId': 'SLUSDTSWAP801251737', 'slTriggerPx': '53.62', 'slTriggerPxType': 'mark', 'slOrdPx': '-1'}
2026-03-29 19:20:53,475 | INFO | root | okx_gateway:close_position:466 | Closing position LTC-USDT-SWAP. Синхронизация: позиция отсутствует на бирже
2026-03-29 19:21:02,178 | INFO | root | okx_gateway:amend_exchange_stop:433 | Amending exchange stop LQTY-USDT-SWAP algo=3432572700282150912 payload=[{'instId': 'LQTY-USDT-SWAP', 'algoId': '3432572700282150912', 'newSlTriggerPx': '0.271', 'newSlOrdPx': '-1', 'newSlTriggerPxType': 'mark'}]
2026-03-29 19:21:07,727 | INFO | root | okx_gateway:place_exchange_stop:410 | Placing exchange stop LQTY-USDT-SWAP long payload={'instId': 'LQTY-USDT-SWAP', 'tdMode': 'isolated', 'side': 'sell', 'posSide': 'net', 'ordType': 'conditional', 'reduceOnly': 'true', 'closeFraction': '1', 'algoClOrdId': 'SLUSDTSWAP801267727', 'slTriggerPx': '0.271', 'slTriggerPxType': 'mark', 'slOrdPx': '-1'}
2026-03-29 19:21:11,244 | INFO | root | okx_gateway:amend_exchange_stop:433 | Amending exchange stop ETHFI-USDT-SWAP algo=3432568712707006464 payload=[{'instId': 'ETHFI-USDT-SWAP', 'algoId': '3432568712707006464', 'newSlTriggerPx': '0.4585', 'newSlOrdPx': '-1', 'newSlTriggerPxType': 'mark'}]
2026-03-29 19:21:16,802 | INFO | root | okx_gateway:place_exchange_stop:410 | Placing exchange stop ETHFI-USDT-SWAP long payload={'instId': 'ETHFI-USDT-SWAP', 'tdMode': 'isolated', 'side': 'sell', 'posSide': 'net', 'ordType': 'conditional', 'reduceOnly': 'true', 'closeFraction': '1', 'algoClOrdId': 'SLUSDTSWAP801276802', 'slTriggerPx': '0.4585', 'slTriggerPxType': 'mark', 'slOrdPx': '-1'}
2026-03-29 19:21:18,547 | INFO | root | okx_gateway:place_market_order:639 | Placing order ETHFI-USDT-SWAP buy qty=5971.0 attached_stop=False attached_stop_px=
2026-03-29 19:21:21,727 | INFO | root | okx_gateway:amend_exchange_stop:433 | Amending exchange stop IOTA-USDT-SWAP algo=3432558539003224064 payload=[{'instId': 'IOTA-USDT-SWAP', 'algoId': '3432558539003224064', 'newSlTriggerPx': '0.05381', 'newSlOrdPx': '-1', 'newSlTriggerPxType': 'mark'}]
2026-03-29 19:21:27,420 | INFO | root | okx_gateway:place_exchange_stop:410 | Placing exchange stop IOTA-USDT-SWAP long payload={'instId': 'IOTA-USDT-SWAP', 'tdMode': 'isolated', 'side': 'sell', 'posSide': 'net', 'ordType': 'conditional', 'reduceOnly': 'true', 'closeFraction': '1', 'algoClOrdId': 'SLUSDTSWAP801287420', 'slTriggerPx': '0.05381', 'slTriggerPxType': 'mark', 'slOrdPx': '-1'}
2026-03-29 19:21:33,619 | WARNING | root | market_data_cache:_run:142 | Market-data worker temporary fetch failure for MKR-USDT-SWAP: [WinError 10035] Операция на незаблокированном сокете не может быть завершена немедленно
2026-03-29 19:23:01,586 | INFO | root | okx_gateway:ensure_instrument_leverage:121 | Applied leverage 5 to ASTER-USDT-SWAP (isolated)
2026-03-29 19:23:01,837 | INFO | root | okx_gateway:place_market_order:639 | Placing order ASTER-USDT-SWAP buy qty=4255.0 attached_stop=True attached_stop_px=0.6551
2026-03-29 19:23:03,202 | INFO | root | okx_gateway:place_market_order:639 | Placing order LINK-USDT-SWAP buy qty=332.67 attached_stop=True attached_stop_px=8.395
2026-03-29 19:23:07,940 | INFO | root | okx_gateway:place_exchange_stop:410 | Placing exchange stop LQTY-USDT-SWAP long payload={'instId': 'LQTY-USDT-SWAP', 'tdMode': 'isolated', 'side': 'sell', 'posSide': 'net', 'ordType': 'conditional', 'reduceOnly': 'true', 'closeFraction': '1', 'algoClOrdId': 'SLUSDTSWAP801387940', 'slTriggerPx': '0.2709', 'slTriggerPxType': 'mark', 'slOrdPx': '-1'}
2026-03-29 19:23:09,553 | INFO | root | okx_gateway:close_position:466 | Closing position LQTY-USDT-SWAP. Синхронизация: позиция отсутствует на бирже
2026-03-29 19:23:52,544 | WARNING | root | market_data_cache:_run:142 | Market-data worker temporary fetch failure for IOTA-USDT-SWAP: [WinError 10035] Операция на незаблокированном сокете не может быть завершена немедленно
2026-03-29 19:25:56,983 | WARNING | root | market_data_cache:_run:142 | Market-data worker temporary fetch failure for AAVE-USDT-SWAP: [WinError 10035] Операция на незаблокированном сокете не может быть завершена немедленно
2026-03-29 19:26:13,872 | WARNING | root | market_data_cache:_run:142 | Market-data worker temporary fetch failure for BOME-USDT-SWAP: [WinError 10035] Операция на незаблокированном сокете не может быть завершена немедленно
2026-03-29 19:26:57,317 | INFO | root | okx_gateway:amend_exchange_stop:433 | Amending exchange stop IOTA-USDT-SWAP algo=3432581062650585088 payload=[{'instId': 'IOTA-USDT-SWAP', 'algoId': '3432581062650585088', 'newSlTriggerPx': '0.05384', 'newSlOrdPx': '-1', 'newSlTriggerPxType': 'mark'}]
2026-03-29 19:26:59,627 | INFO | root | okx_gateway:place_exchange_stop:410 | Placing exchange stop IOTA-USDT-SWAP long payload={'instId': 'IOTA-USDT-SWAP', 'tdMode': 'isolated', 'side': 'sell', 'posSide': 'net', 'ordType': 'conditional', 'reduceOnly': 'true', 'closeFraction': '1', 'algoClOrdId': 'SLUSDTSWAP801619627', 'slTriggerPx': '0.05384', 'slTriggerPxType': 'mark', 'slOrdPx': '-1'}
2026-03-29 19:28:20,567 | WARNING | root | market_data_cache:_run:142 | Market-data worker temporary fetch failure for CAT-USDT-SWAP: [WinError 10035] Операция на незаблокированном сокете не может быть завершена немедленно
2026-03-29 19:30:29,448 | INFO | root | okx_gateway:amend_exchange_stop:433 | Amending exchange stop IOTA-USDT-SWAP algo=3432592207453184000 payload=[{'instId': 'IOTA-USDT-SWAP', 'algoId': '3432592207453184000', 'newSlTriggerPx': '0.05385', 'newSlOrdPx': '-1', 'newSlTriggerPxType': 'mark'}]
2026-03-29 19:30:35,023 | INFO | root | okx_gateway:place_exchange_stop:410 | Placing exchange stop IOTA-USDT-SWAP long payload={'instId': 'IOTA-USDT-SWAP', 'tdMode': 'isolated', 'side': 'sell', 'posSide': 'net', 'ordType': 'conditional', 'reduceOnly': 'true', 'closeFraction': '1', 'algoClOrdId': 'SLUSDTSWAP801835023', 'slTriggerPx': '0.05385', 'slTriggerPxType': 'mark', 'slOrdPx': '-1'}
2026-03-29 19:30:38,424 | INFO | root | okx_gateway:amend_exchange_stop:433 | Amending exchange stop LINK-USDT-SWAP algo=3432584276158537728 payload=[{'instId': 'LINK-USDT-SWAP', 'algoId': '3432584276158537728', 'newSlTriggerPx': '8.43', 'newSlOrdPx': '-1', 'newSlTriggerPxType': 'mark'}]
2026-03-29 19:30:43,935 | INFO | root | okx_gateway:place_exchange_stop:410 | Placing exchange stop LINK-USDT-SWAP long payload={'instId': 'LINK-USDT-SWAP', 'tdMode': 'isolated', 'side': 'sell', 'posSide': 'net', 'ordType': 'conditional', 'reduceOnly': 'true', 'closeFraction': '1', 'algoClOrdId': 'SLUSDTSWAP801843935', 'slTriggerPx': '8.43', 'slTriggerPxType': 'mark', 'slOrdPx': '-1'}
2026-03-29 19:31:32,549 | WARNING | root | market_data_cache:_run:142 | Market-data worker temporary fetch failure for FIL-USDT-SWAP: [WinError 10035] Операция на незаблокированном сокете не может быть завершена немедленно
2026-03-29 19:32:11,771 | WARNING | root | market_data_cache:_run:142 | Market-data worker temporary fetch failure for TRX-USDT-SWAP: [WinError 10035] Операция на незаблокированном сокете не может быть завершена немедленно
2026-03-29 19:33:59,429 | WARNING | root | market_data_cache:_run:142 | Market-data worker temporary fetch failure for ADA-USDT-SWAP: [WinError 10035] Операция на незаблокированном сокете не может быть завершена немедленно
2026-03-29 19:34:28,452 | WARNING | root | market_data_cache:_run:142 | Market-data worker temporary fetch failure for KSM-USDT-SWAP: [WinError 10035] Операция на незаблокированном сокете не может быть завершена немедленно
2026-03-29 19:37:09,672 | WARNING | root | market_data_cache:_run:142 | Market-data worker temporary fetch failure for CFX-USDT-SWAP: [WinError 10035] Операция на незаблокированном сокете не может быть завершена немедленно
2026-03-29 19:38:28,874 | INFO | root | okx_gateway:place_exchange_stop:410 | Placing exchange stop LINK-USDT-SWAP long payload={'instId': 'LINK-USDT-SWAP', 'tdMode': 'isolated', 'side': 'sell', 'posSide': 'net', 'ordType': 'conditional', 'reduceOnly': 'true', 'closeFraction': '1', 'algoClOrdId': 'SLUSDTSWAP802308874', 'slTriggerPx': '8.428', 'slTriggerPxType': 'mark', 'slOrdPx': '-1'}
2026-03-29 19:38:30,489 | INFO | root | okx_gateway:close_position:466 | Closing position LINK-USDT-SWAP. Синхронизация: позиция отсутствует на бирже
2026-03-29 19:38:47,116 | WARNING | root | market_data_cache:_run:142 | Market-data worker temporary fetch failure for H-USDT-SWAP: [WinError 10035] Операция на незаблокированном сокете не может быть завершена немедленно
2026-03-29 19:40:32,025 | WARNING | root | market_data_cache:_run:142 | Market-data worker temporary fetch failure for PIGGY-USDT-SWAP: [WinError 10035] Операция на незаблокированном сокете не может быть завершена немедленно
2026-03-29 19:42:01,813 | WARNING | root | market_data_cache:_run:142 | Market-data worker temporary fetch failure for OP-USDT-SWAP: [WinError 10035] Операция на незаблокированном сокете не может быть завершена немедленно
2026-03-29 19:46:06,874 | INFO | root | okx_gateway:place_market_order:639 | Placing order MAGIC-USDT-SWAP sell qty=50951.0 attached_stop=True attached_stop_px=0.05653
2026-03-29 19:49:22,308 | WARNING | root | market_data_cache:_run:142 | Market-data worker temporary fetch failure for ROBO-USDT-SWAP: [WinError 10035] Операция на незаблокированном сокете не может быть завершена немедленно
2026-03-29 19:51:20,113 | INFO | root | okx_gateway:place_market_order:639 | Placing order LIT-USDT-SWAP sell qty=333.0 attached_stop=True attached_stop_px=0.857
2026-03-29 19:51:27,200 | INFO | root | okx_gateway:place_market_order:639 | Placing order MAGIC-USDT-SWAP sell qty=50951.0 attached_stop=False attached_stop_px=
2026-03-29 19:52:46,740 | WARNING | root | market_data_cache:_run:142 | Market-data worker temporary fetch failure for BAND-USDT-SWAP: [WinError 10035] Операция на незаблокированном сокете не может быть завершена немедленно
2026-03-29 19:53:43,887 | INFO | root | okx_gateway:place_exchange_stop:410 | Placing exchange stop MAGIC-USDT-SWAP short payload={'instId': 'MAGIC-USDT-SWAP', 'tdMode': 'isolated', 'side': 'buy', 'posSide': 'net', 'ordType': 'conditional', 'reduceOnly': 'true', 'closeFraction': '1', 'algoClOrdId': 'SLUSDTSWAP803223887', 'slTriggerPx': '0.05653', 'slTriggerPxType': 'mark', 'slOrdPx': '-1'}
2026-03-29 19:55:42,360 | INFO | root | okx_gateway:refresh_instruments:141 | Loaded 109 swap instruments
2026-03-29 19:55:44,391 | INFO | root | okx_gateway:close_position:466 | Closing position LIT-USDT-SWAP. reset_test
2026-03-29 19:55:45,919 | INFO | root | okx_gateway:close_position:466 | Closing position MAGIC-USDT-SWAP. reset_test
2026-03-29 19:57:38,408 | INFO | root | okx_gateway:refresh_instruments:141 | Loaded 108 swap instruments
2026-03-29 20:02:37,542 | INFO | root | okx_gateway:ensure_instrument_leverage:121 | Applied leverage 5 to LRC-USDT-SWAP (isolated)
2026-03-29 20:02:37,976 | INFO | root | okx_gateway:place_market_order:639 | Placing order LRC-USDT-SWAP sell qty=4000.0 attached_stop=True attached_stop_px=0.02321
2026-03-29 20:05:25,328 | INFO | root | okx_gateway:ensure_instrument_leverage:121 | Applied leverage 5 to NEAR-USDT-SWAP (isolated)
2026-03-29 20:05:25,867 | INFO | root | okx_gateway:place_market_order:639 | Placing order NEAR-USDT-SWAP sell qty=245.0 attached_stop=True attached_stop_px=1.212
2026-03-29 20:05:27,087 | INFO | root | okx_gateway:ensure_instrument_leverage:121 | Applied leverage 5 to XLM-USDT-SWAP (isolated)
2026-03-29 20:05:27,466 | INFO | root | okx_gateway:place_market_order:639 | Placing order XLM-USDT-SWAP sell qty=170.15 attached_stop=True attached_stop_px=0.17208
2026-03-29 20:07:00,924 | INFO | root | okx_gateway:refresh_instruments:141 | Loaded 109 swap instruments
2026-03-29 20:07:03,462 | INFO | root | okx_gateway:close_position:466 | Closing position XLM-USDT-SWAP. reset_test
2026-03-29 20:07:05,720 | INFO | root | okx_gateway:close_position:466 | Closing position NEAR-USDT-SWAP. reset_test
2026-03-29 20:07:07,915 | INFO | root | okx_gateway:close_position:466 | Closing position LRC-USDT-SWAP. reset_test
