2026-03-25 19:12:10,950 | INFO | system_events | logger_factory:configure_logging:169 | logging_configured version=v109 logs_dir=D:\GIT\okx-trading-bot\v10x\v109 продолжение\logs
2026-03-25 19:12:14,982 | INFO | httpx | _client:_send_single_request:1025 | HTTP Request: GET https://www.okx.com/api/v5/public/instruments?instType=SWAP "HTTP/2 200 OK"
2026-03-25 19:12:15,374 | INFO | httpx | _client:_send_single_request:1025 | HTTP Request: GET https://www.okx.com/api/v5/account/config "HTTP/2 200 OK"
2026-03-25 19:12:15,410 | WARNING | root | main_v107:_load_state:2596 | Failed to load state: trade_models.PositionState() argument after ** must be a mapping, not str
2026-03-25 19:12:15,412 | INFO | engine.app | runtime_engine_bundle:attach:62 | runtime_engine_bundle_attached positions=0 closed=0
2026-03-25 19:12:15,721 | INFO | httpx | _client:_send_single_request:1025 | HTTP Request: GET https://www.okx.com/api/v5/account/balance "HTTP/2 200 OK"
2026-03-25 19:12:15,723 | INFO | httpx | _client:_send_single_request:1025 | HTTP Request: GET https://www.okx.com/api/v5/public/instruments?instType=SWAP "HTTP/2 200 OK"
2026-03-25 19:12:15,757 | INFO | httpx | _client:_send_single_request:1025 | HTTP Request: GET https://www.okx.com/api/v5/market/ticker?instId=1INCH-USDT-SWAP "HTTP/2 200 OK"
2026-03-25 19:12:15,970 | INFO | httpx | _client:_send_single_request:1025 | HTTP Request: GET https://www.okx.com/api/v5/account/balance "HTTP/2 200 OK"
2026-03-25 19:12:16,005 | INFO | httpx | _client:_send_single_request:1025 | HTTP Request: GET https://www.okx.com/api/v5/market/candles?instId=1INCH-USDT-SWAP&bar=5m&limit=89 "HTTP/2 200 OK"
2026-03-25 19:12:16,285 | INFO | httpx | _client:_send_single_request:1025 | HTTP Request: GET https://www.okx.com/api/v5/trade/orders-pending?instType=SWAP&instId=1INCH-USDT-SWAP "HTTP/2 200 OK"
2026-03-25 19:12:16,423 | INFO | httpx | _client:_send_single_request:1025 | HTTP Request: GET https://www.okx.com/api/v5/market/ticker?instId=2Z-USDT-SWAP "HTTP/2 200 OK"
2026-03-25 19:12:16,612 | INFO | httpx | _client:_send_single_request:1025 | HTTP Request: GET https://www.okx.com/api/v5/market/ticker?instId=1INCH-USDT-SWAP "HTTP/2 200 OK"
2026-03-25 19:12:16,660 | INFO | websocket | _logging:info:89 | Websocket connected
2026-03-25 19:12:16,732 | INFO | httpx | _client:_send_single_request:1025 | HTTP Request: GET https://www.okx.com/api/v5/market/candles?instId=2Z-USDT-SWAP&bar=5m&limit=89 "HTTP/2 200 OK"
2026-03-25 19:12:16,867 | INFO | websocket | _logging:info:89 | Websocket connected
2026-03-25 19:12:16,880 | INFO | httpx | _client:_send_single_request:1025 | HTTP Request: GET https://www.okx.com/api/v5/account/positions?instType=SWAP "HTTP/2 200 OK"
2026-03-25 19:12:17,134 | INFO | httpx | _client:_send_single_request:1025 | HTTP Request: GET https://www.okx.com/api/v5/market/candles?instId=BTC-USDT-SWAP&bar=5m&limit=64 "HTTP/2 200 OK"
2026-03-25 19:12:17,183 | INFO | httpx | _client:_send_single_request:1025 | HTTP Request: GET https://www.okx.com/api/v5/market/ticker?instId=A-USDT-SWAP "HTTP/2 200 OK"
2026-03-25 19:12:17,224 | INFO | httpx | _client:_send_single_request:1025 | HTTP Request: GET https://www.okx.com/api/v5/market/candles?instId=BTC-USDT-SWAP&bar=5m&limit=64 "HTTP/2 200 OK"
2026-03-25 19:12:17,436 | INFO | httpx | _client:_send_single_request:1025 | HTTP Request: GET https://www.okx.com/api/v5/market/candles?instId=A-USDT-SWAP&bar=5m&limit=89 "HTTP/2 200 OK"
2026-03-25 19:12:17,856 | INFO | httpx | _client:_send_single_request:1025 | HTTP Request: GET https://www.okx.com/api/v5/market/ticker?instId=AAVE-USDT-SWAP "HTTP/2 200 OK"
2026-03-25 19:12:18,096 | INFO | httpx | _client:_send_single_request:1025 | HTTP Request: GET https://www.okx.com/api/v5/market/candles?instId=AAVE-USDT-SWAP&bar=5m&limit=89 "HTTP/2 200 OK"
2026-03-25 19:12:18,528 | INFO | httpx | _client:_send_single_request:1025 | HTTP Request: GET https://www.okx.com/api/v5/market/ticker?instId=ACT-USDT-SWAP "HTTP/2 200 OK"
2026-03-25 19:12:18,764 | INFO | httpx | _client:_send_single_request:1025 | HTTP Request: GET https://www.okx.com/api/v5/market/candles?instId=ACT-USDT-SWAP&bar=5m&limit=89 "HTTP/2 200 OK"
2026-03-25 19:12:19,257 | INFO | httpx | _client:_send_single_request:1025 | HTTP Request: GET https://www.okx.com/api/v5/market/ticker?instId=ADA-USDT-SWAP "HTTP/2 200 OK"
2026-03-25 19:12:19,563 | INFO | httpx | _client:_send_single_request:1025 | HTTP Request: GET https://www.okx.com/api/v5/market/candles?instId=ADA-USDT-SWAP&bar=5m&limit=89 "HTTP/2 200 OK"
2026-03-25 19:12:20,002 | INFO | httpx | _client:_send_single_request:1025 | HTTP Request: GET https://www.okx.com/api/v5/market/ticker?instId=AI16Z-USDT-SWAP "HTTP/2 200 OK"
2026-03-25 19:12:20,334 | INFO | httpx | _client:_send_single_request:1025 | HTTP Request: GET https://www.okx.com/api/v5/market/candles?instId=AI16Z-USDT-SWAP&bar=5m&limit=89 "HTTP/2 200 OK"
2026-03-25 19:12:20,768 | INFO | httpx | _client:_send_single_request:1025 | HTTP Request: GET https://www.okx.com/api/v5/market/ticker?instId=AKITA-USDT-SWAP "HTTP/2 200 OK"
2026-03-25 19:12:21,007 | INFO | httpx | _client:_send_single_request:1025 | HTTP Request: GET https://www.okx.com/api/v5/market/candles?instId=AKITA-USDT-SWAP&bar=5m&limit=89 "HTTP/2 200 OK"
2026-03-25 19:12:21,427 | INFO | httpx | _client:_send_single_request:1025 | HTTP Request: GET https://www.okx.com/api/v5/market/ticker?instId=ALGO-USDT-SWAP "HTTP/2 200 OK"
2026-03-25 19:12:21,672 | INFO | httpx | _client:_send_single_request:1025 | HTTP Request: GET https://www.okx.com/api/v5/market/candles?instId=ALGO-USDT-SWAP&bar=5m&limit=89 "HTTP/2 200 OK"
2026-03-25 19:12:22,156 | INFO | httpx | _client:_send_single_request:1025 | HTTP Request: GET https://www.okx.com/api/v5/market/ticker?instId=ARB-USDT-SWAP "HTTP/2 200 OK"
2026-03-25 19:12:22,418 | INFO | httpx | _client:_send_single_request:1025 | HTTP Request: GET https://www.okx.com/api/v5/market/candles?instId=ARB-USDT-SWAP&bar=5m&limit=89 "HTTP/2 200 OK"
2026-03-25 19:12:22,609 | INFO | httpx | _client:_send_single_request:1025 | HTTP Request: GET https://www.okx.com/api/v5/public/instruments?instType=SWAP "HTTP/2 200 OK"
2026-03-25 19:12:22,842 | INFO | httpx | _client:_send_single_request:1025 | HTTP Request: GET https://www.okx.com/api/v5/market/ticker?instId=ASP-USDT-SWAP "HTTP/2 200 OK"
2026-03-25 19:12:23,041 | INFO | httpx | _client:_send_single_request:1025 | HTTP Request: GET https://www.okx.com/api/v5/account/balance "HTTP/2 200 OK"
2026-03-25 19:12:23,092 | INFO | httpx | _client:_send_single_request:1025 | HTTP Request: GET https://www.okx.com/api/v5/market/candles?instId=ASP-USDT-SWAP&bar=5m&limit=89 "HTTP/2 200 OK"
2026-03-25 19:12:23,371 | INFO | httpx | _client:_send_single_request:1025 | HTTP Request: GET https://www.okx.com/api/v5/trade/orders-pending?instType=SWAP&instId=1INCH-USDT-SWAP "HTTP/2 200 OK"
2026-03-25 19:12:23,515 | INFO | httpx | _client:_send_single_request:1025 | HTTP Request: GET https://www.okx.com/api/v5/market/ticker?instId=ASTER-USDT-SWAP "HTTP/2 200 OK"
2026-03-25 19:12:23,649 | INFO | httpx | _client:_send_single_request:1025 | HTTP Request: GET https://www.okx.com/api/v5/market/ticker?instId=1INCH-USDT-SWAP "HTTP/2 200 OK"
2026-03-25 19:12:23,769 | INFO | httpx | _client:_send_single_request:1025 | HTTP Request: GET https://www.okx.com/api/v5/market/candles?instId=ASTER-USDT-SWAP&bar=5m&limit=89 "HTTP/2 200 OK"
2026-03-25 19:12:24,030 | INFO | httpx | _client:_send_single_request:1025 | HTTP Request: GET https://www.okx.com/api/v5/market/candles?instId=1INCH-USDT-SWAP&bar=15m&limit=121 "HTTP/2 200 OK"
2026-03-25 19:12:24,188 | INFO | httpx | _client:_send_single_request:1025 | HTTP Request: GET https://www.okx.com/api/v5/market/ticker?instId=ATOM-USDT-SWAP "HTTP/2 200 OK"
2026-03-25 19:12:24,328 | INFO | httpx | _client:_send_single_request:1025 | HTTP Request: GET https://www.okx.com/api/v5/market/candles?instId=1INCH-USDT-SWAP&bar=5m&limit=97 "HTTP/2 200 OK"
2026-03-25 19:12:24,426 | INFO | httpx | _client:_send_single_request:1025 | HTTP Request: GET https://www.okx.com/api/v5/market/candles?instId=ATOM-USDT-SWAP&bar=5m&limit=89 "HTTP/2 200 OK"
2026-03-25 19:12:24,574 | INFO | httpx | _client:_send_single_request:1025 | HTTP Request: GET https://www.okx.com/api/v5/market/history-trades?instId=1INCH-USDT-SWAP&limit=100 "HTTP/2 200 OK"
2026-03-25 19:12:24,833 | INFO | httpx | _client:_send_single_request:1025 | HTTP Request: GET https://www.okx.com/api/v5/market/candles?instId=2Z-USDT-SWAP&bar=15m&limit=121 "HTTP/2 200 OK"
2026-03-25 19:12:24,850 | INFO | httpx | _client:_send_single_request:1025 | HTTP Request: GET https://www.okx.com/api/v5/market/ticker?instId=AUCTION-USDT-SWAP "HTTP/2 200 OK"
2026-03-25 19:12:25,113 | INFO | httpx | _client:_send_single_request:1025 | HTTP Request: GET https://www.okx.com/api/v5/market/candles?instId=2Z-USDT-SWAP&bar=5m&limit=97 "HTTP/2 200 OK"
2026-03-25 19:12:25,180 | INFO | httpx | _client:_send_single_request:1025 | HTTP Request: GET https://www.okx.com/api/v5/market/candles?instId=AUCTION-USDT-SWAP&bar=5m&limit=89 "HTTP/2 200 OK"
2026-03-25 19:12:25,429 | INFO | httpx | _client:_send_single_request:1025 | HTTP Request: GET https://www.okx.com/api/v5/market/history-trades?instId=2Z-USDT-SWAP&limit=100 "HTTP/2 200 OK"
2026-03-25 19:12:25,629 | INFO | httpx | _client:_send_single_request:1025 | HTTP Request: GET https://www.okx.com/api/v5/market/ticker?instId=AVAX-USDT-SWAP "HTTP/2 200 OK"
2026-03-25 19:12:25,745 | INFO | httpx | _client:_send_single_request:1025 | HTTP Request: GET https://www.okx.com/api/v5/market/candles?instId=A-USDT-SWAP&bar=15m&limit=121 "HTTP/2 200 OK"
2026-03-25 19:12:25,947 | INFO | httpx | _client:_send_single_request:1025 | HTTP Request: GET https://www.okx.com/api/v5/market/candles?instId=AVAX-USDT-SWAP&bar=5m&limit=89 "HTTP/2 200 OK"
2026-03-25 19:12:26,039 | INFO | httpx | _client:_send_single_request:1025 | HTTP Request: GET https://www.okx.com/api/v5/market/candles?instId=A-USDT-SWAP&bar=5m&limit=97 "HTTP/2 200 OK"
2026-03-25 19:12:26,310 | INFO | httpx | _client:_send_single_request:1025 | HTTP Request: GET https://www.okx.com/api/v5/market/history-trades?instId=A-USDT-SWAP&limit=100 "HTTP/2 200 OK"
2026-03-25 19:12:26,380 | INFO | httpx | _client:_send_single_request:1025 | HTTP Request: GET https://www.okx.com/api/v5/market/ticker?instId=AXS-USDT-SWAP "HTTP/2 200 OK"
2026-03-25 19:12:26,691 | INFO | httpx | _client:_send_single_request:1025 | HTTP Request: GET https://www.okx.com/api/v5/market/candles?instId=AXS-USDT-SWAP&bar=5m&limit=89 "HTTP/2 200 OK"
2026-03-25 19:12:26,710 | INFO | httpx | _client:_send_single_request:1025 | HTTP Request: GET https://www.okx.com/api/v5/market/books?instId=A-USDT-SWAP&sz=5 "HTTP/2 200 OK"
2026-03-25 19:12:27,080 | INFO | httpx | _client:_send_single_request:1025 | HTTP Request: GET https://www.okx.com/api/v5/market/candles?instId=AAVE-USDT-SWAP&bar=15m&limit=121 "HTTP/2 200 OK"
2026-03-25 19:12:27,124 | INFO | httpx | _client:_send_single_request:1025 | HTTP Request: GET https://www.okx.com/api/v5/market/ticker?instId=BAND-USDT-SWAP "HTTP/2 200 OK"
2026-03-25 19:12:27,348 | INFO | httpx | _client:_send_single_request:1025 | HTTP Request: GET https://www.okx.com/api/v5/market/candles?instId=AAVE-USDT-SWAP&bar=5m&limit=97 "HTTP/2 200 OK"
2026-03-25 19:12:27,422 | INFO | httpx | _client:_send_single_request:1025 | HTTP Request: GET https://www.okx.com/api/v5/market/candles?instId=BAND-USDT-SWAP&bar=5m&limit=89 "HTTP/2 200 OK"
2026-03-25 19:12:27,608 | INFO | httpx | _client:_send_single_request:1025 | HTTP Request: GET https://www.okx.com/api/v5/market/history-trades?instId=AAVE-USDT-SWAP&limit=100 "HTTP/2 200 OK"
2026-03-25 19:12:27,881 | INFO | httpx | _client:_send_single_request:1025 | HTTP Request: GET https://www.okx.com/api/v5/market/ticker?instId=BCH-USDT-SWAP "HTTP/2 200 OK"
2026-03-25 19:12:28,029 | INFO | httpx | _client:_send_single_request:1025 | HTTP Request: GET https://www.okx.com/api/v5/market/candles?instId=ACT-USDT-SWAP&bar=15m&limit=121 "HTTP/2 200 OK"
2026-03-25 19:12:28,118 | INFO | httpx | _client:_send_single_request:1025 | HTTP Request: GET https://www.okx.com/api/v5/market/candles?instId=BCH-USDT-SWAP&bar=5m&limit=89 "HTTP/2 200 OK"
2026-03-25 19:12:28,364 | INFO | httpx | _client:_send_single_request:1025 | HTTP Request: GET https://www.okx.com/api/v5/market/candles?instId=ACT-USDT-SWAP&bar=5m&limit=97 "HTTP/2 200 OK"
2026-03-25 19:12:28,569 | INFO | httpx | _client:_send_single_request:1025 | HTTP Request: GET https://www.okx.com/api/v5/market/ticker?instId=BIO-USDT-SWAP "HTTP/2 200 OK"
2026-03-25 19:12:28,621 | INFO | httpx | _client:_send_single_request:1025 | HTTP Request: GET https://www.okx.com/api/v5/market/history-trades?instId=ACT-USDT-SWAP&limit=100 "HTTP/2 200 OK"
2026-03-25 19:12:28,803 | INFO | httpx | _client:_send_single_request:1025 | HTTP Request: GET https://www.okx.com/api/v5/market/candles?instId=BIO-USDT-SWAP&bar=5m&limit=89 "HTTP/2 200 OK"
2026-03-25 19:12:28,960 | INFO | httpx | _client:_send_single_request:1025 | HTTP Request: GET https://www.okx.com/api/v5/market/books?instId=ACT-USDT-SWAP&sz=5 "HTTP/2 200 OK"
2026-03-25 19:12:29,243 | INFO | httpx | _client:_send_single_request:1025 | HTTP Request: GET https://www.okx.com/api/v5/market/ticker?instId=BLUAI-USDT-SWAP "HTTP/2 200 OK"
2026-03-25 19:12:29,273 | INFO | httpx | _client:_send_single_request:1025 | HTTP Request: GET https://www.okx.com/api/v5/market/candles?instId=ADA-USDT-SWAP&bar=15m&limit=121 "HTTP/2 200 OK"
2026-03-25 19:12:29,500 | INFO | httpx | _client:_send_single_request:1025 | HTTP Request: GET https://www.okx.com/api/v5/market/candles?instId=BLUAI-USDT-SWAP&bar=5m&limit=89 "HTTP/2 200 OK"
2026-03-25 19:12:29,513 | INFO | httpx | _client:_send_single_request:1025 | HTTP Request: GET https://www.okx.com/api/v5/market/candles?instId=ADA-USDT-SWAP&bar=5m&limit=97 "HTTP/2 200 OK"
2026-03-25 19:12:29,757 | INFO | httpx | _client:_send_single_request:1025 | HTTP Request: GET https://www.okx.com/api/v5/market/history-trades?instId=ADA-USDT-SWAP&limit=100 "HTTP/2 200 OK"
2026-03-25 19:12:29,981 | INFO | httpx | _client:_send_single_request:1025 | HTTP Request: GET https://www.okx.com/api/v5/market/ticker?instId=BNB-USDT-SWAP "HTTP/2 200 OK"
2026-03-25 19:12:30,053 | INFO | httpx | _client:_send_single_request:1025 | HTTP Request: GET https://www.okx.com/api/v5/market/books?instId=ADA-USDT-SWAP&sz=5 "HTTP/2 200 OK"
2026-03-25 19:12:30,232 | INFO | httpx | _client:_send_single_request:1025 | HTTP Request: GET https://www.okx.com/api/v5/market/candles?instId=BNB-USDT-SWAP&bar=5m&limit=89 "HTTP/2 200 OK"
2026-03-25 19:12:30,404 | INFO | httpx | _client:_send_single_request:1025 | HTTP Request: GET https://www.okx.com/api/v5/market/candles?instId=AI16Z-USDT-SWAP&bar=15m&limit=121 "HTTP/2 200 OK"
2026-03-25 19:12:30,662 | INFO | httpx | _client:_send_single_request:1025 | HTTP Request: GET https://www.okx.com/api/v5/market/ticker?instId=BOME-USDT-SWAP "HTTP/2 200 OK"
2026-03-25 19:12:30,687 | INFO | httpx | _client:_send_single_request:1025 | HTTP Request: GET https://www.okx.com/api/v5/market/candles?instId=AI16Z-USDT-SWAP&bar=5m&limit=97 "HTTP/2 200 OK"
2026-03-25 19:12:30,944 | INFO | httpx | _client:_send_single_request:1025 | HTTP Request: GET https://www.okx.com/api/v5/market/history-trades?instId=AI16Z-USDT-SWAP&limit=100 "HTTP/2 200 OK"
2026-03-25 19:12:30,985 | INFO | httpx | _client:_send_single_request:1025 | HTTP Request: GET https://www.okx.com/api/v5/market/candles?instId=BOME-USDT-SWAP&bar=5m&limit=89 "HTTP/2 200 OK"
2026-03-25 19:12:31,245 | INFO | httpx | _client:_send_single_request:1025 | HTTP Request: GET https://www.okx.com/api/v5/market/candles?instId=AKITA-USDT-SWAP&bar=15m&limit=121 "HTTP/2 200 OK"
2026-03-25 19:12:31,482 | INFO | httpx | _client:_send_single_request:1025 | HTTP Request: GET https://www.okx.com/api/v5/market/ticker?instId=BRETT-USDT-SWAP "HTTP/2 200 OK"
2026-03-25 19:12:31,495 | INFO | httpx | _client:_send_single_request:1025 | HTTP Request: GET https://www.okx.com/api/v5/market/candles?instId=AKITA-USDT-SWAP&bar=5m&limit=97 "HTTP/2 200 OK"
2026-03-25 19:12:31,738 | INFO | httpx | _client:_send_single_request:1025 | HTTP Request: GET https://www.okx.com/api/v5/market/candles?instId=BRETT-USDT-SWAP&bar=5m&limit=89 "HTTP/2 200 OK"
2026-03-25 19:12:31,751 | INFO | httpx | _client:_send_single_request:1025 | HTTP Request: GET https://www.okx.com/api/v5/market/history-trades?instId=AKITA-USDT-SWAP&limit=100 "HTTP/2 200 OK"
2026-03-25 19:12:32,052 | INFO | httpx | _client:_send_single_request:1025 | HTTP Request: GET https://www.okx.com/api/v5/market/books?instId=AKITA-USDT-SWAP&sz=5 "HTTP/2 200 OK"
2026-03-25 19:12:32,238 | INFO | httpx | _client:_send_single_request:1025 | HTTP Request: GET https://www.okx.com/api/v5/market/ticker?instId=BTC-USDT-SWAP "HTTP/2 200 OK"
2026-03-25 19:12:32,309 | INFO | httpx | _client:_send_single_request:1025 | HTTP Request: GET https://www.okx.com/api/v5/market/candles?instId=ALGO-USDT-SWAP&bar=15m&limit=121 "HTTP/2 200 OK"
2026-03-25 19:12:32,550 | INFO | httpx | _client:_send_single_request:1025 | HTTP Request: GET https://www.okx.com/api/v5/market/candles?instId=ALGO-USDT-SWAP&bar=5m&limit=97 "HTTP/2 200 OK"
2026-03-25 19:12:32,695 | INFO | httpx | _client:_send_single_request:1025 | HTTP Request: GET https://www.okx.com/api/v5/market/ticker?instId=CAT-USDT-SWAP "HTTP/2 200 OK"
2026-03-25 19:12:32,852 | INFO | httpx | _client:_send_single_request:1025 | HTTP Request: GET https://www.okx.com/api/v5/market/history-trades?instId=ALGO-USDT-SWAP&limit=100 "HTTP/2 200 OK"
2026-03-25 19:12:32,930 | INFO | httpx | _client:_send_single_request:1025 | HTTP Request: GET https://www.okx.com/api/v5/market/candles?instId=CAT-USDT-SWAP&bar=5m&limit=89 "HTTP/2 200 OK"
2026-03-25 19:12:33,137 | INFO | httpx | _client:_send_single_request:1025 | HTTP Request: GET https://www.okx.com/api/v5/market/candles?instId=ARB-USDT-SWAP&bar=15m&limit=121 "HTTP/2 200 OK"
2026-03-25 19:12:33,411 | INFO | httpx | _client:_send_single_request:1025 | HTTP Request: GET https://www.okx.com/api/v5/market/ticker?instId=CATI-USDT-SWAP "HTTP/2 200 OK"
2026-03-25 19:12:33,433 | INFO | httpx | _client:_send_single_request:1025 | HTTP Request: GET https://www.okx.com/api/v5/market/candles?instId=ARB-USDT-SWAP&bar=5m&limit=97 "HTTP/2 200 OK"
2026-03-25 19:12:33,689 | INFO | httpx | _client:_send_single_request:1025 | HTTP Request: GET https://www.okx.com/api/v5/market/candles?instId=CATI-USDT-SWAP&bar=5m&limit=89 "HTTP/2 200 OK"
2026-03-25 19:12:33,699 | INFO | httpx | _client:_send_single_request:1025 | HTTP Request: GET https://www.okx.com/api/v5/market/history-trades?instId=ARB-USDT-SWAP&limit=100 "HTTP/2 200 OK"
2026-03-25 19:12:33,942 | INFO | httpx | _client:_send_single_request:1025 | HTTP Request: GET https://www.okx.com/api/v5/market/candles?instId=ASP-USDT-SWAP&bar=15m&limit=121 "HTTP/2 200 OK"
2026-03-25 19:12:34,121 | INFO | httpx | _client:_send_single_request:1025 | HTTP Request: GET https://www.okx.com/api/v5/market/ticker?instId=CELO-USDT-SWAP "HTTP/2 200 OK"
2026-03-25 19:12:34,188 | INFO | httpx | _client:_send_single_request:1025 | HTTP Request: GET https://www.okx.com/api/v5/market/candles?instId=ASP-USDT-SWAP&bar=5m&limit=97 "HTTP/2 200 OK"
2026-03-25 19:12:34,443 | INFO | httpx | _client:_send_single_request:1025 | HTTP Request: GET https://www.okx.com/api/v5/market/history-trades?instId=ASP-USDT-SWAP&limit=100 "HTTP/2 200 OK"
2026-03-25 19:12:34,450 | INFO | httpx | _client:_send_single_request:1025 | HTTP Request: GET https://www.okx.com/api/v5/market/candles?instId=CELO-USDT-SWAP&bar=5m&limit=89 "HTTP/2 200 OK"
2026-03-25 19:12:34,752 | INFO | httpx | _client:_send_single_request:1025 | HTTP Request: GET https://www.okx.com/api/v5/market/books?instId=ASP-USDT-SWAP&sz=5 "HTTP/2 200 OK"
2026-03-25 19:12:34,913 | INFO | httpx | _client:_send_single_request:1025 | HTTP Request: GET https://www.okx.com/api/v5/market/ticker?instId=CFX-USDT-SWAP "HTTP/2 200 OK"
2026-03-25 19:12:35,042 | INFO | httpx | _client:_send_single_request:1025 | HTTP Request: GET https://www.okx.com/api/v5/market/candles?instId=ASTER-USDT-SWAP&bar=15m&limit=121 "HTTP/2 200 OK"
2026-03-25 19:12:35,226 | INFO | httpx | _client:_send_single_request:1025 | HTTP Request: GET https://www.okx.com/api/v5/market/candles?instId=CFX-USDT-SWAP&bar=5m&limit=89 "HTTP/2 200 OK"
2026-03-25 19:12:35,306 | INFO | httpx | _client:_send_single_request:1025 | HTTP Request: GET https://www.okx.com/api/v5/market/candles?instId=ASTER-USDT-SWAP&bar=5m&limit=97 "HTTP/2 200 OK"
2026-03-25 19:12:35,595 | INFO | httpx | _client:_send_single_request:1025 | HTTP Request: GET https://www.okx.com/api/v5/market/history-trades?instId=ASTER-USDT-SWAP&limit=100 "HTTP/2 200 OK"
2026-03-25 19:12:35,745 | INFO | httpx | _client:_send_single_request:1025 | HTTP Request: GET https://www.okx.com/api/v5/market/ticker?instId=CHZ-USDT-SWAP "HTTP/2 200 OK"
2026-03-25 19:12:35,907 | INFO | httpx | _client:_send_single_request:1025 | HTTP Request: GET https://www.okx.com/api/v5/market/candles?instId=ATOM-USDT-SWAP&bar=15m&limit=121 "HTTP/2 200 OK"
2026-03-25 19:12:35,985 | INFO | httpx | _client:_send_single_request:1025 | HTTP Request: GET https://www.okx.com/api/v5/market/candles?instId=CHZ-USDT-SWAP&bar=5m&limit=89 "HTTP/2 200 OK"
2026-03-25 19:12:36,202 | INFO | httpx | _client:_send_single_request:1025 | HTTP Request: GET https://www.okx.com/api/v5/market/candles?instId=ATOM-USDT-SWAP&bar=5m&limit=97 "HTTP/2 200 OK"
2026-03-25 19:12:36,451 | INFO | httpx | _client:_send_single_request:1025 | HTTP Request: GET https://www.okx.com/api/v5/market/history-trades?instId=ATOM-USDT-SWAP&limit=100 "HTTP/2 200 OK"
2026-03-25 19:12:36,466 | INFO | httpx | _client:_send_single_request:1025 | HTTP Request: GET https://www.okx.com/api/v5/market/ticker?instId=COAI-USDT-SWAP "HTTP/2 200 OK"
2026-03-25 19:12:36,717 | INFO | httpx | _client:_send_single_request:1025 | HTTP Request: GET https://www.okx.com/api/v5/market/candles?instId=COAI-USDT-SWAP&bar=5m&limit=89 "HTTP/2 200 OK"
2026-03-25 19:12:36,756 | INFO | httpx | _client:_send_single_request:1025 | HTTP Request: GET https://www.okx.com/api/v5/market/books?instId=ATOM-USDT-SWAP&sz=5 "HTTP/2 200 OK"
2026-03-25 19:12:36,999 | INFO | httpx | _client:_send_single_request:1025 | HTTP Request: GET https://www.okx.com/api/v5/market/candles?instId=AUCTION-USDT-SWAP&bar=15m&limit=121 "HTTP/2 200 OK"
2026-03-25 19:12:37,149 | INFO | httpx | _client:_send_single_request:1025 | HTTP Request: GET https://www.okx.com/api/v5/market/ticker?instId=COMP-USDT-SWAP "HTTP/2 200 OK"
2026-03-25 19:12:37,250 | INFO | httpx | _client:_send_single_request:1025 | HTTP Request: GET https://www.okx.com/api/v5/market/candles?instId=AUCTION-USDT-SWAP&bar=5m&limit=97 "HTTP/2 200 OK"
2026-03-25 19:12:37,403 | INFO | httpx | _client:_send_single_request:1025 | HTTP Request: GET https://www.okx.com/api/v5/market/candles?instId=COMP-USDT-SWAP&bar=5m&limit=89 "HTTP/2 200 OK"
2026-03-25 19:12:37,497 | INFO | httpx | _client:_send_single_request:1025 | HTTP Request: GET https://www.okx.com/api/v5/market/history-trades?instId=AUCTION-USDT-SWAP&limit=100 "HTTP/2 200 OK"
2026-03-25 19:12:37,750 | INFO | httpx | _client:_send_single_request:1025 | HTTP Request: GET https://www.okx.com/api/v5/market/books?instId=AUCTION-USDT-SWAP&sz=5 "HTTP/2 200 OK"
2026-03-25 19:12:37,884 | INFO | httpx | _client:_send_single_request:1025 | HTTP Request: GET https://www.okx.com/api/v5/market/ticker?instId=CRO-USDT-SWAP "HTTP/2 200 OK"
2026-03-25 19:12:38,038 | INFO | httpx | _client:_send_single_request:1025 | HTTP Request: GET https://www.okx.com/api/v5/market/candles?instId=AVAX-USDT-SWAP&bar=15m&limit=121 "HTTP/2 200 OK"
2026-03-25 19:12:38,152 | INFO | httpx | _client:_send_single_request:1025 | HTTP Request: GET https://www.okx.com/api/v5/market/candles?instId=CRO-USDT-SWAP&bar=5m&limit=89 "HTTP/2 200 OK"
2026-03-25 19:12:38,344 | INFO | httpx | _client:_send_single_request:1025 | HTTP Request: GET https://www.okx.com/api/v5/market/candles?instId=AVAX-USDT-SWAP&bar=5m&limit=97 "HTTP/2 200 OK"
2026-03-25 19:12:38,604 | INFO | httpx | _client:_send_single_request:1025 | HTTP Request: GET https://www.okx.com/api/v5/market/ticker?instId=CRV-USDT-SWAP "HTTP/2 200 OK"
2026-03-25 19:12:38,623 | INFO | httpx | _client:_send_single_request:1025 | HTTP Request: GET https://www.okx.com/api/v5/market/history-trades?instId=AVAX-USDT-SWAP&limit=100 "HTTP/2 200 OK"
2026-03-25 19:12:38,869 | INFO | httpx | _client:_send_single_request:1025 | HTTP Request: GET https://www.okx.com/api/v5/market/candles?instId=AXS-USDT-SWAP&bar=15m&limit=121 "HTTP/2 200 OK"
2026-03-25 19:12:38,913 | INFO | httpx | _client:_send_single_request:1025 | HTTP Request: GET https://www.okx.com/api/v5/market/candles?instId=CRV-USDT-SWAP&bar=5m&limit=89 "HTTP/2 200 OK"
2026-03-25 19:12:39,100 | INFO | httpx | _client:_send_single_request:1025 | HTTP Request: GET https://www.okx.com/api/v5/market/candles?instId=BTC-USDT-SWAP&bar=5m&limit=64 "HTTP/2 200 OK"
2026-03-25 19:12:39,178 | INFO | httpx | _client:_send_single_request:1025 | HTTP Request: GET https://www.okx.com/api/v5/market/candles?instId=AXS-USDT-SWAP&bar=5m&limit=97 "HTTP/2 200 OK"
2026-03-25 19:12:39,347 | INFO | httpx | _client:_send_single_request:1025 | HTTP Request: GET https://www.okx.com/api/v5/market/ticker?instId=DOGE-USDT-SWAP "HTTP/2 200 OK"
2026-03-25 19:12:39,469 | INFO | httpx | _client:_send_single_request:1025 | HTTP Request: GET https://www.okx.com/api/v5/market/history-trades?instId=AXS-USDT-SWAP&limit=100 "HTTP/2 200 OK"
2026-03-25 19:12:39,645 | INFO | httpx | _client:_send_single_request:1025 | HTTP Request: GET https://www.okx.com/api/v5/market/candles?instId=DOGE-USDT-SWAP&bar=5m&limit=89 "HTTP/2 200 OK"
2026-03-25 19:12:39,749 | INFO | httpx | _client:_send_single_request:1025 | HTTP Request: GET https://www.okx.com/api/v5/market/books?instId=AXS-USDT-SWAP&sz=5 "HTTP/2 200 OK"
2026-03-25 19:12:40,095 | INFO | httpx | _client:_send_single_request:1025 | HTTP Request: GET https://www.okx.com/api/v5/market/candles?instId=BAND-USDT-SWAP&bar=15m&limit=121 "HTTP/2 200 OK"
2026-03-25 19:12:40,105 | INFO | httpx | _client:_send_single_request:1025 | HTTP Request: GET https://www.okx.com/api/v5/market/ticker?instId=DOT-USDT-SWAP "HTTP/2 200 OK"
2026-03-25 19:12:40,356 | INFO | httpx | _client:_send_single_request:1025 | HTTP Request: GET https://www.okx.com/api/v5/market/candles?instId=DOT-USDT-SWAP&bar=5m&limit=89 "HTTP/2 200 OK"
2026-03-25 19:12:40,403 | INFO | httpx | _client:_send_single_request:1025 | HTTP Request: GET https://www.okx.com/api/v5/market/candles?instId=BAND-USDT-SWAP&bar=5m&limit=97 "HTTP/2 200 OK"
2026-03-25 19:12:40,721 | INFO | httpx | _client:_send_single_request:1025 | HTTP Request: GET https://www.okx.com/api/v5/market/history-trades?instId=BAND-USDT-SWAP&limit=100 "HTTP/2 200 OK"
2026-03-25 19:12:40,774 | INFO | httpx | _client:_send_single_request:1025 | HTTP Request: GET https://www.okx.com/api/v5/market/ticker?instId=ENA-USDT-SWAP "HTTP/2 200 OK"
2026-03-25 19:12:41,002 | INFO | httpx | _client:_send_single_request:1025 | HTTP Request: GET https://www.okx.com/api/v5/market/books?instId=BAND-USDT-SWAP&sz=5 "HTTP/2 200 OK"
2026-03-25 19:12:41,076 | INFO | httpx | _client:_send_single_request:1025 | HTTP Request: GET https://www.okx.com/api/v5/market/candles?instId=ENA-USDT-SWAP&bar=5m&limit=89 "HTTP/2 200 OK"
2026-03-25 19:12:41,238 | INFO | httpx | _client:_send_single_request:1025 | HTTP Request: GET https://www.okx.com/api/v5/market/candles?instId=BCH-USDT-SWAP&bar=15m&limit=121 "HTTP/2 200 OK"
2026-03-25 19:12:41,520 | INFO | httpx | _client:_send_single_request:1025 | HTTP Request: GET https://www.okx.com/api/v5/market/ticker?instId=EOS-USDT-SWAP "HTTP/2 200 OK"
2026-03-25 19:12:41,548 | INFO | httpx | _client:_send_single_request:1025 | HTTP Request: GET https://www.okx.com/api/v5/market/candles?instId=BCH-USDT-SWAP&bar=5m&limit=97 "HTTP/2 200 OK"
2026-03-25 19:12:41,780 | INFO | httpx | _client:_send_single_request:1025 | HTTP Request: GET https://www.okx.com/api/v5/market/candles?instId=EOS-USDT-SWAP&bar=5m&limit=89 "HTTP/2 200 OK"
2026-03-25 19:12:41,804 | INFO | httpx | _client:_send_single_request:1025 | HTTP Request: GET https://www.okx.com/api/v5/market/history-trades?instId=BCH-USDT-SWAP&limit=100 "HTTP/2 200 OK"
2026-03-25 19:12:42,057 | INFO | httpx | _client:_send_single_request:1025 | HTTP Request: GET https://www.okx.com/api/v5/market/books?instId=BCH-USDT-SWAP&sz=5 "HTTP/2 200 OK"
2026-03-25 19:12:42,268 | INFO | httpx | _client:_send_single_request:1025 | HTTP Request: GET https://www.okx.com/api/v5/market/ticker?instId=ETC-USDT-SWAP "HTTP/2 200 OK"
2026-03-25 19:12:42,405 | INFO | httpx | _client:_send_single_request:1025 | HTTP Request: GET https://www.okx.com/api/v5/market/candles?instId=BIO-USDT-SWAP&bar=15m&limit=121 "HTTP/2 200 OK"
2026-03-25 19:12:42,610 | INFO | httpx | _client:_send_single_request:1025 | HTTP Request: GET https://www.okx.com/api/v5/market/candles?instId=ETC-USDT-SWAP&bar=5m&limit=89 "HTTP/2 200 OK"
2026-03-25 19:12:42,661 | INFO | httpx | _client:_send_single_request:1025 | HTTP Request: GET https://www.okx.com/api/v5/market/candles?instId=BIO-USDT-SWAP&bar=5m&limit=97 "HTTP/2 200 OK"
2026-03-25 19:12:42,910 | INFO | httpx | _client:_send_single_request:1025 | HTTP Request: GET https://www.okx.com/api/v5/market/history-trades?instId=BIO-USDT-SWAP&limit=100 "HTTP/2 200 OK"
2026-03-25 19:12:43,032 | INFO | httpx | _client:_send_single_request:1025 | HTTP Request: GET https://www.okx.com/api/v5/market/ticker?instId=ETH-USDT-SWAP "HTTP/2 200 OK"
2026-03-25 19:12:43,262 | INFO | httpx | _client:_send_single_request:1025 | HTTP Request: GET https://www.okx.com/api/v5/market/books?instId=BIO-USDT-SWAP&sz=5 "HTTP/2 200 OK"
2026-03-25 19:12:43,280 | INFO | httpx | _client:_send_single_request:1025 | HTTP Request: GET https://www.okx.com/api/v5/market/candles?instId=ETH-USDT-SWAP&bar=5m&limit=89 "HTTP/2 200 OK"
2026-03-25 19:12:43,571 | INFO | httpx | _client:_send_single_request:1025 | HTTP Request: GET https://www.okx.com/api/v5/market/candles?instId=BLUAI-USDT-SWAP&bar=15m&limit=121 "HTTP/2 200 OK"
2026-03-25 19:12:43,714 | INFO | httpx | _client:_send_single_request:1025 | HTTP Request: GET https://www.okx.com/api/v5/market/ticker?instId=ETHFI-USDT-SWAP "HTTP/2 200 OK"
2026-03-25 19:12:43,891 | INFO | httpx | _client:_send_single_request:1025 | HTTP Request: GET https://www.okx.com/api/v5/market/candles?instId=BLUAI-USDT-SWAP&bar=5m&limit=97 "HTTP/2 200 OK"
2026-03-25 19:12:44,026 | INFO | httpx | _client:_send_single_request:1025 | HTTP Request: GET https://www.okx.com/api/v5/market/candles?instId=ETHFI-USDT-SWAP&bar=5m&limit=89 "HTTP/2 200 OK"
2026-03-25 19:12:44,230 | INFO | httpx | _client:_send_single_request:1025 | HTTP Request: GET https://www.okx.com/api/v5/market/history-trades?instId=BLUAI-USDT-SWAP&limit=100 "HTTP/2 200 OK"
2026-03-25 19:12:44,502 | INFO | httpx | _client:_send_single_request:1025 | HTTP Request: GET https://www.okx.com/api/v5/market/books?instId=BLUAI-USDT-SWAP&sz=5 "HTTP/2 200 OK"
2026-03-25 19:12:44,512 | INFO | httpx | _client:_send_single_request:1025 | HTTP Request: GET https://www.okx.com/api/v5/market/ticker?instId=ETHW-USDT-SWAP "HTTP/2 200 OK"
2026-03-25 19:12:44,793 | INFO | httpx | _client:_send_single_request:1025 | HTTP Request: GET https://www.okx.com/api/v5/market/candles?instId=ETHW-USDT-SWAP&bar=5m&limit=89 "HTTP/2 200 OK"
2026-03-25 19:12:44,850 | INFO | httpx | _client:_send_single_request:1025 | HTTP Request: GET https://www.okx.com/api/v5/market/candles?instId=BNB-USDT-SWAP&bar=15m&limit=121 "HTTP/2 200 OK"
2026-03-25 19:12:45,102 | INFO | httpx | _client:_send_single_request:1025 | HTTP Request: GET https://www.okx.com/api/v5/market/candles?instId=BNB-USDT-SWAP&bar=5m&limit=97 "HTTP/2 200 OK"
2026-03-25 19:12:45,263 | INFO | httpx | _client:_send_single_request:1025 | HTTP Request: GET https://www.okx.com/api/v5/market/ticker?instId=FIL-USDT-SWAP "HTTP/2 200 OK"
2026-03-25 19:12:45,362 | INFO | httpx | _client:_send_single_request:1025 | HTTP Request: GET https://www.okx.com/api/v5/market/history-trades?instId=BNB-USDT-SWAP&limit=100 "HTTP/2 200 OK"
2026-03-25 19:12:45,609 | INFO | httpx | _client:_send_single_request:1025 | HTTP Request: GET https://www.okx.com/api/v5/market/candles?instId=FIL-USDT-SWAP&bar=5m&limit=89 "HTTP/2 200 OK"
2026-03-25 19:12:45,742 | INFO | httpx | _client:_send_single_request:1025 | HTTP Request: GET https://www.okx.com/api/v5/market/candles?instId=BOME-USDT-SWAP&bar=15m&limit=121 "HTTP/2 200 OK"
2026-03-25 19:12:46,042 | INFO | httpx | _client:_send_single_request:1025 | HTTP Request: GET https://www.okx.com/api/v5/market/candles?instId=BOME-USDT-SWAP&bar=5m&limit=97 "HTTP/2 200 OK"
2026-03-25 19:12:46,099 | INFO | httpx | _client:_send_single_request:1025 | HTTP Request: GET https://www.okx.com/api/v5/market/ticker?instId=FLOKI-USDT-SWAP "HTTP/2 200 OK"
2026-03-25 19:12:46,290 | INFO | httpx | _client:_send_single_request:1025 | HTTP Request: GET https://www.okx.com/api/v5/market/history-trades?instId=BOME-USDT-SWAP&limit=100 "HTTP/2 200 OK"
2026-03-25 19:12:46,382 | INFO | httpx | _client:_send_single_request:1025 | HTTP Request: GET https://www.okx.com/api/v5/market/candles?instId=FLOKI-USDT-SWAP&bar=5m&limit=89 "HTTP/2 200 OK"
2026-03-25 19:12:46,679 | INFO | httpx | _client:_send_single_request:1025 | HTTP Request: GET https://www.okx.com/api/v5/market/candles?instId=BRETT-USDT-SWAP&bar=15m&limit=121 "HTTP/2 200 OK"
2026-03-25 19:12:46,875 | INFO | httpx | _client:_send_single_request:1025 | HTTP Request: GET https://www.okx.com/api/v5/market/ticker?instId=GMT-USDT-SWAP "HTTP/2 200 OK"
2026-03-25 19:12:46,955 | INFO | httpx | _client:_send_single_request:1025 | HTTP Request: GET https://www.okx.com/api/v5/market/candles?instId=BRETT-USDT-SWAP&bar=5m&limit=97 "HTTP/2 200 OK"
2026-03-25 19:12:47,197 | INFO | httpx | _client:_send_single_request:1025 | HTTP Request: GET https://www.okx.com/api/v5/market/candles?instId=GMT-USDT-SWAP&bar=5m&limit=89 "HTTP/2 200 OK"
2026-03-25 19:12:47,314 | INFO | httpx | _client:_send_single_request:1025 | HTTP Request: GET https://www.okx.com/api/v5/market/history-trades?instId=BRETT-USDT-SWAP&limit=100 "HTTP/2 200 OK"
2026-03-25 19:12:47,599 | INFO | httpx | _client:_send_single_request:1025 | HTTP Request: GET https://www.okx.com/api/v5/market/books?instId=BRETT-USDT-SWAP&sz=5 "HTTP/2 200 OK"
2026-03-25 19:12:47,630 | INFO | httpx | _client:_send_single_request:1025 | HTTP Request: GET https://www.okx.com/api/v5/market/ticker?instId=H-USDT-SWAP "HTTP/2 200 OK"
2026-03-25 19:12:47,871 | INFO | httpx | _client:_send_single_request:1025 | HTTP Request: GET https://www.okx.com/api/v5/market/candles?instId=BTC-USDT-SWAP&bar=15m&limit=121 "HTTP/2 200 OK"
2026-03-25 19:12:47,881 | INFO | httpx | _client:_send_single_request:1025 | HTTP Request: GET https://www.okx.com/api/v5/market/candles?instId=H-USDT-SWAP&bar=5m&limit=89 "HTTP/2 200 OK"
2026-03-25 19:12:48,112 | INFO | httpx | _client:_send_single_request:1025 | HTTP Request: GET https://www.okx.com/api/v5/market/candles?instId=BTC-USDT-SWAP&bar=5m&limit=97 "HTTP/2 200 OK"
2026-03-25 19:12:48,356 | INFO | httpx | _client:_send_single_request:1025 | HTTP Request: GET https://www.okx.com/api/v5/market/history-trades?instId=BTC-USDT-SWAP&limit=100 "HTTP/2 200 OK"
2026-03-25 19:12:48,366 | INFO | httpx | _client:_send_single_request:1025 | HTTP Request: GET https://www.okx.com/api/v5/market/ticker?instId=HBAR-USDT-SWAP "HTTP/2 200 OK"
2026-03-25 19:12:48,604 | INFO | httpx | _client:_send_single_request:1025 | HTTP Request: GET https://www.okx.com/api/v5/market/candles?instId=HBAR-USDT-SWAP&bar=5m&limit=89 "HTTP/2 200 OK"
2026-03-25 19:12:48,615 | INFO | httpx | _client:_send_single_request:1025 | HTTP Request: GET https://www.okx.com/api/v5/market/candles?instId=CAT-USDT-SWAP&bar=15m&limit=121 "HTTP/2 200 OK"
2026-03-25 19:12:49,007 | INFO | httpx | _client:_send_single_request:1025 | HTTP Request: GET https://www.okx.com/api/v5/market/candles?instId=CAT-USDT-SWAP&bar=5m&limit=97 "HTTP/2 200 OK"
2026-03-25 19:12:49,039 | INFO | httpx | _client:_send_single_request:1025 | HTTP Request: GET https://www.okx.com/api/v5/market/ticker?instId=HMSTR-USDT-SWAP "HTTP/2 200 OK"
2026-03-25 19:12:49,333 | INFO | httpx | _client:_send_single_request:1025 | HTTP Request: GET https://www.okx.com/api/v5/market/history-trades?instId=CAT-USDT-SWAP&limit=100 "HTTP/2 200 OK"
2026-03-25 19:12:49,348 | INFO | httpx | _client:_send_single_request:1025 | HTTP Request: GET https://www.okx.com/api/v5/market/candles?instId=HMSTR-USDT-SWAP&bar=5m&limit=89 "HTTP/2 200 OK"
2026-03-25 19:12:49,603 | INFO | httpx | _client:_send_single_request:1025 | HTTP Request: GET https://www.okx.com/api/v5/market/books?instId=CAT-USDT-SWAP&sz=5 "HTTP/2 200 OK"
2026-03-25 19:12:49,765 | INFO | httpx | _client:_send_single_request:1025 | HTTP Request: GET https://www.okx.com/api/v5/market/ticker?instId=HOME-USDT-SWAP "HTTP/2 200 OK"
2026-03-25 19:12:49,909 | INFO | httpx | _client:_send_single_request:1025 | HTTP Request: GET https://www.okx.com/api/v5/market/candles?instId=CATI-USDT-SWAP&bar=15m&limit=121 "HTTP/2 200 OK"
2026-03-25 19:12:50,023 | INFO | httpx | _client:_send_single_request:1025 | HTTP Request: GET https://www.okx.com/api/v5/market/candles?instId=HOME-USDT-SWAP&bar=5m&limit=89 "HTTP/2 200 OK"
2026-03-25 19:12:50,218 | INFO | httpx | _client:_send_single_request:1025 | HTTP Request: GET https://www.okx.com/api/v5/market/candles?instId=CATI-USDT-SWAP&bar=5m&limit=97 "HTTP/2 200 OK"
2026-03-25 19:12:50,445 | INFO | httpx | _client:_send_single_request:1025 | HTTP Request: GET https://www.okx.com/api/v5/market/ticker?instId=ICP-USDT-SWAP "HTTP/2 200 OK"
2026-03-25 19:12:50,489 | INFO | httpx | _client:_send_single_request:1025 | HTTP Request: GET https://www.okx.com/api/v5/market/history-trades?instId=CATI-USDT-SWAP&limit=100 "HTTP/2 200 OK"
2026-03-25 19:12:50,685 | INFO | httpx | _client:_send_single_request:1025 | HTTP Request: GET https://www.okx.com/api/v5/market/candles?instId=ICP-USDT-SWAP&bar=5m&limit=89 "HTTP/2 200 OK"
2026-03-25 19:12:50,751 | INFO | httpx | _client:_send_single_request:1025 | HTTP Request: GET https://www.okx.com/api/v5/market/books?instId=CATI-USDT-SWAP&sz=5 "HTTP/2 200 OK"
2026-03-25 19:12:51,056 | INFO | httpx | _client:_send_single_request:1025 | HTTP Request: GET https://www.okx.com/api/v5/market/candles?instId=CELO-USDT-SWAP&bar=15m&limit=121 "HTTP/2 200 OK"
2026-03-25 19:12:51,122 | INFO | httpx | _client:_send_single_request:1025 | HTTP Request: GET https://www.okx.com/api/v5/market/ticker?instId=IMX-USDT-SWAP "HTTP/2 200 OK"
2026-03-25 19:12:51,351 | INFO | httpx | _client:_send_single_request:1025 | HTTP Request: GET https://www.okx.com/api/v5/market/candles?instId=CELO-USDT-SWAP&bar=5m&limit=97 "HTTP/2 200 OK"
2026-03-25 19:12:51,371 | INFO | httpx | _client:_send_single_request:1025 | HTTP Request: GET https://www.okx.com/api/v5/market/candles?instId=IMX-USDT-SWAP&bar=5m&limit=89 "HTTP/2 200 OK"
2026-03-25 19:12:51,613 | INFO | httpx | _client:_send_single_request:1025 | HTTP Request: GET https://www.okx.com/api/v5/market/history-trades?instId=CELO-USDT-SWAP&limit=100 "HTTP/2 200 OK"
2026-03-25 19:12:51,801 | INFO | httpx | _client:_send_single_request:1025 | HTTP Request: GET https://www.okx.com/api/v5/market/ticker?instId=INJ-USDT-SWAP "HTTP/2 200 OK"
2026-03-25 19:12:51,870 | INFO | httpx | _client:_send_single_request:1025 | HTTP Request: GET https://www.okx.com/api/v5/market/candles?instId=CFX-USDT-SWAP&bar=15m&limit=121 "HTTP/2 200 OK"
2026-03-25 19:12:52,049 | INFO | httpx | _client:_send_single_request:1025 | HTTP Request: GET https://www.okx.com/api/v5/market/candles?instId=INJ-USDT-SWAP&bar=5m&limit=89 "HTTP/2 200 OK"
2026-03-25 19:12:52,214 | INFO | httpx | _client:_send_single_request:1025 | HTTP Request: GET https://www.okx.com/api/v5/market/candles?instId=CFX-USDT-SWAP&bar=5m&limit=97 "HTTP/2 200 OK"
2026-03-25 19:12:52,467 | INFO | httpx | _client:_send_single_request:1025 | HTTP Request: GET https://www.okx.com/api/v5/market/ticker?instId=IOTA-USDT-SWAP "HTTP/2 200 OK"
2026-03-25 19:12:52,497 | INFO | httpx | _client:_send_single_request:1025 | HTTP Request: GET https://www.okx.com/api/v5/market/history-trades?instId=CFX-USDT-SWAP&limit=100 "HTTP/2 200 OK"
2026-03-25 19:12:52,704 | INFO | httpx | _client:_send_single_request:1025 | HTTP Request: GET https://www.okx.com/api/v5/market/candles?instId=IOTA-USDT-SWAP&bar=5m&limit=89 "HTTP/2 200 OK"
2026-03-25 19:12:52,753 | INFO | httpx | _client:_send_single_request:1025 | HTTP Request: GET https://www.okx.com/api/v5/market/books?instId=CFX-USDT-SWAP&sz=5 "HTTP/2 200 OK"
2026-03-25 19:12:53,071 | INFO | httpx | _client:_send_single_request:1025 | HTTP Request: GET https://www.okx.com/api/v5/market/candles?instId=CHZ-USDT-SWAP&bar=15m&limit=121 "HTTP/2 200 OK"
2026-03-25 19:12:53,124 | INFO | httpx | _client:_send_single_request:1025 | HTTP Request: GET https://www.okx.com/api/v5/market/ticker?instId=JUP-USDT-SWAP "HTTP/2 200 OK"
2026-03-25 19:12:53,324 | INFO | httpx | _client:_send_single_request:1025 | HTTP Request: GET https://www.okx.com/api/v5/market/candles?instId=CHZ-USDT-SWAP&bar=5m&limit=97 "HTTP/2 200 OK"
2026-03-25 19:12:53,426 | INFO | httpx | _client:_send_single_request:1025 | HTTP Request: GET https://www.okx.com/api/v5/market/candles?instId=JUP-USDT-SWAP&bar=5m&limit=89 "HTTP/2 200 OK"
2026-03-25 19:12:53,581 | INFO | httpx | _client:_send_single_request:1025 | HTTP Request: GET https://www.okx.com/api/v5/market/history-trades?instId=CHZ-USDT-SWAP&limit=100 "HTTP/2 200 OK"
2026-03-25 19:12:53,849 | INFO | httpx | _client:_send_single_request:1025 | HTTP Request: GET https://www.okx.com/api/v5/market/ticker?instId=KAITO-USDT-SWAP "HTTP/2 200 OK"
2026-03-25 19:12:53,902 | INFO | httpx | _client:_send_single_request:1025 | HTTP Request: GET https://www.okx.com/api/v5/market/books?instId=CHZ-USDT-SWAP&sz=5 "HTTP/2 200 OK"
2026-03-25 19:12:54,146 | INFO | httpx | _client:_send_single_request:1025 | HTTP Request: GET https://www.okx.com/api/v5/market/candles?instId=KAITO-USDT-SWAP&bar=5m&limit=89 "HTTP/2 200 OK"
2026-03-25 19:12:54,156 | INFO | httpx | _client:_send_single_request:1025 | HTTP Request: GET https://www.okx.com/api/v5/market/candles?instId=COAI-USDT-SWAP&bar=15m&limit=121 "HTTP/2 200 OK"
2026-03-25 19:12:54,411 | INFO | httpx | _client:_send_single_request:1025 | HTTP Request: GET https://www.okx.com/api/v5/market/candles?instId=COAI-USDT-SWAP&bar=5m&limit=97 "HTTP/2 200 OK"
2026-03-25 19:12:54,634 | INFO | httpx | _client:_send_single_request:1025 | HTTP Request: GET https://www.okx.com/api/v5/market/ticker?instId=KSM-USDT-SWAP "HTTP/2 200 OK"
2026-03-25 19:12:54,743 | INFO | httpx | _client:_send_single_request:1025 | HTTP Request: GET https://www.okx.com/api/v5/market/history-trades?instId=COAI-USDT-SWAP&limit=100 "HTTP/2 200 OK"
2026-03-25 19:12:54,937 | INFO | httpx | _client:_send_single_request:1025 | HTTP Request: GET https://www.okx.com/api/v5/market/candles?instId=KSM-USDT-SWAP&bar=5m&limit=89 "HTTP/2 200 OK"
2026-03-25 19:12:55,001 | INFO | httpx | _client:_send_single_request:1025 | HTTP Request: GET https://www.okx.com/api/v5/market/books?instId=COAI-USDT-SWAP&sz=5 "HTTP/2 200 OK"
