2026-03-22 19:16:34,193 | INFO | HTTP Request: GET https://www.okx.com/api/v5/market/ticker?instId=BLUAI-USDT-SWAP "HTTP/2 200 OK"
2026-03-22 19:16:34,260 | INFO | HTTP Request: GET https://www.okx.com/api/v5/market/candles?instId=BTC-USDT-SWAP&bar=5m&limit=64 "HTTP/2 200 OK"
2026-03-22 19:16:34,404 | INFO | HTTP Request: GET https://www.okx.com/api/v5/trade/orders-algo-pending?ordType=conditional&instType=SWAP&instId=INJ-USDT-SWAP "HTTP/2 200 OK"
2026-03-22 19:16:34,442 | INFO | HTTP Request: GET https://www.okx.com/api/v5/market/candles?instId=BLUAI-USDT-SWAP&bar=5m&limit=89 "HTTP/2 200 OK"
2026-03-22 19:16:34,655 | INFO | HTTP Request: GET https://www.okx.com/api/v5/trade/orders-algo-pending?ordType=oco&instType=SWAP&instId=INJ-USDT-SWAP "HTTP/2 200 OK"
2026-03-22 19:16:34,908 | INFO | HTTP Request: GET https://www.okx.com/api/v5/trade/orders-algo-pending?ordType=trigger&instType=SWAP&instId=INJ-USDT-SWAP "HTTP/2 200 OK"
2026-03-22 19:16:34,933 | INFO | HTTP Request: GET https://www.okx.com/api/v5/market/ticker?instId=BNB-USDT-SWAP "HTTP/2 200 OK"
2026-03-22 19:16:35,167 | INFO | HTTP Request: GET https://www.okx.com/api/v5/market/candles?instId=BNB-USDT-SWAP&bar=5m&limit=89 "HTTP/2 200 OK"
2026-03-22 19:16:35,217 | INFO | HTTP Request: GET https://www.okx.com/api/v5/trade/orders-algo-pending?ordType=move_order_stop&instType=SWAP&instId=INJ-USDT-SWAP "HTTP/2 200 OK"
2026-03-22 19:16:35,516 | INFO | HTTP Request: GET https://www.okx.com/api/v5/trade/orders-algo-pending?ordType=iceberg&instType=SWAP&instId=INJ-USDT-SWAP "HTTP/2 200 OK"
2026-03-22 19:16:35,642 | INFO | HTTP Request: GET https://www.okx.com/api/v5/market/ticker?instId=BOME-USDT-SWAP "HTTP/2 200 OK"
2026-03-22 19:16:35,760 | INFO | HTTP Request: GET https://www.okx.com/api/v5/trade/orders-algo-pending?ordType=twap&instType=SWAP&instId=INJ-USDT-SWAP "HTTP/2 200 OK"
2026-03-22 19:16:35,967 | INFO | HTTP Request: GET https://www.okx.com/api/v5/market/candles?instId=BOME-USDT-SWAP&bar=5m&limit=89 "HTTP/2 200 OK"
2026-03-22 19:16:36,064 | INFO | HTTP Request: GET https://www.okx.com/api/v5/trade/orders-algo-pending?ordType=chase&instType=SWAP&instId=INJ-USDT-SWAP "HTTP/2 200 OK"
2026-03-22 19:16:36,397 | INFO | HTTP Request: GET https://www.okx.com/api/v5/market/ticker?instId=BRETT-USDT-SWAP "HTTP/2 200 OK"
2026-03-22 19:16:36,630 | INFO | HTTP Request: GET https://www.okx.com/api/v5/market/candles?instId=BRETT-USDT-SWAP&bar=5m&limit=89 "HTTP/2 200 OK"
2026-03-22 19:16:36,650 | INFO | HTTP Request: GET https://www.okx.com/api/v5/trade/orders-algo-pending?ordType=conditional&instType=SWAP&instId=INJ-USDT-SWAP "HTTP/2 200 OK"
2026-03-22 19:16:36,964 | INFO | HTTP Request: GET https://www.okx.com/api/v5/trade/orders-algo-pending?ordType=oco&instType=SWAP&instId=INJ-USDT-SWAP "HTTP/2 200 OK"
2026-03-22 19:16:37,128 | INFO | HTTP Request: GET https://www.okx.com/api/v5/market/ticker?instId=BTC-USDT-SWAP "HTTP/2 200 OK"
2026-03-22 19:16:37,261 | INFO | HTTP Request: GET https://www.okx.com/api/v5/trade/orders-algo-pending?ordType=trigger&instType=SWAP&instId=INJ-USDT-SWAP "HTTP/2 200 OK"
2026-03-22 19:16:37,563 | INFO | HTTP Request: GET https://www.okx.com/api/v5/trade/orders-algo-pending?ordType=move_order_stop&instType=SWAP&instId=INJ-USDT-SWAP "HTTP/2 200 OK"
2026-03-22 19:16:37,607 | INFO | HTTP Request: GET https://www.okx.com/api/v5/market/ticker?instId=CAT-USDT-SWAP "HTTP/2 200 OK"
2026-03-22 19:16:37,806 | INFO | HTTP Request: GET https://www.okx.com/api/v5/trade/orders-algo-pending?ordType=iceberg&instType=SWAP&instId=INJ-USDT-SWAP "HTTP/2 200 OK"
2026-03-22 19:16:37,915 | INFO | HTTP Request: GET https://www.okx.com/api/v5/market/candles?instId=CAT-USDT-SWAP&bar=5m&limit=89 "HTTP/2 200 OK"
2026-03-22 19:16:38,116 | INFO | HTTP Request: GET https://www.okx.com/api/v5/trade/orders-algo-pending?ordType=twap&instType=SWAP&instId=INJ-USDT-SWAP "HTTP/2 200 OK"
2026-03-22 19:16:38,355 | INFO | HTTP Request: GET https://www.okx.com/api/v5/market/ticker?instId=CATI-USDT-SWAP "HTTP/2 200 OK"
2026-03-22 19:16:38,417 | INFO | HTTP Request: GET https://www.okx.com/api/v5/trade/orders-algo-pending?ordType=chase&instType=SWAP&instId=INJ-USDT-SWAP "HTTP/2 200 OK"
2026-03-22 19:16:38,661 | INFO | HTTP Request: GET https://www.okx.com/api/v5/market/candles?instId=CATI-USDT-SWAP&bar=5m&limit=89 "HTTP/2 200 OK"
2026-03-22 19:16:39,070 | INFO | HTTP Request: GET https://www.okx.com/api/v5/trade/orders-algo-pending?ordType=conditional&instType=SWAP&instId=INJ-USDT-SWAP "HTTP/2 200 OK"
2026-03-22 19:16:39,075 | INFO | HTTP Request: GET https://www.okx.com/api/v5/market/ticker?instId=CELO-USDT-SWAP "HTTP/2 200 OK"
2026-03-22 19:16:39,380 | INFO | HTTP Request: GET https://www.okx.com/api/v5/trade/orders-algo-pending?ordType=oco&instType=SWAP&instId=INJ-USDT-SWAP "HTTP/2 200 OK"
2026-03-22 19:16:39,385 | INFO | HTTP Request: GET https://www.okx.com/api/v5/market/candles?instId=CELO-USDT-SWAP&bar=5m&limit=89 "HTTP/2 200 OK"
2026-03-22 19:16:39,693 | INFO | HTTP Request: GET https://www.okx.com/api/v5/trade/orders-algo-pending?ordType=trigger&instType=SWAP&instId=INJ-USDT-SWAP "HTTP/2 200 OK"
2026-03-22 19:16:39,801 | INFO | HTTP Request: GET https://www.okx.com/api/v5/market/ticker?instId=CFX-USDT-SWAP "HTTP/2 200 OK"
