2026-03-27 00:24:07,913 | ERROR | root | market_scanner_runtime:refresh_symbol:305 | Scanner refresh temporary failure for CATI-USDT-SWAP: [WinError 10035] Операция на незаблокированном сокете не может быть завершена немедленно
2026-03-27 00:29:31,345 | ERROR | root | market_scanner_runtime:refresh_symbol:305 | Scanner refresh temporary failure for SUSHI-USDT-SWAP: [WinError 10035] Операция на незаблокированном сокете не может быть завершена немедленно
2026-03-27 00:29:38,922 | ERROR | root | market_scanner_runtime:refresh_symbol:305 | Scanner refresh temporary failure for XAG-USDT-SWAP: [WinError 10035] Операция на незаблокированном сокете не может быть завершена немедленно
2026-03-27 00:59:27,459 | ERROR | root | market_scanner_runtime:refresh_symbol:305 | Scanner refresh temporary failure for YB-USDT-SWAP: [WinError 10035] Операция на незаблокированном сокете не может быть завершена немедленно
2026-03-27 01:07:14,497 | ERROR | root | market_scanner_runtime:refresh_symbol:305 | Scanner refresh temporary failure for PIGGY-USDT-SWAP: [WinError 10035] Операция на незаблокированном сокете не может быть завершена немедленно
2026-03-27 01:27:41,770 | ERROR | root | market_scanner_runtime:refresh_symbol:305 | Scanner refresh temporary failure for ROBO-USDT-SWAP: [WinError 10035] Операция на незаблокированном сокете не может быть завершена немедленно
2026-03-27 01:31:21,398 | ERROR | root | market_scanner_runtime:refresh_symbol:305 | Scanner refresh temporary failure for LINK-USDT-SWAP: [WinError 10035] Операция на незаблокированном сокете не может быть завершена немедленно
2026-03-27 01:34:18,888 | ERROR | root | market_scanner_runtime:refresh_symbol:305 | Scanner refresh temporary failure for ASTER-USDT-SWAP: [WinError 10035] Операция на незаблокированном сокете не может быть завершена немедленно
2026-03-27 01:36:04,512 | ERROR | root | market_scanner_runtime:refresh_symbol:305 | Scanner refresh temporary failure for TSLA-USDT-SWAP: [WinError 10035] Операция на незаблокированном сокете не может быть завершена немедленно
2026-03-27 01:50:27,090 | ERROR | root | market_scanner_runtime:refresh_symbol:305 | Scanner refresh temporary failure for H-USDT-SWAP: [WinError 10035] Операция на незаблокированном сокете не может быть завершена немедленно
2026-03-27 01:59:42,760 | ERROR | root | market_scanner_runtime:refresh_symbol:305 | Scanner refresh temporary failure for YB-USDT-SWAP: [WinError 10035] Операция на незаблокированном сокете не может быть завершена немедленно
2026-03-27 02:05:29,140 | ERROR | root | market_scanner_runtime:refresh_symbol:305 | Scanner refresh temporary failure for 1INCH-USDT-SWAP: [WinError 10035] Операция на незаблокированном сокете не может быть завершена немедленно
2026-03-27 02:17:41,865 | ERROR | root | market_scanner_runtime:refresh_symbol:305 | Scanner refresh temporary failure for BCH-USDT-SWAP: [WinError 10035] Операция на незаблокированном сокете не может быть завершена немедленно
2026-03-27 02:18:05,549 | ERROR | root | market_scanner_runtime:refresh_symbol:305 | Scanner refresh temporary failure for EOS-USDT-SWAP: [WinError 10035] Операция на незаблокированном сокете не может быть завершена немедленно
2026-03-27 02:22:20,477 | ERROR | root | market_scanner_runtime:refresh_symbol:305 | Scanner refresh temporary failure for HMSTR-USDT-SWAP: [WinError 10035] Операция на незаблокированном сокете не может быть завершена немедленно
2026-03-27 02:25:27,833 | ERROR | root | market_scanner_runtime:refresh_symbol:305 | Scanner refresh temporary failure for ROBO-USDT-SWAP: [WinError 10035] Операция на незаблокированном сокете не может быть завершена немедленно
2026-03-27 02:38:52,436 | ERROR | root | market_scanner_runtime:refresh_symbol:305 | Scanner refresh temporary failure for AKITA-USDT-SWAP: [WinError 10035] Операция на незаблокированном сокете не может быть завершена немедленно
2026-03-27 02:39:33,059 | ERROR | root | market_scanner_runtime:refresh_symbol:305 | Scanner refresh temporary failure for ETHW-USDT-SWAP: [WinError 10035] Операция на незаблокированном сокете не может быть завершена немедленно
2026-03-27 02:44:32,931 | ERROR | root | market_scanner_runtime:refresh_symbol:305 | Scanner refresh temporary failure for MAGIC-USDT-SWAP: [WinError 10035] Операция на незаблокированном сокете не может быть завершена немедленно
2026-03-27 02:52:18,664 | ERROR | root | market_scanner_runtime:refresh_symbol:305 | Scanner refresh temporary failure for CAT-USDT-SWAP: [WinError 10035] Операция на незаблокированном сокете не может быть завершена немедленно
2026-03-27 02:57:00,363 | ERROR | root | market_scanner_runtime:refresh_symbol:305 | Scanner refresh temporary failure for HMSTR-USDT-SWAP: [WinError 10035] Операция на незаблокированном сокете не может быть завершена немедленно
2026-03-27 03:01:18,983 | ERROR | root | market_scanner_runtime:refresh_symbol:305 | Scanner refresh temporary failure for H-USDT-SWAP: [WinError 10035] Операция на незаблокированном сокете не может быть завершена немедленно
2026-03-27 03:24:02,669 | ERROR | root | market_scanner_runtime:refresh_symbol:305 | Scanner refresh temporary failure for ZBCN-USDT-SWAP: [WinError 10035] Операция на незаблокированном сокете не может быть завершена немедленно
2026-03-27 03:28:01,471 | ERROR | root | market_scanner_runtime:refresh_symbol:305 | Scanner refresh temporary failure for SHIB-USDT-SWAP: [WinError 10035] Операция на незаблокированном сокете не может быть завершена немедленно
2026-03-27 03:28:01,915 | ERROR | root | market_scanner_runtime:refresh_symbol:305 | Scanner refresh temporary failure for SKY-USDT-SWAP: [WinError 10035] Операция на незаблокированном сокете не может быть завершена немедленно
2026-03-27 03:37:07,453 | ERROR | root | market_scanner_runtime:refresh_symbol:305 | Scanner refresh temporary failure for NOT-USDT-SWAP: [WinError 10035] Операция на незаблокированном сокете не может быть завершена немедленно
2026-03-27 03:42:05,946 | ERROR | root | market_scanner_runtime:refresh_symbol:305 | Scanner refresh temporary failure for XAU-USDT-SWAP: [WinError 10035] Операция на незаблокированном сокете не может быть завершена немедленно
2026-03-27 03:45:27,065 | ERROR | root | market_scanner_runtime:refresh_symbol:305 | Scanner refresh temporary failure for H-USDT-SWAP: [WinError 10035] Операция на незаблокированном сокете не может быть завершена немедленно
2026-03-27 04:02:45,539 | ERROR | root | market_scanner_runtime:refresh_symbol:305 | Scanner refresh temporary failure for LIT-USDT-SWAP: [WinError 10035] Операция на незаблокированном сокете не может быть завершена немедленно
2026-03-27 04:21:19,954 | ERROR | root | market_scanner_runtime:refresh_symbol:305 | Scanner refresh temporary failure for SKY-USDT-SWAP: [WinError 10035] Операция на незаблокированном сокете не может быть завершена немедленно
2026-03-27 04:24:49,821 | ERROR | root | market_scanner_runtime:refresh_symbol:305 | Scanner refresh temporary failure for AVAX-USDT-SWAP: [WinError 10035] Операция на незаблокированном сокете не может быть завершена немедленно
2026-03-27 04:55:01,026 | ERROR | root | market_scanner_runtime:refresh_symbol:305 | Scanner refresh temporary failure for MAGIC-USDT-SWAP: [WinError 10035] Операция на незаблокированном сокете не может быть завершена немедленно
2026-03-27 04:55:04,528 | ERROR | root | market_scanner_runtime:refresh_symbol:305 | Scanner refresh temporary failure for MET-USDT-SWAP: [WinError 10035] Операция на незаблокированном сокете не может быть завершена немедленно
2026-03-27 05:04:29,618 | ERROR | root | market_scanner_runtime:refresh_symbol:305 | Scanner refresh temporary failure for LRC-USDT-SWAP: [WinError 10035] Операция на незаблокированном сокете не может быть завершена немедленно
2026-03-27 05:08:23,610 | ERROR | root | market_scanner_runtime:refresh_symbol:305 | Scanner refresh temporary failure for ATOM-USDT-SWAP: [WinError 10035] Операция на незаблокированном сокете не может быть завершена немедленно
2026-03-27 05:09:14,732 | ERROR | root | market_scanner_runtime:refresh_symbol:305 | Scanner refresh temporary failure for ETHW-USDT-SWAP: [WinError 10035] Операция на незаблокированном сокете не может быть завершена немедленно
2026-03-27 05:13:52,729 | ERROR | root | market_scanner_runtime:refresh_symbol:305 | Scanner refresh temporary failure for ETH-USDT-SWAP: [WinError 10035] Операция на незаблокированном сокете не может быть завершена немедленно
2026-03-27 05:23:06,528 | ERROR | root | market_scanner_runtime:refresh_symbol:305 | Scanner refresh temporary failure for CELO-USDT-SWAP: [WinError 10035] Операция на незаблокированном сокете не может быть завершена немедленно
2026-03-27 05:49:03,175 | ERROR | root | market_scanner_runtime:refresh_symbol:305 | Scanner refresh temporary failure for TRX-USDT-SWAP: [WinError 10035] Операция на незаблокированном сокете не может быть завершена немедленно
2026-03-27 05:53:03,921 | ERROR | root | market_scanner_runtime:refresh_symbol:305 | Scanner refresh temporary failure for LDO-USDT-SWAP: [WinError 10035] Операция на незаблокированном сокете не может быть завершена немедленно
2026-03-27 05:53:04,482 | ERROR | root | market_scanner_runtime:refresh_symbol:305 | Scanner refresh temporary failure for LINEA-USDT-SWAP: [WinError 10035] Операция на незаблокированном сокете не может быть завершена немедленно
2026-03-27 05:53:22,484 | ERROR | root | market_scanner_runtime:refresh_symbol:305 | Scanner refresh temporary failure for RESOLV-USDT-SWAP: [WinError 10035] Операция на незаблокированном сокете не может быть завершена немедленно
2026-03-27 06:08:14,530 | ERROR | root | market_scanner_runtime:refresh_symbol:305 | Scanner refresh temporary failure for XPL-USDT-SWAP: [WinError 10035] Операция на незаблокированном сокете не может быть завершена немедленно
2026-03-27 06:16:05,386 | ERROR | root | market_scanner_runtime:refresh_symbol:305 | Scanner refresh temporary failure for CAT-USDT-SWAP: [WinError 10035] Операция на незаблокированном сокете не может быть завершена немедленно
2026-03-27 06:20:44,946 | ERROR | root | market_scanner_runtime:refresh_symbol:305 | Scanner refresh temporary failure for CRO-USDT-SWAP: [WinError 10035] Операция на незаблокированном сокете не может быть завершена немедленно
2026-03-27 06:27:44,242 | ERROR | root | market_scanner_runtime:refresh_symbol:305 | Scanner refresh temporary failure for XTZ-USDT-SWAP: [WinError 10035] Операция на незаблокированном сокете не может быть завершена немедленно
2026-03-27 06:45:11,843 | ERROR | root | market_scanner_runtime:refresh_symbol:305 | Scanner refresh temporary failure for BLUAI-USDT-SWAP: [WinError 10035] Операция на незаблокированном сокете не может быть завершена немедленно
2026-03-27 06:49:19,027 | ERROR | root | market_scanner_runtime:refresh_symbol:305 | Scanner refresh temporary failure for XAU-USDT-SWAP: [WinError 10035] Операция на незаблокированном сокете не может быть завершена немедленно
2026-03-27 06:49:51,404 | ERROR | root | market_scanner_runtime:refresh_symbol:305 | Scanner refresh temporary failure for BAND-USDT-SWAP: [WinError 10035] Операция на незаблокированном сокете не может быть завершена немедленно
2026-03-27 06:49:53,394 | ERROR | root | market_scanner_runtime:refresh_symbol:305 | Scanner refresh temporary failure for BIO-USDT-SWAP: [WinError 10035] Операция на незаблокированном сокете не может быть завершена немедленно
2026-03-27 06:50:18,654 | ERROR | root | market_scanner_runtime:refresh_symbol:305 | Scanner refresh temporary failure for ETHW-USDT-SWAP: [WinError 10035] Операция на незаблокированном сокете не может быть завершена немедленно
2026-03-27 06:51:33,336 | ERROR | root | market_scanner_runtime:refresh_symbol:305 | Scanner refresh temporary failure for XAG-USDT-SWAP: [WinError 10035] Операция на незаблокированном сокете не может быть завершена немедленно
2026-03-27 07:17:32,238 | ERROR | root | market_scanner_runtime:refresh_symbol:305 | Scanner refresh temporary failure for SUSHI-USDT-SWAP: [WinError 10035] Операция на незаблокированном сокете не может быть завершена немедленно
2026-03-27 07:26:04,781 | ERROR | root | market_scanner_runtime:refresh_symbol:305 | Scanner refresh temporary failure for NOT-USDT-SWAP: [WinError 10035] Операция на незаблокированном сокете не может быть завершена немедленно
2026-03-27 07:47:35,131 | ERROR | root | market_scanner_runtime:refresh_symbol:305 | Scanner refresh temporary failure for LIT-USDT-SWAP: [WinError 10035] Операция на незаблокированном сокете не может быть завершена немедленно
2026-03-27 07:59:20,940 | ERROR | root | market_scanner_runtime:refresh_symbol:305 | Scanner refresh temporary failure for GMT-USDT-SWAP: [WinError 10035] Операция на незаблокированном сокете не может быть завершена немедленно
2026-03-27 07:59:28,002 | ERROR | root | market_scanner_runtime:refresh_symbol:305 | Scanner refresh temporary failure for ICP-USDT-SWAP: [WinError 10035] Операция на незаблокированном сокете не может быть завершена немедленно
