2026-03-24 22:25:28,658 | INFO | HTTP Request: GET https://www.okx.com/api/v5/market/ticker?instId=PEPE-USDT-SWAP "HTTP/2 200 OK"
2026-03-24 22:25:28,689 | INFO | HTTP Request: POST https://www.okx.com/api/v5/trade/amend-algos "HTTP/2 200 OK"
2026-03-24 22:25:28,931 | INFO | HTTP Request: GET https://www.okx.com/api/v5/trade/orders-algo-pending?ordType=conditional&instType=SWAP&instId=ICP-USDT-SWAP "HTTP/2 200 OK"
2026-03-24 22:25:29,078 | INFO | HTTP Request: GET https://www.okx.com/api/v5/market/ticker?instId=PIGGY-USDT-SWAP "HTTP/2 200 OK"
2026-03-24 22:25:29,180 | INFO | HTTP Request: GET https://www.okx.com/api/v5/trade/orders-algo-pending?ordType=trigger&instType=SWAP&instId=ICP-USDT-SWAP "HTTP/2 200 OK"
2026-03-24 22:25:29,423 | INFO | HTTP Request: GET https://www.okx.com/api/v5/trade/orders-algo-pending?ordType=move_order_stop&instType=SWAP&instId=ICP-USDT-SWAP "HTTP/2 200 OK"
2026-03-24 22:25:29,501 | INFO | HTTP Request: GET https://www.okx.com/api/v5/market/ticker?instId=QTUM-USDT-SWAP "HTTP/2 200 OK"
2026-03-24 22:25:29,667 | INFO | HTTP Request: GET https://www.okx.com/api/v5/trade/orders-algo-pending?ordType=conditional&instType=SWAP&instId=ICP-USDT-SWAP "HTTP/2 200 OK"
2026-03-24 22:25:29,971 | INFO | HTTP Request: GET https://www.okx.com/api/v5/trade/orders-algo-pending?ordType=trigger&instType=SWAP&instId=ICP-USDT-SWAP "HTTP/2 200 OK"
2026-03-24 22:25:29,978 | INFO | HTTP Request: GET https://www.okx.com/api/v5/market/ticker?instId=RAVE-USDT-SWAP "HTTP/2 200 OK"
2026-03-24 22:25:30,217 | INFO | HTTP Request: GET https://www.okx.com/api/v5/trade/orders-algo-pending?ordType=move_order_stop&instType=SWAP&instId=ICP-USDT-SWAP "HTTP/2 200 OK"
2026-03-24 22:25:30,330 | INFO | HTTP Request: GET https://www.okx.com/api/v5/market/candles?instId=BTC-USDT-SWAP&bar=5m&limit=64 "HTTP/2 200 OK"
2026-03-24 22:25:30,400 | INFO | HTTP Request: GET https://www.okx.com/api/v5/market/ticker?instId=RESOLV-USDT-SWAP "HTTP/2 200 OK"
2026-03-24 22:25:30,463 | INFO | HTTP Request: GET https://www.okx.com/api/v5/trade/orders-algo-pending?ordType=conditional&instType=SWAP&instId=ICP-USDT-SWAP "HTTP/2 200 OK"
2026-03-24 22:25:30,709 | INFO | HTTP Request: GET https://www.okx.com/api/v5/trade/orders-algo-pending?ordType=trigger&instType=SWAP&instId=ICP-USDT-SWAP "HTTP/2 200 OK"
2026-03-24 22:25:30,824 | INFO | HTTP Request: GET https://www.okx.com/api/v5/market/ticker?instId=ROBO-USDT-SWAP "HTTP/2 200 OK"
2026-03-24 22:25:30,961 | INFO | HTTP Request: GET https://www.okx.com/api/v5/trade/orders-algo-pending?ordType=move_order_stop&instType=SWAP&instId=ICP-USDT-SWAP "HTTP/2 200 OK"
2026-03-24 22:25:31,208 | INFO | HTTP Request: GET https://www.okx.com/api/v5/trade/orders-algo-pending?ordType=conditional&instType=SWAP&instId=ICP-USDT-SWAP "HTTP/2 200 OK"
2026-03-24 22:25:31,243 | INFO | HTTP Request: GET https://www.okx.com/api/v5/market/ticker?instId=SAND-USDT-SWAP "HTTP/2 200 OK"
2026-03-24 22:25:31,455 | INFO | HTTP Request: GET https://www.okx.com/api/v5/trade/orders-algo-pending?ordType=trigger&instType=SWAP&instId=ICP-USDT-SWAP "HTTP/2 200 OK"
2026-03-24 22:25:31,665 | INFO | HTTP Request: GET https://www.okx.com/api/v5/market/ticker?instId=SCR-USDT-SWAP "HTTP/2 200 OK"
2026-03-24 22:25:31,701 | INFO | HTTP Request: GET https://www.okx.com/api/v5/trade/orders-algo-pending?ordType=move_order_stop&instType=SWAP&instId=ICP-USDT-SWAP "HTTP/2 200 OK"
2026-03-24 22:25:31,702 | INFO | Placing exchange stop ICP-USDT-SWAP long payload={'instId': 'ICP-USDT-SWAP', 'tdMode': 'isolated', 'side': 'sell', 'posSide': 'net', 'ordType': 'conditional', 'reduceOnly': 'true', 'closeFraction': '1', 'algoClOrdId': 'SLUSDTSWAP380331702', 'slTriggerPx': '2.3577', 'slTriggerPxType': 'mark', 'slOrdPx': '-1'}
2026-03-24 22:25:31,948 | INFO | HTTP Request: POST https://www.okx.com/api/v5/trade/order-algo "HTTP/2 200 OK"
2026-03-24 22:25:31,949 | INFO | Closing position ICP-USDT-SWAP. Синхронизация: позиция отсутствует на бирже
2026-03-24 22:25:32,086 | INFO | HTTP Request: GET https://www.okx.com/api/v5/market/ticker?instId=SHIB-USDT-SWAP "HTTP/2 200 OK"
2026-03-24 22:25:32,195 | INFO | HTTP Request: POST https://www.okx.com/api/v5/trade/close-position "HTTP/2 200 OK"
2026-03-24 22:25:32,441 | INFO | HTTP Request: GET https://www.okx.com/api/v5/market/candles?instId=ICP-USDT-SWAP&bar=5m&limit=97 "HTTP/2 200 OK"
2026-03-24 22:25:32,509 | INFO | HTTP Request: GET https://www.okx.com/api/v5/market/ticker?instId=SKY-USDT-SWAP "HTTP/2 200 OK"
2026-03-24 22:25:32,849 | INFO | HTTP Request: GET https://www.okx.com/api/v5/market/candles?instId=LPT-USDT-SWAP&bar=5m&limit=26 "HTTP/2 200 OK"
2026-03-24 22:25:32,929 | INFO | HTTP Request: GET https://www.okx.com/api/v5/market/ticker?instId=SOL-USDT-SWAP "HTTP/2 200 OK"
2026-03-24 22:25:33,172 | INFO | HTTP Request: GET https://www.okx.com/api/v5/trade/orders-algo-pending?ordType=conditional&instType=SWAP&instId=LPT-USDT-SWAP "HTTP/2 200 OK"
2026-03-24 22:25:33,351 | INFO | HTTP Request: GET https://www.okx.com/api/v5/market/ticker?instId=SOLV-USDT-SWAP "HTTP/2 200 OK"
2026-03-24 22:25:33,416 | INFO | HTTP Request: GET https://www.okx.com/api/v5/trade/orders-algo-pending?ordType=trigger&instType=SWAP&instId=LPT-USDT-SWAP "HTTP/2 200 OK"
2026-03-24 22:25:33,658 | INFO | HTTP Request: GET https://www.okx.com/api/v5/trade/orders-algo-pending?ordType=move_order_stop&instType=SWAP&instId=LPT-USDT-SWAP "HTTP/2 200 OK"
2026-03-24 22:25:33,772 | INFO | HTTP Request: GET https://www.okx.com/api/v5/market/ticker?instId=SPK-USDT-SWAP "HTTP/2 200 OK"
2026-03-24 22:25:34,195 | INFO | HTTP Request: GET https://www.okx.com/api/v5/market/ticker?instId=STRK-USDT-SWAP "HTTP/2 200 OK"
2026-03-24 22:25:34,298 | INFO | HTTP Request: GET https://www.okx.com/api/v5/trade/orders-algo-pending?ordType=conditional&instType=SWAP&instId=LPT-USDT-SWAP "HTTP/2 200 OK"
2026-03-24 22:25:34,541 | INFO | HTTP Request: GET https://www.okx.com/api/v5/trade/orders-algo-pending?ordType=trigger&instType=SWAP&instId=LPT-USDT-SWAP "HTTP/2 200 OK"
2026-03-24 22:25:34,619 | INFO | HTTP Request: GET https://www.okx.com/api/v5/market/ticker?instId=SUI-USDT-SWAP "HTTP/2 200 OK"
2026-03-24 22:25:34,781 | INFO | HTTP Request: GET https://www.okx.com/api/v5/trade/orders-algo-pending?ordType=move_order_stop&instType=SWAP&instId=LPT-USDT-SWAP "HTTP/2 200 OK"
2026-03-24 22:25:35,040 | INFO | HTTP Request: GET https://www.okx.com/api/v5/market/ticker?instId=SUSHI-USDT-SWAP "HTTP/2 200 OK"
2026-03-24 22:25:35,424 | INFO | HTTP Request: GET https://www.okx.com/api/v5/trade/orders-algo-pending?ordType=conditional&instType=SWAP&instId=LPT-USDT-SWAP "HTTP/2 200 OK"
2026-03-24 22:25:35,462 | INFO | HTTP Request: GET https://www.okx.com/api/v5/market/ticker?instId=SYRUP-USDT-SWAP "HTTP/2 200 OK"
2026-03-24 22:25:35,668 | INFO | HTTP Request: GET https://www.okx.com/api/v5/trade/orders-algo-pending?ordType=trigger&instType=SWAP&instId=LPT-USDT-SWAP "HTTP/2 200 OK"
2026-03-24 22:25:35,884 | INFO | HTTP Request: GET https://www.okx.com/api/v5/market/ticker?instId=THETA-USDT-SWAP "HTTP/2 200 OK"
2026-03-24 22:25:35,910 | INFO | HTTP Request: GET https://www.okx.com/api/v5/trade/orders-algo-pending?ordType=move_order_stop&instType=SWAP&instId=LPT-USDT-SWAP "HTTP/2 200 OK"
2026-03-24 22:25:36,304 | INFO | HTTP Request: GET https://www.okx.com/api/v5/market/ticker?instId=TON-USDT-SWAP "HTTP/2 200 OK"
2026-03-24 22:25:36,551 | INFO | HTTP Request: GET https://www.okx.com/api/v5/trade/orders-algo-pending?ordType=conditional&instType=SWAP&instId=LPT-USDT-SWAP "HTTP/2 200 OK"
2026-03-24 22:25:36,726 | INFO | HTTP Request: GET https://www.okx.com/api/v5/market/ticker?instId=TRIA-USDT-SWAP "HTTP/2 200 OK"
2026-03-24 22:25:36,800 | INFO | HTTP Request: GET https://www.okx.com/api/v5/trade/orders-algo-pending?ordType=trigger&instType=SWAP&instId=LPT-USDT-SWAP "HTTP/2 200 OK"
2026-03-24 22:25:37,042 | INFO | HTTP Request: GET https://www.okx.com/api/v5/trade/orders-algo-pending?ordType=move_order_stop&instType=SWAP&instId=LPT-USDT-SWAP "HTTP/2 200 OK"
2026-03-24 22:25:37,685 | INFO | HTTP Request: GET https://www.okx.com/api/v5/trade/orders-algo-pending?ordType=conditional&instType=SWAP&instId=LPT-USDT-SWAP "HTTP/2 200 OK"
2026-03-24 22:25:37,932 | INFO | HTTP Request: GET https://www.okx.com/api/v5/trade/orders-algo-pending?ordType=trigger&instType=SWAP&instId=LPT-USDT-SWAP "HTTP/2 200 OK"
2026-03-24 22:25:38,177 | INFO | HTTP Request: GET https://www.okx.com/api/v5/trade/orders-algo-pending?ordType=move_order_stop&instType=SWAP&instId=LPT-USDT-SWAP "HTTP/2 200 OK"
2026-03-24 22:25:38,822 | INFO | HTTP Request: GET https://www.okx.com/api/v5/trade/orders-algo-pending?ordType=conditional&instType=SWAP&instId=LPT-USDT-SWAP "HTTP/2 200 OK"
2026-03-24 22:25:39,067 | INFO | HTTP Request: GET https://www.okx.com/api/v5/trade/orders-algo-pending?ordType=trigger&instType=SWAP&instId=LPT-USDT-SWAP "HTTP/2 200 OK"
2026-03-24 22:25:39,313 | INFO | HTTP Request: GET https://www.okx.com/api/v5/trade/orders-algo-pending?ordType=move_order_stop&instType=SWAP&instId=LPT-USDT-SWAP "HTTP/2 200 OK"
2026-03-24 22:25:39,851 | INFO | HTTP Request: GET https://www.okx.com/api/v5/market/ticker?instId=1INCH-USDT-SWAP "HTTP/2 200 OK"
2026-03-24 22:25:39,960 | INFO | HTTP Request: GET https://www.okx.com/api/v5/trade/orders-algo-pending?ordType=conditional&instType=SWAP&instId=LPT-USDT-SWAP "HTTP/2 200 OK"
2026-03-24 22:25:40,090 | INFO | HTTP Request: GET https://www.okx.com/api/v5/market/candles?instId=1INCH-USDT-SWAP&bar=5m&limit=89 "HTTP/2 200 OK"
2026-03-24 22:25:40,209 | INFO | HTTP Request: GET https://www.okx.com/api/v5/trade/orders-algo-pending?ordType=trigger&instType=SWAP&instId=LPT-USDT-SWAP "HTTP/2 200 OK"
2026-03-24 22:25:40,456 | INFO | HTTP Request: GET https://www.okx.com/api/v5/trade/orders-algo-pending?ordType=move_order_stop&instType=SWAP&instId=LPT-USDT-SWAP "HTTP/2 200 OK"
2026-03-24 22:25:40,509 | INFO | HTTP Request: GET https://www.okx.com/api/v5/market/ticker?instId=2Z-USDT-SWAP "HTTP/2 200 OK"
2026-03-24 22:25:40,754 | INFO | HTTP Request: GET https://www.okx.com/api/v5/market/candles?instId=2Z-USDT-SWAP&bar=5m&limit=89 "HTTP/2 200 OK"
2026-03-24 22:25:41,103 | INFO | HTTP Request: GET https://www.okx.com/api/v5/trade/orders-algo-pending?ordType=conditional&instType=SWAP&instId=LPT-USDT-SWAP "HTTP/2 200 OK"
2026-03-24 22:25:41,178 | INFO | HTTP Request: GET https://www.okx.com/api/v5/market/ticker?instId=A-USDT-SWAP "HTTP/2 200 OK"
2026-03-24 22:25:41,346 | INFO | HTTP Request: GET https://www.okx.com/api/v5/trade/orders-algo-pending?ordType=trigger&instType=SWAP&instId=LPT-USDT-SWAP "HTTP/2 200 OK"
2026-03-24 22:25:41,420 | INFO | HTTP Request: GET https://www.okx.com/api/v5/market/candles?instId=A-USDT-SWAP&bar=5m&limit=89 "HTTP/2 200 OK"
2026-03-24 22:25:41,596 | INFO | HTTP Request: GET https://www.okx.com/api/v5/trade/orders-algo-pending?ordType=move_order_stop&instType=SWAP&instId=LPT-USDT-SWAP "HTTP/2 200 OK"
2026-03-24 22:25:41,837 | INFO | HTTP Request: GET https://www.okx.com/api/v5/market/ticker?instId=AAVE-USDT-SWAP "HTTP/2 200 OK"
2026-03-24 22:25:42,077 | INFO | HTTP Request: GET https://www.okx.com/api/v5/market/candles?instId=AAVE-USDT-SWAP&bar=5m&limit=89 "HTTP/2 200 OK"
2026-03-24 22:25:42,235 | INFO | HTTP Request: GET https://www.okx.com/api/v5/trade/orders-algo-pending?ordType=conditional&instType=SWAP&instId=LPT-USDT-SWAP "HTTP/2 200 OK"
2026-03-24 22:25:42,485 | INFO | HTTP Request: GET https://www.okx.com/api/v5/trade/orders-algo-pending?ordType=trigger&instType=SWAP&instId=LPT-USDT-SWAP "HTTP/2 200 OK"
2026-03-24 22:25:42,501 | INFO | HTTP Request: GET https://www.okx.com/api/v5/market/ticker?instId=ACT-USDT-SWAP "HTTP/2 200 OK"
2026-03-24 22:25:42,730 | INFO | HTTP Request: GET https://www.okx.com/api/v5/trade/orders-algo-pending?ordType=move_order_stop&instType=SWAP&instId=LPT-USDT-SWAP "HTTP/2 200 OK"
2026-03-24 22:25:42,743 | INFO | HTTP Request: GET https://www.okx.com/api/v5/market/candles?instId=ACT-USDT-SWAP&bar=5m&limit=89 "HTTP/2 200 OK"
2026-03-24 22:25:43,164 | INFO | HTTP Request: GET https://www.okx.com/api/v5/market/ticker?instId=ADA-USDT-SWAP "HTTP/2 200 OK"
2026-03-24 22:25:43,379 | INFO | HTTP Request: GET https://www.okx.com/api/v5/trade/orders-algo-pending?ordType=conditional&instType=SWAP&instId=LPT-USDT-SWAP "HTTP/2 200 OK"
2026-03-24 22:25:43,408 | INFO | HTTP Request: GET https://www.okx.com/api/v5/market/candles?instId=ADA-USDT-SWAP&bar=5m&limit=89 "HTTP/2 200 OK"
2026-03-24 22:25:43,625 | INFO | HTTP Request: GET https://www.okx.com/api/v5/trade/orders-algo-pending?ordType=trigger&instType=SWAP&instId=LPT-USDT-SWAP "HTTP/2 200 OK"
2026-03-24 22:25:43,834 | INFO | HTTP Request: GET https://www.okx.com/api/v5/market/ticker?instId=AI16Z-USDT-SWAP "HTTP/2 200 OK"
2026-03-24 22:25:43,869 | INFO | HTTP Request: GET https://www.okx.com/api/v5/trade/orders-algo-pending?ordType=move_order_stop&instType=SWAP&instId=LPT-USDT-SWAP "HTTP/2 200 OK"
2026-03-24 22:25:44,076 | INFO | HTTP Request: GET https://www.okx.com/api/v5/market/candles?instId=AI16Z-USDT-SWAP&bar=5m&limit=89 "HTTP/2 200 OK"
2026-03-24 22:25:44,501 | INFO | HTTP Request: GET https://www.okx.com/api/v5/market/ticker?instId=AKITA-USDT-SWAP "HTTP/2 200 OK"
2026-03-24 22:25:44,511 | INFO | HTTP Request: GET https://www.okx.com/api/v5/trade/orders-algo-pending?ordType=conditional&instType=SWAP&instId=LPT-USDT-SWAP "HTTP/2 200 OK"
2026-03-24 22:25:44,741 | INFO | HTTP Request: GET https://www.okx.com/api/v5/market/candles?instId=AKITA-USDT-SWAP&bar=5m&limit=89 "HTTP/2 200 OK"
2026-03-24 22:25:44,756 | INFO | HTTP Request: GET https://www.okx.com/api/v5/trade/orders-algo-pending?ordType=trigger&instType=SWAP&instId=LPT-USDT-SWAP "HTTP/2 200 OK"
