2026-03-25 19:27:47,455 | INFO | root | okx_gateway:refresh_instruments:102 | Loaded 109 swap instruments
2026-03-25 19:31:51,749 | WARNING | root | market_data_cache:_run:142 | Market-data worker temporary fetch failure for PIGGY-USDT-SWAP: [WinError 10035] Операция на незаблокированном сокете не может быть завершена немедленно
2026-03-25 19:32:48,049 | INFO | root | okx_gateway:place_market_order:486 | Placing order JUP-USDT-SWAP buy qty=1860.0
2026-03-25 19:32:48,853 | INFO | root | okx_gateway:place_market_order:486 | Placing order BNB-USDT-SWAP buy qty=450.0
2026-03-25 19:32:51,586 | INFO | root | okx_gateway:place_exchange_stop:370 | Placing exchange stop BNB-USDT-SWAP long payload={'instId': 'BNB-USDT-SWAP', 'tdMode': 'isolated', 'side': 'sell', 'posSide': 'net', 'ordType': 'conditional', 'reduceOnly': 'true', 'closeFraction': '1', 'algoClOrdId': 'SLUSDTSWAP456371586', 'slTriggerPx': '646.5', 'slTriggerPxType': 'mark', 'slOrdPx': '-1'}
2026-03-25 19:32:52,376 | INFO | root | okx_gateway:place_market_order:486 | Placing order COMP-USDT-SWAP buy qty=1468.6
2026-03-25 19:32:55,054 | INFO | root | okx_gateway:place_exchange_stop:370 | Placing exchange stop COMP-USDT-SWAP long payload={'instId': 'COMP-USDT-SWAP', 'tdMode': 'isolated', 'side': 'sell', 'posSide': 'net', 'ordType': 'conditional', 'reduceOnly': 'true', 'closeFraction': '1', 'algoClOrdId': 'SLUSDTSWAP456375054', 'slTriggerPx': '19.63', 'slTriggerPxType': 'mark', 'slOrdPx': '-1'}
2026-03-25 19:32:55,766 | INFO | root | okx_gateway:place_exchange_stop:370 | Placing exchange stop COMP-USDT-SWAP long payload={'instId': 'COMP-USDT-SWAP', 'tdMode': 'isolated', 'side': 'sell', 'posSide': 'net', 'ordType': 'conditional', 'reduceOnly': 'true', 'closeFraction': '1', 'algoClOrdId': 'SLUSDTSWAP456375766', 'slTriggerPx': '19.63', 'slTriggerPxType': 'mark', 'slOrdPx': '-1'}
2026-03-25 19:32:56,584 | INFO | root | okx_gateway:place_market_order:486 | Placing order FIL-USDT-SWAP buy qty=30503.0
2026-03-25 19:32:59,172 | INFO | root | okx_gateway:place_exchange_stop:370 | Placing exchange stop FIL-USDT-SWAP long payload={'instId': 'FIL-USDT-SWAP', 'tdMode': 'isolated', 'side': 'sell', 'posSide': 'net', 'ordType': 'conditional', 'reduceOnly': 'true', 'closeFraction': '1', 'algoClOrdId': 'SLUSDTSWAP456379172', 'slTriggerPx': '0.932', 'slTriggerPxType': 'mark', 'slOrdPx': '-1'}
2026-03-25 19:32:59,932 | INFO | root | okx_gateway:place_exchange_stop:370 | Placing exchange stop FIL-USDT-SWAP long payload={'instId': 'FIL-USDT-SWAP', 'tdMode': 'isolated', 'side': 'sell', 'posSide': 'net', 'ordType': 'conditional', 'reduceOnly': 'true', 'closeFraction': '1', 'algoClOrdId': 'SLUSDTSWAP456379932', 'slTriggerPx': '0.932', 'slTriggerPxType': 'mark', 'slOrdPx': '-1'}
2026-03-25 19:33:00,715 | INFO | root | okx_gateway:place_market_order:486 | Placing order IMX-USDT-SWAP buy qty=18358.0
2026-03-25 19:33:03,845 | INFO | root | okx_gateway:place_exchange_stop:370 | Placing exchange stop IMX-USDT-SWAP long payload={'instId': 'IMX-USDT-SWAP', 'tdMode': 'isolated', 'side': 'sell', 'posSide': 'net', 'ordType': 'conditional', 'reduceOnly': 'true', 'closeFraction': '1', 'algoClOrdId': 'SLUSDTSWAP456383845', 'slTriggerPx': '0.1531', 'slTriggerPxType': 'mark', 'slOrdPx': '-1'}
2026-03-25 19:33:04,663 | INFO | root | okx_gateway:place_market_order:486 | Placing order QTUM-USDT-SWAP buy qty=3050.0
2026-03-25 19:33:07,784 | INFO | root | okx_gateway:place_exchange_stop:370 | Placing exchange stop QTUM-USDT-SWAP long payload={'instId': 'QTUM-USDT-SWAP', 'tdMode': 'isolated', 'side': 'sell', 'posSide': 'net', 'ordType': 'conditional', 'reduceOnly': 'true', 'closeFraction': '1', 'algoClOrdId': 'SLUSDTSWAP456387784', 'slTriggerPx': '0.908', 'slTriggerPxType': 'mark', 'slOrdPx': '-1'}
2026-03-25 19:33:09,006 | INFO | root | okx_gateway:place_market_order:486 | Placing order CFX-USDT-SWAP buy qty=4438.2
2026-03-25 19:33:12,116 | INFO | root | okx_gateway:place_exchange_stop:370 | Placing exchange stop CFX-USDT-SWAP long payload={'instId': 'CFX-USDT-SWAP', 'tdMode': 'isolated', 'side': 'sell', 'posSide': 'net', 'ordType': 'conditional', 'reduceOnly': 'true', 'closeFraction': '1', 'algoClOrdId': 'SLUSDTSWAP456392116', 'slTriggerPx': '0.06217', 'slTriggerPxType': 'mark', 'slOrdPx': '-1'}
2026-03-25 19:33:12,882 | INFO | root | okx_gateway:place_market_order:486 | Placing order SUSHI-USDT-SWAP buy qty=13521.0
2026-03-25 19:33:16,148 | INFO | root | okx_gateway:place_exchange_stop:370 | Placing exchange stop SUSHI-USDT-SWAP long payload={'instId': 'SUSHI-USDT-SWAP', 'tdMode': 'isolated', 'side': 'sell', 'posSide': 'net', 'ordType': 'conditional', 'reduceOnly': 'true', 'closeFraction': '1', 'algoClOrdId': 'SLUSDTSWAP456396148', 'slTriggerPx': '0.2019', 'slTriggerPxType': 'mark', 'slOrdPx': '-1'}
2026-03-25 19:33:16,935 | INFO | root | okx_gateway:place_market_order:486 | Placing order AAVE-USDT-SWAP buy qty=234.3
2026-03-25 19:33:20,025 | INFO | root | okx_gateway:place_exchange_stop:370 | Placing exchange stop AAVE-USDT-SWAP long payload={'instId': 'AAVE-USDT-SWAP', 'tdMode': 'isolated', 'side': 'sell', 'posSide': 'net', 'ordType': 'conditional', 'reduceOnly': 'true', 'closeFraction': '1', 'algoClOrdId': 'SLUSDTSWAP456400025', 'slTriggerPx': '114.64', 'slTriggerPxType': 'mark', 'slOrdPx': '-1'}
2026-03-25 19:33:20,790 | INFO | root | okx_gateway:place_exchange_stop:370 | Placing exchange stop AAVE-USDT-SWAP long payload={'instId': 'AAVE-USDT-SWAP', 'tdMode': 'isolated', 'side': 'sell', 'posSide': 'net', 'ordType': 'conditional', 'reduceOnly': 'true', 'closeFraction': '1', 'algoClOrdId': 'SLUSDTSWAP456400790', 'slTriggerPx': '114.64', 'slTriggerPxType': 'mark', 'slOrdPx': '-1'}
2026-03-25 19:33:47,962 | INFO | root | okx_gateway:place_exchange_stop:370 | Placing exchange stop COMP-USDT-SWAP long payload={'instId': 'COMP-USDT-SWAP', 'tdMode': 'isolated', 'side': 'sell', 'posSide': 'net', 'ordType': 'conditional', 'reduceOnly': 'true', 'closeFraction': '1', 'algoClOrdId': 'SLUSDTSWAP456427962', 'slTriggerPx': '19.63', 'slTriggerPxType': 'mark', 'slOrdPx': '-1'}
2026-03-25 19:33:48,724 | INFO | root | okx_gateway:place_exchange_stop:370 | Placing exchange stop COMP-USDT-SWAP long payload={'instId': 'COMP-USDT-SWAP', 'tdMode': 'isolated', 'side': 'sell', 'posSide': 'net', 'ordType': 'conditional', 'reduceOnly': 'true', 'closeFraction': '1', 'algoClOrdId': 'SLUSDTSWAP456428724', 'slTriggerPx': '19.63', 'slTriggerPxType': 'mark', 'slOrdPx': '-1'}
2026-03-25 19:33:56,183 | INFO | root | okx_gateway:place_exchange_stop:370 | Placing exchange stop COMP-USDT-SWAP long payload={'instId': 'COMP-USDT-SWAP', 'tdMode': 'isolated', 'side': 'sell', 'posSide': 'net', 'ordType': 'conditional', 'reduceOnly': 'true', 'closeFraction': '1', 'algoClOrdId': 'SLUSDTSWAP456436183', 'slTriggerPx': '19.63', 'slTriggerPxType': 'mark', 'slOrdPx': '-1'}
2026-03-25 19:33:56,941 | INFO | root | okx_gateway:place_exchange_stop:370 | Placing exchange stop COMP-USDT-SWAP long payload={'instId': 'COMP-USDT-SWAP', 'tdMode': 'isolated', 'side': 'sell', 'posSide': 'net', 'ordType': 'conditional', 'reduceOnly': 'true', 'closeFraction': '1', 'algoClOrdId': 'SLUSDTSWAP456436941', 'slTriggerPx': '19.63', 'slTriggerPxType': 'mark', 'slOrdPx': '-1'}
2026-03-25 19:34:13,052 | INFO | root | okx_gateway:place_exchange_stop:370 | Placing exchange stop COMP-USDT-SWAP long payload={'instId': 'COMP-USDT-SWAP', 'tdMode': 'isolated', 'side': 'sell', 'posSide': 'net', 'ordType': 'conditional', 'reduceOnly': 'true', 'closeFraction': '1', 'algoClOrdId': 'SLUSDTSWAP456453052', 'slTriggerPx': '19.63', 'slTriggerPxType': 'mark', 'slOrdPx': '-1'}
2026-03-25 19:34:46,187 | INFO | root | okx_gateway:place_exchange_stop:370 | Placing exchange stop FIL-USDT-SWAP long payload={'instId': 'FIL-USDT-SWAP', 'tdMode': 'isolated', 'side': 'sell', 'posSide': 'net', 'ordType': 'conditional', 'reduceOnly': 'true', 'closeFraction': '1', 'algoClOrdId': 'SLUSDTSWAP456486187', 'slTriggerPx': '0.932', 'slTriggerPxType': 'mark', 'slOrdPx': '-1'}
2026-03-25 19:34:46,946 | INFO | root | okx_gateway:place_exchange_stop:370 | Placing exchange stop FIL-USDT-SWAP long payload={'instId': 'FIL-USDT-SWAP', 'tdMode': 'isolated', 'side': 'sell', 'posSide': 'net', 'ordType': 'conditional', 'reduceOnly': 'true', 'closeFraction': '1', 'algoClOrdId': 'SLUSDTSWAP456486946', 'slTriggerPx': '0.932', 'slTriggerPxType': 'mark', 'slOrdPx': '-1'}
2026-03-25 19:34:54,389 | INFO | root | okx_gateway:place_exchange_stop:370 | Placing exchange stop FIL-USDT-SWAP long payload={'instId': 'FIL-USDT-SWAP', 'tdMode': 'isolated', 'side': 'sell', 'posSide': 'net', 'ordType': 'conditional', 'reduceOnly': 'true', 'closeFraction': '1', 'algoClOrdId': 'SLUSDTSWAP456494389', 'slTriggerPx': '0.932', 'slTriggerPxType': 'mark', 'slOrdPx': '-1'}
2026-03-25 19:34:55,113 | INFO | root | okx_gateway:place_exchange_stop:370 | Placing exchange stop FIL-USDT-SWAP long payload={'instId': 'FIL-USDT-SWAP', 'tdMode': 'isolated', 'side': 'sell', 'posSide': 'net', 'ordType': 'conditional', 'reduceOnly': 'true', 'closeFraction': '1', 'algoClOrdId': 'SLUSDTSWAP456495113', 'slTriggerPx': '0.932', 'slTriggerPxType': 'mark', 'slOrdPx': '-1'}
2026-03-25 19:35:11,346 | INFO | root | okx_gateway:place_exchange_stop:370 | Placing exchange stop FIL-USDT-SWAP long payload={'instId': 'FIL-USDT-SWAP', 'tdMode': 'isolated', 'side': 'sell', 'posSide': 'net', 'ordType': 'conditional', 'reduceOnly': 'true', 'closeFraction': '1', 'algoClOrdId': 'SLUSDTSWAP456511346', 'slTriggerPx': '0.932', 'slTriggerPxType': 'mark', 'slOrdPx': '-1'}
2026-03-25 19:35:12,065 | INFO | root | okx_gateway:place_exchange_stop:370 | Placing exchange stop FIL-USDT-SWAP long payload={'instId': 'FIL-USDT-SWAP', 'tdMode': 'isolated', 'side': 'sell', 'posSide': 'net', 'ordType': 'conditional', 'reduceOnly': 'true', 'closeFraction': '1', 'algoClOrdId': 'SLUSDTSWAP456512065', 'slTriggerPx': '0.932', 'slTriggerPxType': 'mark', 'slOrdPx': '-1'}
2026-03-25 19:35:15,555 | INFO | root | okx_gateway:place_market_order:486 | Placing order IMX-USDT-SWAP buy qty=18358.0
2026-03-25 19:36:34,604 | INFO | root | okx_gateway:place_exchange_stop:370 | Placing exchange stop AAVE-USDT-SWAP long payload={'instId': 'AAVE-USDT-SWAP', 'tdMode': 'isolated', 'side': 'sell', 'posSide': 'net', 'ordType': 'conditional', 'reduceOnly': 'true', 'closeFraction': '1', 'algoClOrdId': 'SLUSDTSWAP456594604', 'slTriggerPx': '114.64', 'slTriggerPxType': 'mark', 'slOrdPx': '-1'}
2026-03-25 19:36:35,362 | INFO | root | okx_gateway:place_exchange_stop:370 | Placing exchange stop AAVE-USDT-SWAP long payload={'instId': 'AAVE-USDT-SWAP', 'tdMode': 'isolated', 'side': 'sell', 'posSide': 'net', 'ordType': 'conditional', 'reduceOnly': 'true', 'closeFraction': '1', 'algoClOrdId': 'SLUSDTSWAP456595362', 'slTriggerPx': '114.64', 'slTriggerPxType': 'mark', 'slOrdPx': '-1'}
2026-03-25 19:36:42,673 | INFO | root | okx_gateway:place_exchange_stop:370 | Placing exchange stop AAVE-USDT-SWAP long payload={'instId': 'AAVE-USDT-SWAP', 'tdMode': 'isolated', 'side': 'sell', 'posSide': 'net', 'ordType': 'conditional', 'reduceOnly': 'true', 'closeFraction': '1', 'algoClOrdId': 'SLUSDTSWAP456602673', 'slTriggerPx': '114.64', 'slTriggerPxType': 'mark', 'slOrdPx': '-1'}
2026-03-25 19:36:43,392 | INFO | root | okx_gateway:place_exchange_stop:370 | Placing exchange stop AAVE-USDT-SWAP long payload={'instId': 'AAVE-USDT-SWAP', 'tdMode': 'isolated', 'side': 'sell', 'posSide': 'net', 'ordType': 'conditional', 'reduceOnly': 'true', 'closeFraction': '1', 'algoClOrdId': 'SLUSDTSWAP456603392', 'slTriggerPx': '114.64', 'slTriggerPxType': 'mark', 'slOrdPx': '-1'}
2026-03-25 19:36:59,786 | INFO | root | okx_gateway:place_exchange_stop:370 | Placing exchange stop AAVE-USDT-SWAP long payload={'instId': 'AAVE-USDT-SWAP', 'tdMode': 'isolated', 'side': 'sell', 'posSide': 'net', 'ordType': 'conditional', 'reduceOnly': 'true', 'closeFraction': '1', 'algoClOrdId': 'SLUSDTSWAP456619786', 'slTriggerPx': '114.64', 'slTriggerPxType': 'mark', 'slOrdPx': '-1'}
2026-03-25 19:37:00,517 | INFO | root | okx_gateway:place_exchange_stop:370 | Placing exchange stop AAVE-USDT-SWAP long payload={'instId': 'AAVE-USDT-SWAP', 'tdMode': 'isolated', 'side': 'sell', 'posSide': 'net', 'ordType': 'conditional', 'reduceOnly': 'true', 'closeFraction': '1', 'algoClOrdId': 'SLUSDTSWAP456620517', 'slTriggerPx': '114.64', 'slTriggerPxType': 'mark', 'slOrdPx': '-1'}
2026-03-25 19:39:33,336 | INFO | root | okx_gateway:place_market_order:486 | Placing order ASTER-USDT-SWAP buy qty=4070.0
2026-03-25 19:40:20,364 | INFO | root | okx_gateway:close_position:424 | Closing position FIL-USDT-SWAP. Аварийное закрытие: биржевой стоп не подтверждён
2026-03-25 19:40:24,178 | INFO | root | okx_gateway:amend_exchange_stop:391 | Amending exchange stop IMX-USDT-SWAP algo=3421008019667116032 payload=[{'instId': 'IMX-USDT-SWAP', 'algoId': '3421008019667116032', 'newSlTriggerPx': '0.1534', 'newSlOrdPx': '-1', 'newSlTriggerPxType': 'mark'}]
2026-03-25 19:40:45,562 | INFO | root | okx_gateway:place_exchange_stop:370 | Placing exchange stop AAVE-USDT-SWAP long payload={'instId': 'AAVE-USDT-SWAP', 'tdMode': 'isolated', 'side': 'sell', 'posSide': 'net', 'ordType': 'conditional', 'reduceOnly': 'true', 'closeFraction': '1', 'algoClOrdId': 'SLUSDTSWAP456845562', 'slTriggerPx': '114.64', 'slTriggerPxType': 'mark', 'slOrdPx': '-1'}
2026-03-25 19:42:13,062 | WARNING | root | market_data_cache:_run:142 | Market-data worker temporary fetch failure for ARB-USDT-SWAP: [WinError 10035] Операция на незаблокированном сокете не может быть завершена немедленно
2026-03-25 19:43:19,112 | INFO | root | okx_gateway:place_market_order:486 | Placing order CRV-USDT-SWAP buy qty=11700.0
2026-03-25 19:43:22,247 | INFO | root | okx_gateway:place_exchange_stop:370 | Placing exchange stop CRV-USDT-SWAP long payload={'instId': 'CRV-USDT-SWAP', 'tdMode': 'isolated', 'side': 'sell', 'posSide': 'net', 'ordType': 'conditional', 'reduceOnly': 'true', 'closeFraction': '1', 'algoClOrdId': 'SLUSDTSWAP457002247', 'slTriggerPx': '0.2353', 'slTriggerPxType': 'mark', 'slOrdPx': '-1'}
2026-03-25 19:43:23,778 | INFO | root | okx_gateway:amend_exchange_stop:391 | Amending exchange stop BNB-USDT-SWAP algo=3421007608558215168 payload=[{'instId': 'BNB-USDT-SWAP', 'algoId': '3421007608558215168', 'newSlTriggerPx': '646.7', 'newSlOrdPx': '-1', 'newSlTriggerPxType': 'mark'}]
2026-03-25 19:43:26,370 | INFO | root | okx_gateway:amend_exchange_stop:391 | Amending exchange stop IMX-USDT-SWAP algo=3421008019667116032 payload=[{'instId': 'IMX-USDT-SWAP', 'algoId': '3421008019667116032', 'newSlTriggerPx': '0.1534', 'newSlOrdPx': '-1', 'newSlTriggerPxType': 'mark'}]
2026-03-25 19:43:49,877 | INFO | root | okx_gateway:place_exchange_stop:370 | Placing exchange stop AAVE-USDT-SWAP long payload={'instId': 'AAVE-USDT-SWAP', 'tdMode': 'isolated', 'side': 'sell', 'posSide': 'net', 'ordType': 'conditional', 'reduceOnly': 'true', 'closeFraction': '1', 'algoClOrdId': 'SLUSDTSWAP457029877', 'slTriggerPx': '114.66', 'slTriggerPxType': 'mark', 'slOrdPx': '-1'}
2026-03-25 19:43:50,288 | INFO | root | okx_gateway:close_position:424 | Closing position AAVE-USDT-SWAP. Синхронизация: позиция отсутствует на бирже
2026-03-25 19:45:10,589 | WARNING | root | okx_ws_manager:_on_private_error:424 | Private WS error: Connection to remote host was lost.
2026-03-25 19:46:27,624 | INFO | root | okx_gateway:amend_exchange_stop:391 | Amending exchange stop BNB-USDT-SWAP algo=3421007608558215168 payload=[{'instId': 'BNB-USDT-SWAP', 'algoId': '3421007608558215168', 'newSlTriggerPx': '646.7', 'newSlOrdPx': '-1', 'newSlTriggerPxType': 'mark'}]
2026-03-25 19:46:35,425 | INFO | root | okx_gateway:amend_exchange_stop:391 | Amending exchange stop IMX-USDT-SWAP algo=3421008019667116032 payload=[{'instId': 'IMX-USDT-SWAP', 'algoId': '3421008019667116032', 'newSlTriggerPx': '0.1534', 'newSlOrdPx': '-1', 'newSlTriggerPxType': 'mark'}]
2026-03-25 19:46:46,176 | INFO | root | okx_gateway:place_market_order:486 | Placing order CRV-USDT-SWAP buy qty=11700.0
2026-03-25 19:49:11,448 | INFO | root | okx_gateway:amend_exchange_stop:391 | Amending exchange stop BNB-USDT-SWAP algo=3421007608558215168 payload=[{'instId': 'BNB-USDT-SWAP', 'algoId': '3421007608558215168', 'newSlTriggerPx': '646.7', 'newSlOrdPx': '-1', 'newSlTriggerPxType': 'mark'}]
2026-03-25 19:52:09,942 | INFO | root | okx_gateway:amend_exchange_stop:391 | Amending exchange stop BNB-USDT-SWAP algo=3421007608558215168 payload=[{'instId': 'BNB-USDT-SWAP', 'algoId': '3421007608558215168', 'newSlTriggerPx': '646.7', 'newSlOrdPx': '-1', 'newSlTriggerPxType': 'mark'}]
2026-03-25 19:52:23,239 | INFO | root | okx_gateway:amend_exchange_stop:391 | Amending exchange stop CRV-USDT-SWAP algo=3421028769358766080 payload=[{'instId': 'CRV-USDT-SWAP', 'algoId': '3421028769358766080', 'newSlTriggerPx': '0.2361', 'newSlOrdPx': '-1', 'newSlTriggerPxType': 'mark'}]
2026-03-25 19:55:06,959 | INFO | root | okx_gateway:amend_exchange_stop:391 | Amending exchange stop BNB-USDT-SWAP algo=3421007608558215168 payload=[{'instId': 'BNB-USDT-SWAP', 'algoId': '3421007608558215168', 'newSlTriggerPx': '646.7', 'newSlOrdPx': '-1', 'newSlTriggerPxType': 'mark'}]
2026-03-25 19:55:13,369 | INFO | root | okx_gateway:amend_exchange_stop:391 | Amending exchange stop BNB-USDT-SWAP algo=3421007608558215168 payload=[{'instId': 'BNB-USDT-SWAP', 'algoId': '3421007608558215168', 'newSlTriggerPx': '646.9', 'newSlOrdPx': '-1', 'newSlTriggerPxType': 'mark'}]
2026-03-25 19:55:23,012 | INFO | root | okx_gateway:amend_exchange_stop:391 | Amending exchange stop CRV-USDT-SWAP algo=3421028769358766080 payload=[{'instId': 'CRV-USDT-SWAP', 'algoId': '3421028769358766080', 'newSlTriggerPx': '0.2361', 'newSlOrdPx': '-1', 'newSlTriggerPxType': 'mark'}]
2026-03-25 19:58:13,009 | INFO | root | okx_gateway:place_market_order:486 | Placing order ACT-USDT-SWAP buy qty=10000.0
2026-03-25 19:58:14,624 | INFO | root | okx_gateway:amend_exchange_stop:391 | Amending exchange stop BNB-USDT-SWAP algo=3421007608558215168 payload=[{'instId': 'BNB-USDT-SWAP', 'algoId': '3421007608558215168', 'newSlTriggerPx': '646.9', 'newSlOrdPx': '-1', 'newSlTriggerPxType': 'mark'}]
2026-03-25 19:58:26,560 | INFO | root | okx_gateway:amend_exchange_stop:391 | Amending exchange stop CRV-USDT-SWAP algo=3421028769358766080 payload=[{'instId': 'CRV-USDT-SWAP', 'algoId': '3421028769358766080', 'newSlTriggerPx': '0.2361', 'newSlOrdPx': '-1', 'newSlTriggerPxType': 'mark'}]
2026-03-25 20:01:03,238 | INFO | root | okx_gateway:amend_exchange_stop:391 | Amending exchange stop BNB-USDT-SWAP algo=3421007608558215168 payload=[{'instId': 'BNB-USDT-SWAP', 'algoId': '3421007608558215168', 'newSlTriggerPx': '646.9', 'newSlOrdPx': '-1', 'newSlTriggerPxType': 'mark'}]
2026-03-25 20:01:10,329 | INFO | root | okx_gateway:amend_exchange_stop:391 | Amending exchange stop BNB-USDT-SWAP algo=3421007608558215168 payload=[{'instId': 'BNB-USDT-SWAP', 'algoId': '3421007608558215168', 'newSlTriggerPx': '647', 'newSlOrdPx': '-1', 'newSlTriggerPxType': 'mark'}]
2026-03-25 20:01:44,819 | INFO | root | okx_gateway:close_position:424 | Closing position IMX-USDT-SWAP. Аварийное закрытие: market_already_crossed_stop
2026-03-25 20:01:48,397 | INFO | root | okx_gateway:amend_exchange_stop:391 | Amending exchange stop QTUM-USDT-SWAP algo=3421008151670251520 payload=[{'instId': 'QTUM-USDT-SWAP', 'algoId': '3421008151670251520', 'newSlTriggerPx': '0.909', 'newSlOrdPx': '-1', 'newSlTriggerPxType': 'mark'}]
2026-03-25 20:01:52,016 | INFO | root | okx_gateway:amend_exchange_stop:391 | Amending exchange stop CRV-USDT-SWAP algo=3421028769358766080 payload=[{'instId': 'CRV-USDT-SWAP', 'algoId': '3421028769358766080', 'newSlTriggerPx': '0.2361', 'newSlOrdPx': '-1', 'newSlTriggerPxType': 'mark'}]
2026-03-25 20:01:58,380 | INFO | root | okx_gateway:amend_exchange_stop:391 | Amending exchange stop CRV-USDT-SWAP algo=3421028769358766080 payload=[{'instId': 'CRV-USDT-SWAP', 'algoId': '3421028769358766080', 'newSlTriggerPx': '0.2362', 'newSlOrdPx': '-1', 'newSlTriggerPxType': 'mark'}]
2026-03-25 20:04:26,455 | INFO | root | okx_gateway:amend_exchange_stop:391 | Amending exchange stop BNB-USDT-SWAP algo=3421007608558215168 payload=[{'instId': 'BNB-USDT-SWAP', 'algoId': '3421007608558215168', 'newSlTriggerPx': '647', 'newSlOrdPx': '-1', 'newSlTriggerPxType': 'mark'}]
2026-03-25 20:04:35,053 | INFO | root | okx_gateway:amend_exchange_stop:391 | Amending exchange stop QTUM-USDT-SWAP algo=3421008151670251520 payload=[{'instId': 'QTUM-USDT-SWAP', 'algoId': '3421008151670251520', 'newSlTriggerPx': '0.909', 'newSlOrdPx': '-1', 'newSlTriggerPxType': 'mark'}]
2026-03-25 20:04:44,415 | INFO | root | okx_gateway:amend_exchange_stop:391 | Amending exchange stop CRV-USDT-SWAP algo=3421028769358766080 payload=[{'instId': 'CRV-USDT-SWAP', 'algoId': '3421028769358766080', 'newSlTriggerPx': '0.2362', 'newSlOrdPx': '-1', 'newSlTriggerPxType': 'mark'}]
2026-03-25 20:07:18,913 | INFO | root | okx_gateway:amend_exchange_stop:391 | Amending exchange stop BNB-USDT-SWAP algo=3421007608558215168 payload=[{'instId': 'BNB-USDT-SWAP', 'algoId': '3421007608558215168', 'newSlTriggerPx': '647', 'newSlOrdPx': '-1', 'newSlTriggerPxType': 'mark'}]
2026-03-25 20:07:24,246 | INFO | root | okx_gateway:amend_exchange_stop:391 | Amending exchange stop BNB-USDT-SWAP algo=3421007608558215168 payload=[{'instId': 'BNB-USDT-SWAP', 'algoId': '3421007608558215168', 'newSlTriggerPx': '647.1', 'newSlOrdPx': '-1', 'newSlTriggerPxType': 'mark'}]
2026-03-25 20:07:26,057 | INFO | root | okx_gateway:amend_exchange_stop:391 | Amending exchange stop QTUM-USDT-SWAP algo=3421008151670251520 payload=[{'instId': 'QTUM-USDT-SWAP', 'algoId': '3421008151670251520', 'newSlTriggerPx': '0.909', 'newSlOrdPx': '-1', 'newSlTriggerPxType': 'mark'}]
2026-03-25 20:07:34,808 | INFO | root | okx_gateway:amend_exchange_stop:391 | Amending exchange stop CRV-USDT-SWAP algo=3421028769358766080 payload=[{'instId': 'CRV-USDT-SWAP', 'algoId': '3421028769358766080', 'newSlTriggerPx': '0.2362', 'newSlOrdPx': '-1', 'newSlTriggerPxType': 'mark'}]
2026-03-25 20:07:40,078 | INFO | root | okx_gateway:place_market_order:486 | Placing order CRV-USDT-SWAP buy qty=11700.0
2026-03-25 20:10:07,503 | INFO | root | okx_gateway:place_market_order:486 | Placing order KSM-USDT-SWAP buy qty=6230.0
2026-03-25 20:10:08,824 | INFO | root | okx_gateway:place_exchange_stop:370 | Placing exchange stop KSM-USDT-SWAP long payload={'instId': 'KSM-USDT-SWAP', 'tdMode': 'isolated', 'side': 'sell', 'posSide': 'net', 'ordType': 'conditional', 'reduceOnly': 'true', 'closeFraction': '1', 'algoClOrdId': 'SLUSDTSWAP458608824', 'slTriggerPx': '4.43', 'slTriggerPxType': 'mark', 'slOrdPx': '-1'}
2026-03-25 20:10:11,961 | INFO | root | okx_gateway:amend_exchange_stop:391 | Amending exchange stop QTUM-USDT-SWAP algo=3421008151670251520 payload=[{'instId': 'QTUM-USDT-SWAP', 'algoId': '3421008151670251520', 'newSlTriggerPx': '0.909', 'newSlOrdPx': '-1', 'newSlTriggerPxType': 'mark'}]
2026-03-25 20:10:45,516 | INFO | root | okx_gateway:close_position:424 | Closing position CFX-USDT-SWAP. Аварийное закрытие: market_already_crossed_stop
2026-03-25 20:10:48,491 | INFO | root | okx_gateway:amend_exchange_stop:391 | Amending exchange stop CRV-USDT-SWAP algo=3421028769358766080 payload=[{'instId': 'CRV-USDT-SWAP', 'algoId': '3421028769358766080', 'newSlTriggerPx': '0.2362', 'newSlOrdPx': '-1', 'newSlTriggerPxType': 'mark'}]
2026-03-25 20:10:53,804 | INFO | root | okx_gateway:amend_exchange_stop:391 | Amending exchange stop CRV-USDT-SWAP algo=3421028769358766080 payload=[{'instId': 'CRV-USDT-SWAP', 'algoId': '3421028769358766080', 'newSlTriggerPx': '0.2369', 'newSlOrdPx': '-1', 'newSlTriggerPxType': 'mark'}]
2026-03-25 20:10:54,394 | INFO | root | okx_gateway:place_market_order:486 | Placing order CRV-USDT-SWAP buy qty=11700.0
2026-03-25 20:12:11,736 | WARNING | root | market_data_cache:_run:142 | Market-data worker temporary fetch failure for AI16Z-USDT-SWAP: [WinError 10035] Операция на незаблокированном сокете не может быть завершена немедленно
2026-03-25 20:14:10,277 | INFO | root | okx_gateway:place_market_order:486 | Placing order MET-USDT-SWAP buy qty=1988.0
2026-03-25 20:14:13,388 | INFO | root | okx_gateway:place_exchange_stop:370 | Placing exchange stop MET-USDT-SWAP long payload={'instId': 'MET-USDT-SWAP', 'tdMode': 'isolated', 'side': 'sell', 'posSide': 'net', 'ordType': 'conditional', 'reduceOnly': 'true', 'closeFraction': '1', 'algoClOrdId': 'SLUSDTSWAP458853388', 'slTriggerPx': '0.1377', 'slTriggerPxType': 'mark', 'slOrdPx': '-1'}
2026-03-25 20:14:14,095 | INFO | root | okx_gateway:place_exchange_stop:370 | Placing exchange stop MET-USDT-SWAP long payload={'instId': 'MET-USDT-SWAP', 'tdMode': 'isolated', 'side': 'sell', 'posSide': 'net', 'ordType': 'conditional', 'reduceOnly': 'true', 'closeFraction': '1', 'algoClOrdId': 'SLUSDTSWAP458854095', 'slTriggerPx': '0.1377', 'slTriggerPxType': 'mark', 'slOrdPx': '-1'}
2026-03-25 20:14:19,347 | INFO | root | okx_gateway:amend_exchange_stop:391 | Amending exchange stop QTUM-USDT-SWAP algo=3421008151670251520 payload=[{'instId': 'QTUM-USDT-SWAP', 'algoId': '3421008151670251520', 'newSlTriggerPx': '0.909', 'newSlOrdPx': '-1', 'newSlTriggerPxType': 'mark'}]
2026-03-25 20:14:27,068 | INFO | root | okx_gateway:amend_exchange_stop:391 | Amending exchange stop CRV-USDT-SWAP algo=3421028769358766080 payload=[{'instId': 'CRV-USDT-SWAP', 'algoId': '3421028769358766080', 'newSlTriggerPx': '0.2369', 'newSlOrdPx': '-1', 'newSlTriggerPxType': 'mark'}]
2026-03-25 20:14:56,891 | INFO | root | okx_gateway:place_exchange_stop:370 | Placing exchange stop MET-USDT-SWAP long payload={'instId': 'MET-USDT-SWAP', 'tdMode': 'isolated', 'side': 'sell', 'posSide': 'net', 'ordType': 'conditional', 'reduceOnly': 'true', 'closeFraction': '1', 'algoClOrdId': 'SLUSDTSWAP458896891', 'slTriggerPx': '0.1377', 'slTriggerPxType': 'mark', 'slOrdPx': '-1'}
2026-03-25 20:14:57,598 | INFO | root | okx_gateway:place_exchange_stop:370 | Placing exchange stop MET-USDT-SWAP long payload={'instId': 'MET-USDT-SWAP', 'tdMode': 'isolated', 'side': 'sell', 'posSide': 'net', 'ordType': 'conditional', 'reduceOnly': 'true', 'closeFraction': '1', 'algoClOrdId': 'SLUSDTSWAP458897598', 'slTriggerPx': '0.1377', 'slTriggerPxType': 'mark', 'slOrdPx': '-1'}
2026-03-25 20:15:04,865 | INFO | root | okx_gateway:place_exchange_stop:370 | Placing exchange stop MET-USDT-SWAP long payload={'instId': 'MET-USDT-SWAP', 'tdMode': 'isolated', 'side': 'sell', 'posSide': 'net', 'ordType': 'conditional', 'reduceOnly': 'true', 'closeFraction': '1', 'algoClOrdId': 'SLUSDTSWAP458904865', 'slTriggerPx': '0.1377', 'slTriggerPxType': 'mark', 'slOrdPx': '-1'}
2026-03-25 20:15:05,621 | INFO | root | okx_gateway:place_exchange_stop:370 | Placing exchange stop MET-USDT-SWAP long payload={'instId': 'MET-USDT-SWAP', 'tdMode': 'isolated', 'side': 'sell', 'posSide': 'net', 'ordType': 'conditional', 'reduceOnly': 'true', 'closeFraction': '1', 'algoClOrdId': 'SLUSDTSWAP458905621', 'slTriggerPx': '0.1377', 'slTriggerPxType': 'mark', 'slOrdPx': '-1'}
2026-03-25 20:15:21,893 | INFO | root | okx_gateway:place_exchange_stop:370 | Placing exchange stop MET-USDT-SWAP long payload={'instId': 'MET-USDT-SWAP', 'tdMode': 'isolated', 'side': 'sell', 'posSide': 'net', 'ordType': 'conditional', 'reduceOnly': 'true', 'closeFraction': '1', 'algoClOrdId': 'SLUSDTSWAP458921893', 'slTriggerPx': '0.1377', 'slTriggerPxType': 'mark', 'slOrdPx': '-1'}
2026-03-25 20:15:22,627 | INFO | root | okx_gateway:place_exchange_stop:370 | Placing exchange stop MET-USDT-SWAP long payload={'instId': 'MET-USDT-SWAP', 'tdMode': 'isolated', 'side': 'sell', 'posSide': 'net', 'ordType': 'conditional', 'reduceOnly': 'true', 'closeFraction': '1', 'algoClOrdId': 'SLUSDTSWAP458922627', 'slTriggerPx': '0.1377', 'slTriggerPxType': 'mark', 'slOrdPx': '-1'}
2026-03-25 20:18:19,842 | INFO | root | okx_gateway:close_position:424 | Closing position BNB-USDT-SWAP. Аварийное закрытие: market_already_crossed_stop
2026-03-25 20:18:23,319 | INFO | root | okx_gateway:amend_exchange_stop:391 | Amending exchange stop QTUM-USDT-SWAP algo=3421008151670251520 payload=[{'instId': 'QTUM-USDT-SWAP', 'algoId': '3421008151670251520', 'newSlTriggerPx': '0.909', 'newSlOrdPx': '-1', 'newSlTriggerPxType': 'mark'}]
2026-03-25 20:18:31,112 | INFO | root | okx_gateway:amend_exchange_stop:391 | Amending exchange stop CRV-USDT-SWAP algo=3421028769358766080 payload=[{'instId': 'CRV-USDT-SWAP', 'algoId': '3421028769358766080', 'newSlTriggerPx': '0.2369', 'newSlOrdPx': '-1', 'newSlTriggerPxType': 'mark'}]
2026-03-25 20:18:37,482 | INFO | root | okx_gateway:amend_exchange_stop:391 | Amending exchange stop CRV-USDT-SWAP algo=3421028769358766080 payload=[{'instId': 'CRV-USDT-SWAP', 'algoId': '3421028769358766080', 'newSlTriggerPx': '0.2374', 'newSlOrdPx': '-1', 'newSlTriggerPxType': 'mark'}]
2026-03-25 20:19:00,721 | INFO | root | okx_gateway:place_exchange_stop:370 | Placing exchange stop MET-USDT-SWAP long payload={'instId': 'MET-USDT-SWAP', 'tdMode': 'isolated', 'side': 'sell', 'posSide': 'net', 'ordType': 'conditional', 'reduceOnly': 'true', 'closeFraction': '1', 'algoClOrdId': 'SLUSDTSWAP459140721', 'slTriggerPx': '0.1377', 'slTriggerPxType': 'mark', 'slOrdPx': '-1'}
2026-03-25 20:19:01,455 | INFO | root | okx_gateway:place_exchange_stop:370 | Placing exchange stop MET-USDT-SWAP long payload={'instId': 'MET-USDT-SWAP', 'tdMode': 'isolated', 'side': 'sell', 'posSide': 'net', 'ordType': 'conditional', 'reduceOnly': 'true', 'closeFraction': '1', 'algoClOrdId': 'SLUSDTSWAP459141455', 'slTriggerPx': '0.1377', 'slTriggerPxType': 'mark', 'slOrdPx': '-1'}
2026-03-25 20:19:01,877 | INFO | root | okx_gateway:close_position:424 | Closing position MET-USDT-SWAP. Аварийное закрытие: биржевой стоп не подтверждён
2026-03-25 20:21:28,629 | INFO | root | okx_gateway:amend_exchange_stop:391 | Amending exchange stop QTUM-USDT-SWAP algo=3421008151670251520 payload=[{'instId': 'QTUM-USDT-SWAP', 'algoId': '3421008151670251520', 'newSlTriggerPx': '0.909', 'newSlOrdPx': '-1', 'newSlTriggerPxType': 'mark'}]
2026-03-25 20:21:36,002 | INFO | root | okx_gateway:amend_exchange_stop:391 | Amending exchange stop CRV-USDT-SWAP algo=3421028769358766080 payload=[{'instId': 'CRV-USDT-SWAP', 'algoId': '3421028769358766080', 'newSlTriggerPx': '0.2374', 'newSlOrdPx': '-1', 'newSlTriggerPxType': 'mark'}]
2026-03-25 20:24:08,048 | INFO | root | okx_gateway:amend_exchange_stop:391 | Amending exchange stop QTUM-USDT-SWAP algo=3421008151670251520 payload=[{'instId': 'QTUM-USDT-SWAP', 'algoId': '3421008151670251520', 'newSlTriggerPx': '0.909', 'newSlOrdPx': '-1', 'newSlTriggerPxType': 'mark'}]
2026-03-25 20:24:14,450 | INFO | root | okx_gateway:amend_exchange_stop:391 | Amending exchange stop CRV-USDT-SWAP algo=3421028769358766080 payload=[{'instId': 'CRV-USDT-SWAP', 'algoId': '3421028769358766080', 'newSlTriggerPx': '0.2374', 'newSlOrdPx': '-1', 'newSlTriggerPxType': 'mark'}]
2026-03-25 20:26:48,133 | INFO | root | okx_gateway:amend_exchange_stop:391 | Amending exchange stop QTUM-USDT-SWAP algo=3421008151670251520 payload=[{'instId': 'QTUM-USDT-SWAP', 'algoId': '3421008151670251520', 'newSlTriggerPx': '0.909', 'newSlOrdPx': '-1', 'newSlTriggerPxType': 'mark'}]
2026-03-25 20:26:53,467 | INFO | root | okx_gateway:place_market_order:486 | Placing order QTUM-USDT-SWAP buy qty=3050.0
2026-03-25 20:26:54,744 | INFO | root | okx_gateway:amend_exchange_stop:391 | Amending exchange stop CRV-USDT-SWAP algo=3421028769358766080 payload=[{'instId': 'CRV-USDT-SWAP', 'algoId': '3421028769358766080', 'newSlTriggerPx': '0.2374', 'newSlOrdPx': '-1', 'newSlTriggerPxType': 'mark'}]
2026-03-25 20:29:23,674 | INFO | root | okx_gateway:amend_exchange_stop:391 | Amending exchange stop QTUM-USDT-SWAP algo=3421008151670251520 payload=[{'instId': 'QTUM-USDT-SWAP', 'algoId': '3421008151670251520', 'newSlTriggerPx': '0.909', 'newSlOrdPx': '-1', 'newSlTriggerPxType': 'mark'}]
2026-03-25 20:29:30,358 | INFO | root | okx_gateway:amend_exchange_stop:391 | Amending exchange stop CRV-USDT-SWAP algo=3421028769358766080 payload=[{'instId': 'CRV-USDT-SWAP', 'algoId': '3421028769358766080', 'newSlTriggerPx': '0.2374', 'newSlOrdPx': '-1', 'newSlTriggerPxType': 'mark'}]
2026-03-25 20:32:03,059 | INFO | root | okx_gateway:place_market_order:486 | Placing order ICP-USDT-SWAP buy qty=114423.0
2026-03-25 20:32:04,828 | INFO | root | okx_gateway:place_exchange_stop:370 | Placing exchange stop ICP-USDT-SWAP long payload={'instId': 'ICP-USDT-SWAP', 'tdMode': 'isolated', 'side': 'sell', 'posSide': 'net', 'ordType': 'conditional', 'reduceOnly': 'true', 'closeFraction': '1', 'algoClOrdId': 'SLUSDTSWAP459924828', 'slTriggerPx': '2.392', 'slTriggerPxType': 'mark', 'slOrdPx': '-1'}
2026-03-25 20:32:06,120 | INFO | root | okx_gateway:amend_exchange_stop:391 | Amending exchange stop QTUM-USDT-SWAP algo=3421008151670251520 payload=[{'instId': 'QTUM-USDT-SWAP', 'algoId': '3421008151670251520', 'newSlTriggerPx': '0.909', 'newSlOrdPx': '-1', 'newSlTriggerPxType': 'mark'}]
2026-03-25 20:32:12,479 | INFO | root | okx_gateway:amend_exchange_stop:391 | Amending exchange stop CRV-USDT-SWAP algo=3421028769358766080 payload=[{'instId': 'CRV-USDT-SWAP', 'algoId': '3421028769358766080', 'newSlTriggerPx': '0.2374', 'newSlOrdPx': '-1', 'newSlTriggerPxType': 'mark'}]
2026-03-25 20:32:18,765 | INFO | root | okx_gateway:amend_exchange_stop:391 | Amending exchange stop CRV-USDT-SWAP algo=3421028769358766080 payload=[{'instId': 'CRV-USDT-SWAP', 'algoId': '3421028769358766080', 'newSlTriggerPx': '0.236', 'newSlOrdPx': '-1', 'newSlTriggerPxType': 'mark'}]
2026-03-25 20:32:28,119 | INFO | root | okx_gateway:amend_exchange_stop:391 | Amending exchange stop CRV-USDT-SWAP algo=3421028769358766080 payload=[{'instId': 'CRV-USDT-SWAP', 'algoId': '3421028769358766080', 'newSlTriggerPx': '0.236', 'newSlOrdPx': '-1', 'newSlTriggerPxType': 'mark'}]
2026-03-25 20:32:30,274 | INFO | root | okx_gateway:place_market_order:486 | Placing order ICP-USDT-SWAP buy qty=114423.0
2026-03-25 20:34:57,065 | INFO | root | okx_gateway:amend_exchange_stop:391 | Amending exchange stop QTUM-USDT-SWAP algo=3421008151670251520 payload=[{'instId': 'QTUM-USDT-SWAP', 'algoId': '3421008151670251520', 'newSlTriggerPx': '0.909', 'newSlOrdPx': '-1', 'newSlTriggerPxType': 'mark'}]
2026-03-25 20:35:04,744 | INFO | root | okx_gateway:amend_exchange_stop:391 | Amending exchange stop CRV-USDT-SWAP algo=3421028769358766080 payload=[{'instId': 'CRV-USDT-SWAP', 'algoId': '3421028769358766080', 'newSlTriggerPx': '0.236', 'newSlOrdPx': '-1', 'newSlTriggerPxType': 'mark'}]
2026-03-25 20:35:32,272 | WARNING | root | market_data_cache:_run:142 | Market-data worker temporary fetch failure for MKR-USDT-SWAP: [WinError 10035] Операция на незаблокированном сокете не может быть завершена немедленно
2026-03-25 20:37:36,151 | INFO | root | okx_gateway:place_market_order:486 | Placing order NEAR-USDT-SWAP sell qty=212.7
2026-03-25 20:37:37,856 | INFO | root | okx_gateway:place_exchange_stop:370 | Placing exchange stop NEAR-USDT-SWAP short payload={'instId': 'NEAR-USDT-SWAP', 'tdMode': 'isolated', 'side': 'buy', 'posSide': 'net', 'ordType': 'conditional', 'reduceOnly': 'true', 'closeFraction': '1', 'algoClOrdId': 'SLUSDTSWAP460257856', 'slTriggerPx': '1.2816', 'slTriggerPxType': 'mark', 'slOrdPx': '-1'}
2026-03-25 20:37:38,525 | INFO | root | okx_gateway:place_exchange_stop:370 | Placing exchange stop NEAR-USDT-SWAP short payload={'instId': 'NEAR-USDT-SWAP', 'tdMode': 'isolated', 'side': 'buy', 'posSide': 'net', 'ordType': 'conditional', 'reduceOnly': 'true', 'closeFraction': '1', 'algoClOrdId': 'SLUSDTSWAP460258525', 'slTriggerPx': '1.2816', 'slTriggerPxType': 'mark', 'slOrdPx': '-1'}
2026-03-25 20:37:39,149 | INFO | root | okx_gateway:place_market_order:486 | Placing order KAITO-USDT-SWAP buy qty=6516.0
2026-03-25 20:37:39,827 | INFO | root | okx_gateway:place_market_order:486 | Placing order KAITO-USDT-SWAP buy qty=6516.0
2026-03-25 20:37:41,832 | INFO | root | okx_gateway:amend_exchange_stop:391 | Amending exchange stop QTUM-USDT-SWAP algo=3421008151670251520 payload=[{'instId': 'QTUM-USDT-SWAP', 'algoId': '3421008151670251520', 'newSlTriggerPx': '0.909', 'newSlOrdPx': '-1', 'newSlTriggerPxType': 'mark'}]
2026-03-25 20:37:48,420 | INFO | root | okx_gateway:amend_exchange_stop:391 | Amending exchange stop CRV-USDT-SWAP algo=3421028769358766080 payload=[{'instId': 'CRV-USDT-SWAP', 'algoId': '3421028769358766080', 'newSlTriggerPx': '0.236', 'newSlOrdPx': '-1', 'newSlTriggerPxType': 'mark'}]
2026-03-25 20:37:53,707 | INFO | root | okx_gateway:amend_exchange_stop:391 | Amending exchange stop CRV-USDT-SWAP algo=3421028769358766080 payload=[{'instId': 'CRV-USDT-SWAP', 'algoId': '3421028769358766080', 'newSlTriggerPx': '0.2366', 'newSlOrdPx': '-1', 'newSlTriggerPxType': 'mark'}]
2026-03-25 20:38:10,609 | INFO | root | okx_gateway:place_exchange_stop:370 | Placing exchange stop NEAR-USDT-SWAP short payload={'instId': 'NEAR-USDT-SWAP', 'tdMode': 'isolated', 'side': 'buy', 'posSide': 'net', 'ordType': 'conditional', 'reduceOnly': 'true', 'closeFraction': '1', 'algoClOrdId': 'SLUSDTSWAP460290609', 'slTriggerPx': '1.2816', 'slTriggerPxType': 'mark', 'slOrdPx': '-1'}
2026-03-25 20:40:33,411 | INFO | root | okx_gateway:amend_exchange_stop:391 | Amending exchange stop QTUM-USDT-SWAP algo=3421008151670251520 payload=[{'instId': 'QTUM-USDT-SWAP', 'algoId': '3421008151670251520', 'newSlTriggerPx': '0.909', 'newSlOrdPx': '-1', 'newSlTriggerPxType': 'mark'}]
2026-03-25 20:40:40,470 | INFO | root | okx_gateway:amend_exchange_stop:391 | Amending exchange stop CRV-USDT-SWAP algo=3421028769358766080 payload=[{'instId': 'CRV-USDT-SWAP', 'algoId': '3421028769358766080', 'newSlTriggerPx': '0.2366', 'newSlOrdPx': '-1', 'newSlTriggerPxType': 'mark'}]
2026-03-25 20:40:47,705 | INFO | root | okx_gateway:amend_exchange_stop:391 | Amending exchange stop ICP-USDT-SWAP algo=3421126834870640640 payload=[{'instId': 'ICP-USDT-SWAP', 'algoId': '3421126834870640640', 'newSlTriggerPx': '2.394', 'newSlOrdPx': '-1', 'newSlTriggerPxType': 'mark'}]
2026-03-25 20:43:33,689 | INFO | root | okx_gateway:amend_exchange_stop:391 | Amending exchange stop QTUM-USDT-SWAP algo=3421008151670251520 payload=[{'instId': 'QTUM-USDT-SWAP', 'algoId': '3421008151670251520', 'newSlTriggerPx': '0.909', 'newSlOrdPx': '-1', 'newSlTriggerPxType': 'mark'}]
2026-03-25 20:43:41,504 | INFO | root | okx_gateway:amend_exchange_stop:391 | Amending exchange stop CRV-USDT-SWAP algo=3421028769358766080 payload=[{'instId': 'CRV-USDT-SWAP', 'algoId': '3421028769358766080', 'newSlTriggerPx': '0.2366', 'newSlOrdPx': '-1', 'newSlTriggerPxType': 'mark'}]
2026-03-25 20:43:49,347 | INFO | root | okx_gateway:amend_exchange_stop:391 | Amending exchange stop ICP-USDT-SWAP algo=3421126834870640640 payload=[{'instId': 'ICP-USDT-SWAP', 'algoId': '3421126834870640640', 'newSlTriggerPx': '2.394', 'newSlOrdPx': '-1', 'newSlTriggerPxType': 'mark'}]
2026-03-25 20:45:02,407 | WARNING | root | market_data_cache:_run:142 | Market-data worker temporary fetch failure for TRIA-USDT-SWAP: [WinError 10035] Операция на незаблокированном сокете не может быть завершена немедленно
2026-03-25 20:45:58,273 | INFO | root | okx_gateway:amend_exchange_stop:391 | Amending exchange stop QTUM-USDT-SWAP algo=3421008151670251520 payload=[{'instId': 'QTUM-USDT-SWAP', 'algoId': '3421008151670251520', 'newSlTriggerPx': '0.909', 'newSlOrdPx': '-1', 'newSlTriggerPxType': 'mark'}]
2026-03-25 20:46:05,982 | INFO | root | okx_gateway:amend_exchange_stop:391 | Amending exchange stop CRV-USDT-SWAP algo=3421028769358766080 payload=[{'instId': 'CRV-USDT-SWAP', 'algoId': '3421028769358766080', 'newSlTriggerPx': '0.2366', 'newSlOrdPx': '-1', 'newSlTriggerPxType': 'mark'}]
2026-03-25 20:46:14,143 | INFO | root | okx_gateway:amend_exchange_stop:391 | Amending exchange stop ICP-USDT-SWAP algo=3421126834870640640 payload=[{'instId': 'ICP-USDT-SWAP', 'algoId': '3421126834870640640', 'newSlTriggerPx': '2.394', 'newSlOrdPx': '-1', 'newSlTriggerPxType': 'mark'}]
2026-03-25 20:46:25,998 | INFO | root | okx_gateway:refresh_instruments:102 | Loaded 110 swap instruments
2026-03-25 20:46:28,472 | INFO | root | okx_gateway:close_position:424 | Closing position ICP-USDT-SWAP. reset_test
2026-03-25 20:46:30,317 | INFO | root | okx_gateway:close_position:424 | Closing position CRV-USDT-SWAP. reset_test
2026-03-25 20:46:32,188 | INFO | root | okx_gateway:close_position:424 | Closing position QTUM-USDT-SWAP. reset_test
