
[2026-03-16 16:11:29] sys.excepthook
Traceback (most recent call last):
  File "C:\Users\Home\AppData\Local\Python\pythoncore-3.14-64\Lib\idlelib\run.py", line 590, in runcode
    exec(code, self.locals)
    ~~~~^^^^^^^^^^^^^^^^^^^
  File "D:\GIT\okx-trading-bot\v08x\084_9\084_1\main_v084_9_1.py", line 8614, in <module>
    main()
    ~~~~^^
  File "D:\GIT\okx-trading-bot\v08x\084_9\084_1\main_v084_9_1.py", line 8606, in main
    window = MainWindow()
  File "D:\GIT\okx-trading-bot\v08x\084_9\084_1\main_v084_9_1.py", line 7090, in __init__
    self._build_ui()
    ~~~~~~~~~~~~~~^^
  File "D:\GIT\okx-trading-bot\v08x\084_9\084_1\main_v084_9_1.py", line 7410, in _build_ui
    ui_module = importlib.import_module(self._ui_layout_module_name)
  File "C:\Users\Home\AppData\Local\Python\pythoncore-3.14-64\Lib\importlib\__init__.py", line 88, in import_module
    return _bootstrap._gcd_import(name[level:], package, level)
           ~~~~~~~~~~~~~~~~~~~~~~^^^^^^^^^^^^^^^^^^^^^^^^^^^^^^
  File "<frozen importlib._bootstrap>", line 1398, in _gcd_import
  File "<frozen importlib._bootstrap>", line 1371, in _find_and_load
  File "<frozen importlib._bootstrap>", line 1335, in _find_and_load_unlocked
ModuleNotFoundError: No module named 'ui_layout_v084_9_1_1'

