2026-03-23 21:49:39,868 | INFO | HTTP Request: GET https://www.okx.com/api/v5/market/ticker?instId=FLOKI-USDT-SWAP "HTTP/2 200 OK"
2026-03-23 21:49:39,903 | INFO | HTTP Request: POST https://www.okx.com/api/v5/trade/order-algo "HTTP/2 200 OK"
2026-03-23 21:49:40,086 | INFO | HTTP Request: GET https://www.okx.com/api/v5/market/candles?instId=BTC-USDT-SWAP&bar=5m&limit=64 "HTTP/2 200 OK"
2026-03-23 21:49:40,176 | INFO | HTTP Request: GET https://www.okx.com/api/v5/market/candles?instId=FLOKI-USDT-SWAP&bar=5m&limit=89 "HTTP/2 200 OK"
2026-03-23 21:49:40,278 | INFO | HTTP Request: GET https://www.okx.com/api/v5/trade/orders-algo-pending?ordType=conditional&instType=SWAP&instId=LPT-USDT-SWAP "HTTP/2 200 OK"
2026-03-23 21:49:40,672 | INFO | HTTP Request: GET https://www.okx.com/api/v5/trade/orders-algo-pending?ordType=oco&instType=SWAP&instId=LPT-USDT-SWAP "HTTP/2 200 OK"
2026-03-23 21:49:40,685 | INFO | HTTP Request: GET https://www.okx.com/api/v5/market/ticker?instId=GMT-USDT-SWAP "HTTP/2 200 OK"
2026-03-23 21:49:41,011 | INFO | HTTP Request: GET https://www.okx.com/api/v5/market/candles?instId=GMT-USDT-SWAP&bar=5m&limit=89 "HTTP/2 200 OK"
2026-03-23 21:49:41,068 | INFO | HTTP Request: GET https://www.okx.com/api/v5/trade/orders-algo-pending?ordType=trigger&instType=SWAP&instId=LPT-USDT-SWAP "HTTP/2 200 OK"
2026-03-23 21:49:41,486 | INFO | HTTP Request: GET https://www.okx.com/api/v5/trade/orders-algo-pending?ordType=move_order_stop&instType=SWAP&instId=LPT-USDT-SWAP "HTTP/2 200 OK"
2026-03-23 21:49:41,508 | INFO | HTTP Request: GET https://www.okx.com/api/v5/market/ticker?instId=H-USDT-SWAP "HTTP/2 200 OK"
2026-03-23 21:49:41,847 | INFO | HTTP Request: GET https://www.okx.com/api/v5/market/candles?instId=H-USDT-SWAP&bar=5m&limit=89 "HTTP/2 200 OK"
2026-03-23 21:49:41,892 | INFO | HTTP Request: GET https://www.okx.com/api/v5/trade/orders-algo-pending?ordType=iceberg&instType=SWAP&instId=LPT-USDT-SWAP "HTTP/2 200 OK"
2026-03-23 21:49:42,265 | INFO | HTTP Request: GET https://www.okx.com/api/v5/trade/orders-algo-pending?ordType=twap&instType=SWAP&instId=LPT-USDT-SWAP "HTTP/2 200 OK"
2026-03-23 21:49:42,337 | INFO | HTTP Request: GET https://www.okx.com/api/v5/market/ticker?instId=HBAR-USDT-SWAP "HTTP/2 200 OK"
2026-03-23 21:49:42,633 | INFO | HTTP Request: GET https://www.okx.com/api/v5/market/candles?instId=HBAR-USDT-SWAP&bar=5m&limit=89 "HTTP/2 200 OK"
2026-03-23 21:49:42,674 | INFO | HTTP Request: GET https://www.okx.com/api/v5/trade/orders-algo-pending?ordType=chase&instType=SWAP&instId=LPT-USDT-SWAP "HTTP/2 200 OK"
2026-03-23 21:49:43,032 | INFO | HTTP Request: GET https://www.okx.com/api/v5/trade/orders-algo-pending?ordType=conditional&instType=SWAP&instId=LPT-USDT-SWAP "HTTP/2 200 OK"
2026-03-23 21:49:43,127 | INFO | HTTP Request: GET https://www.okx.com/api/v5/market/ticker?instId=HMSTR-USDT-SWAP "HTTP/2 200 OK"
2026-03-23 21:49:43,449 | INFO | HTTP Request: GET https://www.okx.com/api/v5/market/candles?instId=HMSTR-USDT-SWAP&bar=5m&limit=89 "HTTP/2 200 OK"
2026-03-23 21:49:43,507 | INFO | HTTP Request: GET https://www.okx.com/api/v5/trade/orders-algo-pending?ordType=oco&instType=SWAP&instId=LPT-USDT-SWAP "HTTP/2 200 OK"
2026-03-23 21:49:43,877 | INFO | HTTP Request: GET https://www.okx.com/api/v5/trade/orders-algo-pending?ordType=trigger&instType=SWAP&instId=LPT-USDT-SWAP "HTTP/2 200 OK"
2026-03-23 21:49:43,968 | INFO | HTTP Request: GET https://www.okx.com/api/v5/market/ticker?instId=HOME-USDT-SWAP "HTTP/2 200 OK"
