2026-03-29 14:21:54,390 | ERROR | remote_control | controller:write_state:62 | remote_state_write_failed
Traceback (most recent call last):
  File "D:\GIT\okx-trading-bot\v11x\v117\remote_control\controller.py", line 60, in write_state
    self.bridge.write_state(payload)
    ~~~~~~~~~~~~~~~~~~~~~~~^^^^^^^^^
  File "D:\GIT\okx-trading-bot\v11x\v117\remote_control\bridge.py", line 23, in write_state
    tmp.replace(target)
    ~~~~~~~~~~~^^^^^^^^
  File "C:\Users\Home\AppData\Local\Python\pythoncore-3.14-64\Lib\pathlib\__init__.py", line 1091, in replace
    os.replace(self, target)
    ~~~~~~~~~~^^^^^^^^^^^^^^
PermissionError: [WinError 5] Отказано в доступе: 'D:\\GIT\\okx-trading-bot\\v11x\\v117\\runtime\\remote_bridge\\state\\remote_state.json.tmp' -> 'D:\\GIT\\okx-trading-bot\\v11x\\v117\\runtime\\remote_bridge\\state\\remote_state.json'
2026-03-29 14:27:16,891 | ERROR | remote_control | controller:write_state:62 | remote_state_write_failed
Traceback (most recent call last):
  File "D:\GIT\okx-trading-bot\v11x\v117\remote_control\controller.py", line 60, in write_state
    self.bridge.write_state(payload)
    ~~~~~~~~~~~~~~~~~~~~~~~^^^^^^^^^
  File "D:\GIT\okx-trading-bot\v11x\v117\remote_control\bridge.py", line 23, in write_state
    tmp.replace(target)
    ~~~~~~~~~~~^^^^^^^^
  File "C:\Users\Home\AppData\Local\Python\pythoncore-3.14-64\Lib\pathlib\__init__.py", line 1091, in replace
    os.replace(self, target)
    ~~~~~~~~~~^^^^^^^^^^^^^^
PermissionError: [WinError 5] Отказано в доступе: 'D:\\GIT\\okx-trading-bot\\v11x\\v117\\runtime\\remote_bridge\\state\\remote_state.json.tmp' -> 'D:\\GIT\\okx-trading-bot\\v11x\\v117\\runtime\\remote_bridge\\state\\remote_state.json'
2026-03-29 14:43:21,400 | ERROR | remote_control | controller:write_state:62 | remote_state_write_failed
Traceback (most recent call last):
  File "D:\GIT\okx-trading-bot\v11x\v117\remote_control\controller.py", line 60, in write_state
    self.bridge.write_state(payload)
    ~~~~~~~~~~~~~~~~~~~~~~~^^^^^^^^^
  File "D:\GIT\okx-trading-bot\v11x\v117\remote_control\bridge.py", line 23, in write_state
    tmp.replace(target)
    ~~~~~~~~~~~^^^^^^^^
  File "C:\Users\Home\AppData\Local\Python\pythoncore-3.14-64\Lib\pathlib\__init__.py", line 1091, in replace
    os.replace(self, target)
    ~~~~~~~~~~^^^^^^^^^^^^^^
PermissionError: [WinError 5] Отказано в доступе: 'D:\\GIT\\okx-trading-bot\\v11x\\v117\\runtime\\remote_bridge\\state\\remote_state.json.tmp' -> 'D:\\GIT\\okx-trading-bot\\v11x\\v117\\runtime\\remote_bridge\\state\\remote_state.json'
2026-03-29 14:48:37,891 | ERROR | remote_control | controller:write_state:62 | remote_state_write_failed
Traceback (most recent call last):
  File "D:\GIT\okx-trading-bot\v11x\v117\remote_control\controller.py", line 60, in write_state
    self.bridge.write_state(payload)
    ~~~~~~~~~~~~~~~~~~~~~~~^^^^^^^^^
  File "D:\GIT\okx-trading-bot\v11x\v117\remote_control\bridge.py", line 23, in write_state
    tmp.replace(target)
    ~~~~~~~~~~~^^^^^^^^
  File "C:\Users\Home\AppData\Local\Python\pythoncore-3.14-64\Lib\pathlib\__init__.py", line 1091, in replace
    os.replace(self, target)
    ~~~~~~~~~~^^^^^^^^^^^^^^
PermissionError: [WinError 5] Отказано в доступе: 'D:\\GIT\\okx-trading-bot\\v11x\\v117\\runtime\\remote_bridge\\state\\remote_state.json.tmp' -> 'D:\\GIT\\okx-trading-bot\\v11x\\v117\\runtime\\remote_bridge\\state\\remote_state.json'
2026-03-29 14:53:57,390 | ERROR | remote_control | controller:write_state:62 | remote_state_write_failed
Traceback (most recent call last):
  File "D:\GIT\okx-trading-bot\v11x\v117\remote_control\controller.py", line 60, in write_state
    self.bridge.write_state(payload)
    ~~~~~~~~~~~~~~~~~~~~~~~^^^^^^^^^
  File "D:\GIT\okx-trading-bot\v11x\v117\remote_control\bridge.py", line 23, in write_state
    tmp.replace(target)
    ~~~~~~~~~~~^^^^^^^^
  File "C:\Users\Home\AppData\Local\Python\pythoncore-3.14-64\Lib\pathlib\__init__.py", line 1091, in replace
    os.replace(self, target)
    ~~~~~~~~~~^^^^^^^^^^^^^^
PermissionError: [WinError 5] Отказано в доступе: 'D:\\GIT\\okx-trading-bot\\v11x\\v117\\runtime\\remote_bridge\\state\\remote_state.json.tmp' -> 'D:\\GIT\\okx-trading-bot\\v11x\\v117\\runtime\\remote_bridge\\state\\remote_state.json'
2026-03-29 15:01:10,889 | ERROR | remote_control | controller:write_state:62 | remote_state_write_failed
Traceback (most recent call last):
  File "D:\GIT\okx-trading-bot\v11x\v117\remote_control\controller.py", line 60, in write_state
    self.bridge.write_state(payload)
    ~~~~~~~~~~~~~~~~~~~~~~~^^^^^^^^^
  File "D:\GIT\okx-trading-bot\v11x\v117\remote_control\bridge.py", line 23, in write_state
    tmp.replace(target)
    ~~~~~~~~~~~^^^^^^^^
  File "C:\Users\Home\AppData\Local\Python\pythoncore-3.14-64\Lib\pathlib\__init__.py", line 1091, in replace
    os.replace(self, target)
    ~~~~~~~~~~^^^^^^^^^^^^^^
PermissionError: [WinError 5] Отказано в доступе: 'D:\\GIT\\okx-trading-bot\\v11x\\v117\\runtime\\remote_bridge\\state\\remote_state.json.tmp' -> 'D:\\GIT\\okx-trading-bot\\v11x\\v117\\runtime\\remote_bridge\\state\\remote_state.json'
2026-03-29 15:06:28,891 | ERROR | remote_control | controller:write_state:62 | remote_state_write_failed
Traceback (most recent call last):
  File "D:\GIT\okx-trading-bot\v11x\v117\remote_control\controller.py", line 60, in write_state
    self.bridge.write_state(payload)
    ~~~~~~~~~~~~~~~~~~~~~~~^^^^^^^^^
  File "D:\GIT\okx-trading-bot\v11x\v117\remote_control\bridge.py", line 23, in write_state
    tmp.replace(target)
    ~~~~~~~~~~~^^^^^^^^
  File "C:\Users\Home\AppData\Local\Python\pythoncore-3.14-64\Lib\pathlib\__init__.py", line 1091, in replace
    os.replace(self, target)
    ~~~~~~~~~~^^^^^^^^^^^^^^
PermissionError: [WinError 5] Отказано в доступе: 'D:\\GIT\\okx-trading-bot\\v11x\\v117\\runtime\\remote_bridge\\state\\remote_state.json.tmp' -> 'D:\\GIT\\okx-trading-bot\\v11x\\v117\\runtime\\remote_bridge\\state\\remote_state.json'
2026-03-29 15:11:48,390 | ERROR | remote_control | controller:write_state:62 | remote_state_write_failed
Traceback (most recent call last):
  File "D:\GIT\okx-trading-bot\v11x\v117\remote_control\controller.py", line 60, in write_state
    self.bridge.write_state(payload)
    ~~~~~~~~~~~~~~~~~~~~~~~^^^^^^^^^
  File "D:\GIT\okx-trading-bot\v11x\v117\remote_control\bridge.py", line 23, in write_state
    tmp.replace(target)
    ~~~~~~~~~~~^^^^^^^^
  File "C:\Users\Home\AppData\Local\Python\pythoncore-3.14-64\Lib\pathlib\__init__.py", line 1091, in replace
    os.replace(self, target)
    ~~~~~~~~~~^^^^^^^^^^^^^^
PermissionError: [WinError 5] Отказано в доступе: 'D:\\GIT\\okx-trading-bot\\v11x\\v117\\runtime\\remote_bridge\\state\\remote_state.json.tmp' -> 'D:\\GIT\\okx-trading-bot\\v11x\\v117\\runtime\\remote_bridge\\state\\remote_state.json'
2026-03-29 15:22:24,390 | ERROR | remote_control | controller:write_state:62 | remote_state_write_failed
Traceback (most recent call last):
  File "D:\GIT\okx-trading-bot\v11x\v117\remote_control\controller.py", line 60, in write_state
    self.bridge.write_state(payload)
    ~~~~~~~~~~~~~~~~~~~~~~~^^^^^^^^^
  File "D:\GIT\okx-trading-bot\v11x\v117\remote_control\bridge.py", line 23, in write_state
    tmp.replace(target)
    ~~~~~~~~~~~^^^^^^^^
  File "C:\Users\Home\AppData\Local\Python\pythoncore-3.14-64\Lib\pathlib\__init__.py", line 1091, in replace
    os.replace(self, target)
    ~~~~~~~~~~^^^^^^^^^^^^^^
PermissionError: [WinError 5] Отказано в доступе: 'D:\\GIT\\okx-trading-bot\\v11x\\v117\\runtime\\remote_bridge\\state\\remote_state.json.tmp' -> 'D:\\GIT\\okx-trading-bot\\v11x\\v117\\runtime\\remote_bridge\\state\\remote_state.json'
2026-03-29 15:27:37,889 | ERROR | remote_control | controller:write_state:62 | remote_state_write_failed
Traceback (most recent call last):
  File "D:\GIT\okx-trading-bot\v11x\v117\remote_control\controller.py", line 60, in write_state
    self.bridge.write_state(payload)
    ~~~~~~~~~~~~~~~~~~~~~~~^^^^^^^^^
  File "D:\GIT\okx-trading-bot\v11x\v117\remote_control\bridge.py", line 23, in write_state
    tmp.replace(target)
    ~~~~~~~~~~~^^^^^^^^
  File "C:\Users\Home\AppData\Local\Python\pythoncore-3.14-64\Lib\pathlib\__init__.py", line 1091, in replace
    os.replace(self, target)
    ~~~~~~~~~~^^^^^^^^^^^^^^
PermissionError: [WinError 5] Отказано в доступе: 'D:\\GIT\\okx-trading-bot\\v11x\\v117\\runtime\\remote_bridge\\state\\remote_state.json.tmp' -> 'D:\\GIT\\okx-trading-bot\\v11x\\v117\\runtime\\remote_bridge\\state\\remote_state.json'
2026-03-29 15:32:52,892 | ERROR | remote_control | controller:write_state:62 | remote_state_write_failed
Traceback (most recent call last):
  File "D:\GIT\okx-trading-bot\v11x\v117\remote_control\controller.py", line 60, in write_state
    self.bridge.write_state(payload)
    ~~~~~~~~~~~~~~~~~~~~~~~^^^^^^^^^
  File "D:\GIT\okx-trading-bot\v11x\v117\remote_control\bridge.py", line 23, in write_state
    tmp.replace(target)
    ~~~~~~~~~~~^^^^^^^^
  File "C:\Users\Home\AppData\Local\Python\pythoncore-3.14-64\Lib\pathlib\__init__.py", line 1091, in replace
    os.replace(self, target)
    ~~~~~~~~~~^^^^^^^^^^^^^^
PermissionError: [WinError 5] Отказано в доступе: 'D:\\GIT\\okx-trading-bot\\v11x\\v117\\runtime\\remote_bridge\\state\\remote_state.json.tmp' -> 'D:\\GIT\\okx-trading-bot\\v11x\\v117\\runtime\\remote_bridge\\state\\remote_state.json'
2026-03-29 15:38:04,890 | ERROR | remote_control | controller:write_state:62 | remote_state_write_failed
Traceback (most recent call last):
  File "D:\GIT\okx-trading-bot\v11x\v117\remote_control\controller.py", line 60, in write_state
    self.bridge.write_state(payload)
    ~~~~~~~~~~~~~~~~~~~~~~~^^^^^^^^^
  File "D:\GIT\okx-trading-bot\v11x\v117\remote_control\bridge.py", line 23, in write_state
    tmp.replace(target)
    ~~~~~~~~~~~^^^^^^^^
  File "C:\Users\Home\AppData\Local\Python\pythoncore-3.14-64\Lib\pathlib\__init__.py", line 1091, in replace
    os.replace(self, target)
    ~~~~~~~~~~^^^^^^^^^^^^^^
PermissionError: [WinError 5] Отказано в доступе: 'D:\\GIT\\okx-trading-bot\\v11x\\v117\\runtime\\remote_bridge\\state\\remote_state.json.tmp' -> 'D:\\GIT\\okx-trading-bot\\v11x\\v117\\runtime\\remote_bridge\\state\\remote_state.json'
2026-03-29 15:43:24,389 | ERROR | remote_control | controller:write_state:62 | remote_state_write_failed
Traceback (most recent call last):
  File "D:\GIT\okx-trading-bot\v11x\v117\remote_control\controller.py", line 60, in write_state
    self.bridge.write_state(payload)
    ~~~~~~~~~~~~~~~~~~~~~~~^^^^^^^^^
  File "D:\GIT\okx-trading-bot\v11x\v117\remote_control\bridge.py", line 23, in write_state
    tmp.replace(target)
    ~~~~~~~~~~~^^^^^^^^
  File "C:\Users\Home\AppData\Local\Python\pythoncore-3.14-64\Lib\pathlib\__init__.py", line 1091, in replace
    os.replace(self, target)
    ~~~~~~~~~~^^^^^^^^^^^^^^
PermissionError: [WinError 5] Отказано в доступе: 'D:\\GIT\\okx-trading-bot\\v11x\\v117\\runtime\\remote_bridge\\state\\remote_state.json.tmp' -> 'D:\\GIT\\okx-trading-bot\\v11x\\v117\\runtime\\remote_bridge\\state\\remote_state.json'
2026-03-29 15:48:30,394 | ERROR | remote_control | controller:write_state:62 | remote_state_write_failed
Traceback (most recent call last):
  File "D:\GIT\okx-trading-bot\v11x\v117\remote_control\controller.py", line 60, in write_state
    self.bridge.write_state(payload)
    ~~~~~~~~~~~~~~~~~~~~~~~^^^^^^^^^
  File "D:\GIT\okx-trading-bot\v11x\v117\remote_control\bridge.py", line 23, in write_state
    tmp.replace(target)
    ~~~~~~~~~~~^^^^^^^^
  File "C:\Users\Home\AppData\Local\Python\pythoncore-3.14-64\Lib\pathlib\__init__.py", line 1091, in replace
    os.replace(self, target)
    ~~~~~~~~~~^^^^^^^^^^^^^^
PermissionError: [WinError 5] Отказано в доступе: 'D:\\GIT\\okx-trading-bot\\v11x\\v117\\runtime\\remote_bridge\\state\\remote_state.json.tmp' -> 'D:\\GIT\\okx-trading-bot\\v11x\\v117\\runtime\\remote_bridge\\state\\remote_state.json'
2026-03-29 15:48:33,399 | ERROR | remote_control | controller:write_state:62 | remote_state_write_failed
Traceback (most recent call last):
  File "D:\GIT\okx-trading-bot\v11x\v117\remote_control\controller.py", line 60, in write_state
    self.bridge.write_state(payload)
    ~~~~~~~~~~~~~~~~~~~~~~~^^^^^^^^^
  File "D:\GIT\okx-trading-bot\v11x\v117\remote_control\bridge.py", line 23, in write_state
    tmp.replace(target)
    ~~~~~~~~~~~^^^^^^^^
  File "C:\Users\Home\AppData\Local\Python\pythoncore-3.14-64\Lib\pathlib\__init__.py", line 1091, in replace
    os.replace(self, target)
    ~~~~~~~~~~^^^^^^^^^^^^^^
PermissionError: [WinError 5] Отказано в доступе: 'D:\\GIT\\okx-trading-bot\\v11x\\v117\\runtime\\remote_bridge\\state\\remote_state.json.tmp' -> 'D:\\GIT\\okx-trading-bot\\v11x\\v117\\runtime\\remote_bridge\\state\\remote_state.json'
2026-03-29 15:52:55,897 | ERROR | remote_control | controller:write_state:62 | remote_state_write_failed
Traceback (most recent call last):
  File "D:\GIT\okx-trading-bot\v11x\v117\remote_control\controller.py", line 60, in write_state
    self.bridge.write_state(payload)
    ~~~~~~~~~~~~~~~~~~~~~~~^^^^^^^^^
  File "D:\GIT\okx-trading-bot\v11x\v117\remote_control\bridge.py", line 23, in write_state
    tmp.replace(target)
    ~~~~~~~~~~~^^^^^^^^
  File "C:\Users\Home\AppData\Local\Python\pythoncore-3.14-64\Lib\pathlib\__init__.py", line 1091, in replace
    os.replace(self, target)
    ~~~~~~~~~~^^^^^^^^^^^^^^
PermissionError: [WinError 5] Отказано в доступе: 'D:\\GIT\\okx-trading-bot\\v11x\\v117\\runtime\\remote_bridge\\state\\remote_state.json.tmp' -> 'D:\\GIT\\okx-trading-bot\\v11x\\v117\\runtime\\remote_bridge\\state\\remote_state.json'
2026-03-29 15:57:34,896 | ERROR | remote_control | controller:write_state:62 | remote_state_write_failed
Traceback (most recent call last):
  File "D:\GIT\okx-trading-bot\v11x\v117\remote_control\controller.py", line 60, in write_state
    self.bridge.write_state(payload)
    ~~~~~~~~~~~~~~~~~~~~~~~^^^^^^^^^
  File "D:\GIT\okx-trading-bot\v11x\v117\remote_control\bridge.py", line 23, in write_state
    tmp.replace(target)
    ~~~~~~~~~~~^^^^^^^^
  File "C:\Users\Home\AppData\Local\Python\pythoncore-3.14-64\Lib\pathlib\__init__.py", line 1091, in replace
    os.replace(self, target)
    ~~~~~~~~~~^^^^^^^^^^^^^^
PermissionError: [WinError 5] Отказано в доступе: 'D:\\GIT\\okx-trading-bot\\v11x\\v117\\runtime\\remote_bridge\\state\\remote_state.json.tmp' -> 'D:\\GIT\\okx-trading-bot\\v11x\\v117\\runtime\\remote_bridge\\state\\remote_state.json'
2026-03-29 16:02:12,393 | ERROR | remote_control | controller:write_state:62 | remote_state_write_failed
Traceback (most recent call last):
  File "D:\GIT\okx-trading-bot\v11x\v117\remote_control\controller.py", line 60, in write_state
    self.bridge.write_state(payload)
    ~~~~~~~~~~~~~~~~~~~~~~~^^^^^^^^^
  File "D:\GIT\okx-trading-bot\v11x\v117\remote_control\bridge.py", line 23, in write_state
    tmp.replace(target)
    ~~~~~~~~~~~^^^^^^^^
  File "C:\Users\Home\AppData\Local\Python\pythoncore-3.14-64\Lib\pathlib\__init__.py", line 1091, in replace
    os.replace(self, target)
    ~~~~~~~~~~^^^^^^^^^^^^^^
PermissionError: [WinError 5] Отказано в доступе: 'D:\\GIT\\okx-trading-bot\\v11x\\v117\\runtime\\remote_bridge\\state\\remote_state.json.tmp' -> 'D:\\GIT\\okx-trading-bot\\v11x\\v117\\runtime\\remote_bridge\\state\\remote_state.json'
2026-03-29 16:06:54,391 | ERROR | remote_control | controller:write_state:62 | remote_state_write_failed
Traceback (most recent call last):
  File "D:\GIT\okx-trading-bot\v11x\v117\remote_control\controller.py", line 60, in write_state
    self.bridge.write_state(payload)
    ~~~~~~~~~~~~~~~~~~~~~~~^^^^^^^^^
  File "D:\GIT\okx-trading-bot\v11x\v117\remote_control\bridge.py", line 23, in write_state
    tmp.replace(target)
    ~~~~~~~~~~~^^^^^^^^
  File "C:\Users\Home\AppData\Local\Python\pythoncore-3.14-64\Lib\pathlib\__init__.py", line 1091, in replace
    os.replace(self, target)
    ~~~~~~~~~~^^^^^^^^^^^^^^
PermissionError: [WinError 5] Отказано в доступе: 'D:\\GIT\\okx-trading-bot\\v11x\\v117\\runtime\\remote_bridge\\state\\remote_state.json.tmp' -> 'D:\\GIT\\okx-trading-bot\\v11x\\v117\\runtime\\remote_bridge\\state\\remote_state.json'
