2026-03-29 14:13:34,665 | INFO | root | okx_gateway:refresh_instruments:141 | Loaded 108 swap instruments
2026-03-29 14:14:07,647 | WARNING | root | market_data_cache:_run:142 | Market-data worker temporary fetch failure for DOT-USDT-SWAP: [WinError 10035] Операция на незаблокированном сокете не может быть завершена немедленно
2026-03-29 14:23:31,838 | INFO | root | okx_gateway:ensure_instrument_leverage:121 | Applied leverage 5 to LQTY-USDT-SWAP (isolated)
2026-03-29 14:23:32,217 | INFO | root | okx_gateway:place_market_order:639 | Placing order LQTY-USDT-SWAP buy qty=10565.0 attached_stop=True attached_stop_px=0.2656
2026-03-29 14:23:34,140 | INFO | root | okx_gateway:ensure_instrument_leverage:121 | Applied leverage 5 to THETA-USDT-SWAP (isolated)
2026-03-29 14:23:34,506 | INFO | root | okx_gateway:place_market_order:639 | Placing order THETA-USDT-SWAP buy qty=1869.0 attached_stop=True attached_stop_px=0.1499
2026-03-29 14:27:50,606 | WARNING | root | market_data_cache:_run:142 | Market-data worker temporary fetch failure for AXS-USDT-SWAP: [WinError 10035] Операция на незаблокированном сокете не может быть завершена немедленно
2026-03-29 14:31:34,115 | INFO | root | okx_gateway:amend_exchange_stop:433 | Amending exchange stop LQTY-USDT-SWAP algo=3431981250939019264 payload=[{'instId': 'LQTY-USDT-SWAP', 'algoId': '3431981250939019264', 'newSlTriggerPx': '0.2688', 'newSlOrdPx': '-1', 'newSlTriggerPxType': 'mark'}]
2026-03-29 14:31:39,807 | INFO | root | okx_gateway:place_exchange_stop:410 | Placing exchange stop LQTY-USDT-SWAP long payload={'instId': 'LQTY-USDT-SWAP', 'tdMode': 'isolated', 'side': 'sell', 'posSide': 'net', 'ordType': 'conditional', 'reduceOnly': 'true', 'closeFraction': '1', 'algoClOrdId': 'SLUSDTSWAP783899807', 'slTriggerPx': '0.2688', 'slTriggerPxType': 'mark', 'slOrdPx': '-1'}
2026-03-29 14:31:43,790 | INFO | root | okx_gateway:amend_exchange_stop:433 | Amending exchange stop THETA-USDT-SWAP algo=3431981325496967168 payload=[{'instId': 'THETA-USDT-SWAP', 'algoId': '3431981325496967168', 'newSlTriggerPx': '0.1509', 'newSlOrdPx': '-1', 'newSlTriggerPxType': 'mark'}]
2026-03-29 14:31:49,851 | INFO | root | okx_gateway:place_exchange_stop:410 | Placing exchange stop THETA-USDT-SWAP long payload={'instId': 'THETA-USDT-SWAP', 'tdMode': 'isolated', 'side': 'sell', 'posSide': 'net', 'ordType': 'conditional', 'reduceOnly': 'true', 'closeFraction': '1', 'algoClOrdId': 'SLUSDTSWAP783909851', 'slTriggerPx': '0.1509', 'slTriggerPxType': 'mark', 'slOrdPx': '-1'}
2026-03-29 14:37:46,067 | WARNING | root | market_data_cache:_run:142 | Market-data worker temporary fetch failure for FLOKI-USDT-SWAP: [WinError 10035] Операция на незаблокированном сокете не может быть завершена немедленно
2026-03-29 14:38:55,072 | WARNING | root | market_data_cache:_run:142 | Market-data worker temporary fetch failure for BNB-USDT-SWAP: [WinError 10035] Операция на незаблокированном сокете не может быть завершена немедленно
2026-03-29 14:48:21,758 | WARNING | root | market_data_cache:_run:142 | Market-data worker temporary fetch failure for BLUAI-USDT-SWAP: [WinError 10035] Операция на незаблокированном сокете не может быть завершена немедленно
2026-03-29 14:49:38,778 | WARNING | root | market_data_cache:_run:142 | Market-data worker temporary fetch failure for A-USDT-SWAP: [WinError 10035] Операция на незаблокированном сокете не может быть завершена немедленно
2026-03-29 14:53:46,368 | WARNING | root | market_data_cache:_run:142 | Market-data worker temporary fetch failure for LQTY-USDT-SWAP: [WinError 10035] Операция на незаблокированном сокете не может быть завершена немедленно
2026-03-29 14:54:14,942 | WARNING | root | market_data_cache:_run:142 | Market-data worker temporary fetch failure for FIL-USDT-SWAP: [WinError 10035] Операция на незаблокированном сокете не может быть завершена немедленно
2026-03-29 14:55:21,894 | WARNING | root | market_data_cache:_run:142 | Market-data worker temporary fetch failure for ASP-USDT-SWAP: [WinError 10035] Операция на незаблокированном сокете не может быть завершена немедленно
2026-03-29 14:55:44,087 | ERROR | root | market_data_cache:_run:146 | Market-data worker fetch failed for ASTER-USDT-SWAP: [Errno 11001] getaddrinfo failed
2026-03-29 14:56:06,282 | ERROR | root | market_data_cache:_run:146 | Market-data worker fetch failed for ATOM-USDT-SWAP: [Errno 11001] getaddrinfo failed
2026-03-29 14:56:28,474 | ERROR | root | market_data_cache:_run:146 | Market-data worker fetch failed for AUCTION-USDT-SWAP: [Errno 11001] getaddrinfo failed
2026-03-29 14:56:50,667 | ERROR | root | market_data_cache:_run:146 | Market-data worker fetch failed for AVAX-USDT-SWAP: [Errno 11001] getaddrinfo failed
2026-03-29 14:57:12,858 | ERROR | root | market_data_cache:_run:146 | Market-data worker fetch failed for AXS-USDT-SWAP: [Errno 11001] getaddrinfo failed
2026-03-29 14:57:35,050 | ERROR | root | market_data_cache:_run:146 | Market-data worker fetch failed for BAND-USDT-SWAP: [Errno 11001] getaddrinfo failed
2026-03-29 14:57:57,245 | ERROR | root | market_data_cache:_run:146 | Market-data worker fetch failed for BCH-USDT-SWAP: [Errno 11001] getaddrinfo failed
2026-03-29 14:58:19,440 | ERROR | root | market_data_cache:_run:146 | Market-data worker fetch failed for BIO-USDT-SWAP: [Errno 11001] getaddrinfo failed
2026-03-29 14:58:41,632 | ERROR | root | market_data_cache:_run:146 | Market-data worker fetch failed for BLUAI-USDT-SWAP: [Errno 11001] getaddrinfo failed
2026-03-29 14:58:52,732 | ERROR | root | market_data_cache:_run:146 | Market-data worker fetch failed for BNB-USDT-SWAP: [Errno 11001] getaddrinfo failed
2026-03-29 14:59:03,831 | ERROR | root | market_data_cache:_run:146 | Market-data worker fetch failed for BOME-USDT-SWAP: [Errno 11001] getaddrinfo failed
2026-03-29 14:59:13,408 | INFO | root | okx_gateway:amend_exchange_stop:433 | Amending exchange stop LQTY-USDT-SWAP algo=3431997607684431872 payload=[{'instId': 'LQTY-USDT-SWAP', 'algoId': '3431997607684431872', 'newSlTriggerPx': '0.2689', 'newSlOrdPx': '-1', 'newSlTriggerPxType': 'mark'}]
2026-03-29 14:59:19,116 | INFO | root | okx_gateway:place_exchange_stop:410 | Placing exchange stop LQTY-USDT-SWAP long payload={'instId': 'LQTY-USDT-SWAP', 'tdMode': 'isolated', 'side': 'sell', 'posSide': 'net', 'ordType': 'conditional', 'reduceOnly': 'true', 'closeFraction': '1', 'algoClOrdId': 'SLUSDTSWAP785559116', 'slTriggerPx': '0.2689', 'slTriggerPxType': 'mark', 'slOrdPx': '-1'}
2026-03-29 15:00:10,178 | WARNING | root | market_data_cache:_run:142 | Market-data worker temporary fetch failure for 1INCH-USDT-SWAP: [WinError 10035] Операция на незаблокированном сокете не может быть завершена немедленно
2026-03-29 15:03:01,956 | WARNING | root | market_data_cache:_run:142 | Market-data worker temporary fetch failure for A-USDT-SWAP: [WinError 10035] Операция на незаблокированном сокете не может быть завершена немедленно
2026-03-29 15:04:24,558 | INFO | root | okx_gateway:place_exchange_stop:410 | Placing exchange stop LQTY-USDT-SWAP long payload={'instId': 'LQTY-USDT-SWAP', 'tdMode': 'isolated', 'side': 'sell', 'posSide': 'net', 'ordType': 'conditional', 'reduceOnly': 'true', 'closeFraction': '1', 'algoClOrdId': 'SLUSDTSWAP785864558', 'slTriggerPx': '0.2677', 'slTriggerPxType': 'mark', 'slOrdPx': '-1'}
2026-03-29 15:04:25,646 | INFO | root | okx_gateway:close_position:466 | Closing position LQTY-USDT-SWAP. Синхронизация: позиция отсутствует на бирже
2026-03-29 15:07:51,112 | WARNING | root | market_data_cache:_run:142 | Market-data worker temporary fetch failure for LINEA-USDT-SWAP: [WinError 10035] Операция на незаблокированном сокете не может быть завершена немедленно
2026-03-29 15:08:52,547 | WARNING | root | market_data_cache:_run:142 | Market-data worker temporary fetch failure for CAT-USDT-SWAP: [WinError 10035] Операция на незаблокированном сокете не может быть завершена немедленно
2026-03-29 15:10:43,771 | WARNING | root | market_data_cache:_run:142 | Market-data worker temporary fetch failure for NEAR-USDT-SWAP: [WinError 10035] Операция на незаблокированном сокете не может быть завершена немедленно
2026-03-29 15:20:11,210 | WARNING | root | market_data_cache:_run:142 | Market-data worker temporary fetch failure for LINEA-USDT-SWAP: [WinError 10035] Операция на незаблокированном сокете не может быть завершена немедленно
2026-03-29 15:26:46,867 | INFO | root | okx_gateway:ensure_instrument_leverage:121 | Applied leverage 5 to SAND-USDT-SWAP (isolated)
2026-03-29 15:26:47,114 | INFO | root | okx_gateway:place_market_order:639 | Placing order SAND-USDT-SWAP sell qty=3901.0 attached_stop=True attached_stop_px=0.0737
2026-03-29 15:33:16,908 | WARNING | root | market_data_cache:_run:142 | Market-data worker temporary fetch failure for TSLA-USDT-SWAP: [WinError 10035] Операция на незаблокированном сокете не может быть завершена немедленно
2026-03-29 15:37:12,749 | INFO | root | okx_gateway:ensure_instrument_leverage:121 | Applied leverage 5 to ZIL-USDT-SWAP (isolated)
2026-03-29 15:37:13,113 | INFO | root | okx_gateway:place_market_order:639 | Placing order ZIL-USDT-SWAP sell qty=7699.0 attached_stop=True attached_stop_px=0.00378
2026-03-29 15:37:14,451 | INFO | root | okx_gateway:ensure_instrument_leverage:121 | Applied leverage 5 to INJ-USDT-SWAP (isolated)
2026-03-29 15:37:14,817 | INFO | root | okx_gateway:place_market_order:639 | Placing order INJ-USDT-SWAP sell qty=10036.0 attached_stop=True attached_stop_px=2.83
2026-03-29 15:37:16,441 | INFO | root | okx_gateway:ensure_instrument_leverage:121 | Applied leverage 5 to OP-USDT-SWAP (isolated)
2026-03-29 15:37:16,814 | INFO | root | okx_gateway:place_market_order:639 | Placing order OP-USDT-SWAP sell qty=27553.0 attached_stop=True attached_stop_px=0.1026
2026-03-29 15:37:18,430 | INFO | root | okx_gateway:ensure_instrument_leverage:121 | Applied leverage 5 to SUI-USDT-SWAP (isolated)
2026-03-29 15:37:18,787 | INFO | root | okx_gateway:place_market_order:639 | Placing order SUI-USDT-SWAP sell qty=3234.0 attached_stop=True attached_stop_px=0.86337
2026-03-29 15:37:23,605 | INFO | root | okx_gateway:amend_exchange_stop:433 | Amending exchange stop SAND-USDT-SWAP algo=3432108580814544896 payload=[{'instId': 'SAND-USDT-SWAP', 'algoId': '3432108580814544896', 'newSlTriggerPx': '0.0731', 'newSlOrdPx': '-1', 'newSlTriggerPxType': 'mark'}]
2026-03-29 15:37:29,081 | INFO | root | okx_gateway:place_exchange_stop:410 | Placing exchange stop SAND-USDT-SWAP short payload={'instId': 'SAND-USDT-SWAP', 'tdMode': 'isolated', 'side': 'buy', 'posSide': 'net', 'ordType': 'conditional', 'reduceOnly': 'true', 'closeFraction': '1', 'algoClOrdId': 'SLUSDTSWAP787849081', 'slTriggerPx': '0.0731', 'slTriggerPxType': 'mark', 'slOrdPx': '-1'}
2026-03-29 15:37:31,537 | INFO | root | okx_gateway:place_market_order:639 | Placing order SAND-USDT-SWAP sell qty=3901.0 attached_stop=False attached_stop_px=
2026-03-29 15:40:22,063 | INFO | root | okx_gateway:amend_exchange_stop:433 | Amending exchange stop SAND-USDT-SWAP algo=3432130119102455808 payload=[{'instId': 'SAND-USDT-SWAP', 'algoId': '3432130119102455808', 'newSlTriggerPx': '0.073', 'newSlOrdPx': '-1', 'newSlTriggerPxType': 'mark'}]
2026-03-29 15:40:24,493 | INFO | root | okx_gateway:place_exchange_stop:410 | Placing exchange stop SAND-USDT-SWAP short payload={'instId': 'SAND-USDT-SWAP', 'tdMode': 'isolated', 'side': 'buy', 'posSide': 'net', 'ordType': 'conditional', 'reduceOnly': 'true', 'closeFraction': '1', 'algoClOrdId': 'SLUSDTSWAP788024493', 'slTriggerPx': '0.073', 'slTriggerPxType': 'mark', 'slOrdPx': '-1'}
2026-03-29 15:40:26,501 | INFO | root | okx_gateway:place_market_order:639 | Placing order SAND-USDT-SWAP sell qty=3901.0 attached_stop=False attached_stop_px=
2026-03-29 15:40:30,604 | INFO | root | okx_gateway:place_market_order:639 | Placing order INJ-USDT-SWAP sell qty=10036.0 attached_stop=False attached_stop_px=
2026-03-29 15:40:33,095 | INFO | root | okx_gateway:place_market_order:639 | Placing order OP-USDT-SWAP sell qty=27553.0 attached_stop=False attached_stop_px=
2026-03-29 15:40:59,479 | WARNING | root | market_data_cache:_run:142 | Market-data worker temporary fetch failure for KSM-USDT-SWAP: [WinError 10035] Операция на незаблокированном сокете не может быть завершена немедленно
2026-03-29 15:42:20,600 | INFO | root | okx_gateway:ensure_instrument_leverage:121 | Applied leverage 5 to ATOM-USDT-SWAP (isolated)
2026-03-29 15:42:20,844 | INFO | root | okx_gateway:place_market_order:639 | Placing order ATOM-USDT-SWAP sell qty=1625.0 attached_stop=True attached_stop_px=1.66
2026-03-29 15:42:22,538 | INFO | root | okx_gateway:ensure_instrument_leverage:121 | Applied leverage 5 to MAGIC-USDT-SWAP (isolated)
2026-03-29 15:42:22,786 | INFO | root | okx_gateway:place_market_order:639 | Placing order MAGIC-USDT-SWAP sell qty=47184.0 attached_stop=True attached_stop_px=0.05659
2026-03-29 15:42:24,154 | INFO | root | okx_gateway:place_market_order:639 | Placing order THETA-USDT-SWAP sell qty=1755.0 attached_stop=True attached_stop_px=0.1514
2026-03-29 15:42:42,198 | INFO | root | okx_gateway:place_exchange_stop:410 | Placing exchange stop INJ-USDT-SWAP short payload={'instId': 'INJ-USDT-SWAP', 'tdMode': 'isolated', 'side': 'buy', 'posSide': 'net', 'ordType': 'conditional', 'reduceOnly': 'true', 'closeFraction': '1', 'algoClOrdId': 'SLUSDTSWAP788162198', 'slTriggerPx': '2.83', 'slTriggerPxType': 'mark', 'slOrdPx': '-1'}
2026-03-29 15:42:52,997 | INFO | root | okx_gateway:place_exchange_stop:410 | Placing exchange stop OP-USDT-SWAP short payload={'instId': 'OP-USDT-SWAP', 'tdMode': 'isolated', 'side': 'buy', 'posSide': 'net', 'ordType': 'conditional', 'reduceOnly': 'true', 'closeFraction': '1', 'algoClOrdId': 'SLUSDTSWAP788172997', 'slTriggerPx': '0.1026', 'slTriggerPxType': 'mark', 'slOrdPx': '-1'}
2026-03-29 15:46:37,659 | INFO | root | okx_gateway:ensure_instrument_leverage:121 | Applied leverage 5 to SUSHI-USDT-SWAP (isolated)
2026-03-29 15:46:37,963 | INFO | root | okx_gateway:place_market_order:639 | Placing order SUSHI-USDT-SWAP sell qty=14089.0 attached_stop=True attached_stop_px=0.1896
2026-03-29 15:46:47,822 | INFO | root | okx_gateway:amend_exchange_stop:433 | Amending exchange stop SAND-USDT-SWAP algo=3432136002838552576 payload=[{'instId': 'SAND-USDT-SWAP', 'algoId': '3432136002838552576', 'newSlTriggerPx': '0.0728', 'newSlOrdPx': '-1', 'newSlTriggerPxType': 'mark'}]
2026-03-29 15:46:53,198 | INFO | root | okx_gateway:place_exchange_stop:410 | Placing exchange stop SAND-USDT-SWAP short payload={'instId': 'SAND-USDT-SWAP', 'tdMode': 'isolated', 'side': 'buy', 'posSide': 'net', 'ordType': 'conditional', 'reduceOnly': 'true', 'closeFraction': '1', 'algoClOrdId': 'SLUSDTSWAP788413198', 'slTriggerPx': '0.0728', 'slTriggerPxType': 'mark', 'slOrdPx': '-1'}
2026-03-29 15:46:55,643 | INFO | root | okx_gateway:place_market_order:639 | Placing order SAND-USDT-SWAP sell qty=3901.0 attached_stop=False attached_stop_px=
2026-03-29 15:46:58,951 | INFO | root | okx_gateway:amend_exchange_stop:433 | Amending exchange stop ZIL-USDT-SWAP algo=3432129586962718720 payload=[{'instId': 'ZIL-USDT-SWAP', 'algoId': '3432129586962718720', 'newSlTriggerPx': '0.003677', 'newSlOrdPx': '-1', 'newSlTriggerPxType': 'mark'}]
2026-03-29 15:47:04,273 | INFO | root | okx_gateway:place_exchange_stop:410 | Placing exchange stop ZIL-USDT-SWAP short payload={'instId': 'ZIL-USDT-SWAP', 'tdMode': 'isolated', 'side': 'buy', 'posSide': 'net', 'ordType': 'conditional', 'reduceOnly': 'true', 'closeFraction': '1', 'algoClOrdId': 'SLUSDTSWAP788424273', 'slTriggerPx': '0.003677', 'slTriggerPxType': 'mark', 'slOrdPx': '-1'}
2026-03-29 15:47:06,714 | INFO | root | okx_gateway:place_market_order:639 | Placing order ZIL-USDT-SWAP sell qty=7699.0 attached_stop=False attached_stop_px=
2026-03-29 15:47:09,769 | INFO | root | okx_gateway:amend_exchange_stop:433 | Amending exchange stop INJ-USDT-SWAP algo=3432140625364213760 payload=[{'instId': 'INJ-USDT-SWAP', 'algoId': '3432140625364213760', 'newSlTriggerPx': '2.799', 'newSlOrdPx': '-1', 'newSlTriggerPxType': 'mark'}]
2026-03-29 15:47:15,130 | INFO | root | okx_gateway:place_exchange_stop:410 | Placing exchange stop INJ-USDT-SWAP short payload={'instId': 'INJ-USDT-SWAP', 'tdMode': 'isolated', 'side': 'buy', 'posSide': 'net', 'ordType': 'conditional', 'reduceOnly': 'true', 'closeFraction': '1', 'algoClOrdId': 'SLUSDTSWAP788435130', 'slTriggerPx': '2.799', 'slTriggerPxType': 'mark', 'slOrdPx': '-1'}
2026-03-29 15:47:17,581 | INFO | root | okx_gateway:place_market_order:639 | Placing order INJ-USDT-SWAP sell qty=10036.0 attached_stop=False attached_stop_px=
2026-03-29 15:47:20,651 | INFO | root | okx_gateway:amend_exchange_stop:433 | Amending exchange stop OP-USDT-SWAP algo=3432140987584307200 payload=[{'instId': 'OP-USDT-SWAP', 'algoId': '3432140987584307200', 'newSlTriggerPx': '0.10126', 'newSlOrdPx': '-1', 'newSlTriggerPxType': 'mark'}]
2026-03-29 15:47:25,967 | INFO | root | okx_gateway:place_exchange_stop:410 | Placing exchange stop OP-USDT-SWAP short payload={'instId': 'OP-USDT-SWAP', 'tdMode': 'isolated', 'side': 'buy', 'posSide': 'net', 'ordType': 'conditional', 'reduceOnly': 'true', 'closeFraction': '1', 'algoClOrdId': 'SLUSDTSWAP788445967', 'slTriggerPx': '0.10126', 'slTriggerPxType': 'mark', 'slOrdPx': '-1'}
2026-03-29 15:47:30,060 | INFO | root | okx_gateway:amend_exchange_stop:433 | Amending exchange stop SUI-USDT-SWAP algo=3432129775270191104 payload=[{'instId': 'SUI-USDT-SWAP', 'algoId': '3432129775270191104', 'newSlTriggerPx': '0.85642', 'newSlOrdPx': '-1', 'newSlTriggerPxType': 'mark'}]
2026-03-29 15:47:35,428 | INFO | root | okx_gateway:place_exchange_stop:410 | Placing exchange stop SUI-USDT-SWAP short payload={'instId': 'SUI-USDT-SWAP', 'tdMode': 'isolated', 'side': 'buy', 'posSide': 'net', 'ordType': 'conditional', 'reduceOnly': 'true', 'closeFraction': '1', 'algoClOrdId': 'SLUSDTSWAP788455428', 'slTriggerPx': '0.85642', 'slTriggerPxType': 'mark', 'slOrdPx': '-1'}
2026-03-29 15:49:33,866 | INFO | root | okx_gateway:amend_exchange_stop:433 | Amending exchange stop SAND-USDT-SWAP algo=3432149047023329280 payload=[{'instId': 'SAND-USDT-SWAP', 'algoId': '3432149047023329280', 'newSlTriggerPx': '0.0729', 'newSlOrdPx': '-1', 'newSlTriggerPxType': 'mark'}]
2026-03-29 15:49:39,268 | INFO | root | okx_gateway:place_exchange_stop:410 | Placing exchange stop SAND-USDT-SWAP short payload={'instId': 'SAND-USDT-SWAP', 'tdMode': 'isolated', 'side': 'buy', 'posSide': 'net', 'ordType': 'conditional', 'reduceOnly': 'true', 'closeFraction': '1', 'algoClOrdId': 'SLUSDTSWAP788579268', 'slTriggerPx': '0.0729', 'slTriggerPxType': 'mark', 'slOrdPx': '-1'}
2026-03-29 15:49:54,514 | INFO | root | okx_gateway:place_exchange_stop:410 | Placing exchange stop INJ-USDT-SWAP short payload={'instId': 'INJ-USDT-SWAP', 'tdMode': 'isolated', 'side': 'buy', 'posSide': 'net', 'ordType': 'conditional', 'reduceOnly': 'true', 'closeFraction': '1', 'algoClOrdId': 'SLUSDTSWAP788594514', 'slTriggerPx': '2.803', 'slTriggerPxType': 'mark', 'slOrdPx': '-1'}
2026-03-29 15:49:55,575 | INFO | root | okx_gateway:close_position:466 | Closing position INJ-USDT-SWAP. Синхронизация: позиция отсутствует на бирже
2026-03-29 15:50:04,084 | INFO | root | okx_gateway:place_exchange_stop:410 | Placing exchange stop OP-USDT-SWAP short payload={'instId': 'OP-USDT-SWAP', 'tdMode': 'isolated', 'side': 'buy', 'posSide': 'net', 'ordType': 'conditional', 'reduceOnly': 'true', 'closeFraction': '1', 'algoClOrdId': 'SLUSDTSWAP788604084', 'slTriggerPx': '0.10146', 'slTriggerPxType': 'mark', 'slOrdPx': '-1'}
2026-03-29 15:50:05,150 | INFO | root | okx_gateway:close_position:466 | Closing position OP-USDT-SWAP. Синхронизация: позиция отсутствует на бирже
2026-03-29 15:51:49,876 | INFO | root | okx_gateway:ensure_instrument_leverage:121 | Applied leverage 5 to AXS-USDT-SWAP (isolated)
2026-03-29 15:51:50,125 | INFO | root | okx_gateway:place_market_order:639 | Placing order AXS-USDT-SWAP sell qty=24186.0 attached_stop=True attached_stop_px=1.1929
2026-03-29 15:51:55,018 | INFO | root | okx_gateway:amend_exchange_stop:433 | Amending exchange stop SAND-USDT-SWAP algo=3432154619307188224 payload=[{'instId': 'SAND-USDT-SWAP', 'algoId': '3432154619307188224', 'newSlTriggerPx': '0.073', 'newSlOrdPx': '-1', 'newSlTriggerPxType': 'mark'}]
2026-03-29 15:51:57,338 | INFO | root | okx_gateway:place_exchange_stop:410 | Placing exchange stop SAND-USDT-SWAP short payload={'instId': 'SAND-USDT-SWAP', 'tdMode': 'isolated', 'side': 'buy', 'posSide': 'net', 'ordType': 'conditional', 'reduceOnly': 'true', 'closeFraction': '1', 'algoClOrdId': 'SLUSDTSWAP788717338', 'slTriggerPx': '0.073', 'slTriggerPxType': 'mark', 'slOrdPx': '-1'}
2026-03-29 15:52:02,624 | INFO | root | okx_gateway:place_exchange_stop:410 | Placing exchange stop ZIL-USDT-SWAP short payload={'instId': 'ZIL-USDT-SWAP', 'tdMode': 'isolated', 'side': 'buy', 'posSide': 'net', 'ordType': 'conditional', 'reduceOnly': 'true', 'closeFraction': '1', 'algoClOrdId': 'SLUSDTSWAP788722624', 'slTriggerPx': '0.003684', 'slTriggerPxType': 'mark', 'slOrdPx': '-1'}
2026-03-29 15:52:03,580 | INFO | root | okx_gateway:close_position:466 | Closing position ZIL-USDT-SWAP. Синхронизация: позиция отсутствует на бирже
2026-03-29 15:52:05,896 | INFO | root | okx_gateway:place_exchange_stop:410 | Placing exchange stop SUI-USDT-SWAP short payload={'instId': 'SUI-USDT-SWAP', 'tdMode': 'isolated', 'side': 'buy', 'posSide': 'net', 'ordType': 'conditional', 'reduceOnly': 'true', 'closeFraction': '1', 'algoClOrdId': 'SLUSDTSWAP788725896', 'slTriggerPx': '0.8571', 'slTriggerPxType': 'mark', 'slOrdPx': '-1'}
2026-03-29 15:52:06,846 | INFO | root | okx_gateway:close_position:466 | Closing position SUI-USDT-SWAP. Синхронизация: позиция отсутствует на бирже
2026-03-29 15:52:09,180 | INFO | root | okx_gateway:amend_exchange_stop:433 | Amending exchange stop ATOM-USDT-SWAP algo=3432139912533860352 payload=[{'instId': 'ATOM-USDT-SWAP', 'algoId': '3432139912533860352', 'newSlTriggerPx': '1.65', 'newSlOrdPx': '-1', 'newSlTriggerPxType': 'mark'}]
2026-03-29 15:52:11,479 | INFO | root | okx_gateway:place_exchange_stop:410 | Placing exchange stop ATOM-USDT-SWAP short payload={'instId': 'ATOM-USDT-SWAP', 'tdMode': 'isolated', 'side': 'buy', 'posSide': 'net', 'ordType': 'conditional', 'reduceOnly': 'true', 'closeFraction': '1', 'algoClOrdId': 'SLUSDTSWAP788731479', 'slTriggerPx': '1.65', 'slTriggerPxType': 'mark', 'slOrdPx': '-1'}
2026-03-29 15:52:14,518 | INFO | root | okx_gateway:amend_exchange_stop:433 | Amending exchange stop THETA-USDT-SWAP algo=3432140021283774464 payload=[{'instId': 'THETA-USDT-SWAP', 'algoId': '3432140021283774464', 'newSlTriggerPx': '0.1506', 'newSlOrdPx': '-1', 'newSlTriggerPxType': 'mark'}]
2026-03-29 15:52:16,827 | INFO | root | okx_gateway:place_exchange_stop:410 | Placing exchange stop THETA-USDT-SWAP short payload={'instId': 'THETA-USDT-SWAP', 'tdMode': 'isolated', 'side': 'buy', 'posSide': 'net', 'ordType': 'conditional', 'reduceOnly': 'true', 'closeFraction': '1', 'algoClOrdId': 'SLUSDTSWAP788736827', 'slTriggerPx': '0.1506', 'slTriggerPxType': 'mark', 'slOrdPx': '-1'}
2026-03-29 15:54:08,838 | INFO | root | okx_gateway:amend_exchange_stop:433 | Amending exchange stop SAND-USDT-SWAP algo=3432159250154348544 payload=[{'instId': 'SAND-USDT-SWAP', 'algoId': '3432159250154348544', 'newSlTriggerPx': '0.0729', 'newSlOrdPx': '-1', 'newSlTriggerPxType': 'mark'}]
2026-03-29 15:54:14,428 | INFO | root | okx_gateway:place_exchange_stop:410 | Placing exchange stop SAND-USDT-SWAP short payload={'instId': 'SAND-USDT-SWAP', 'tdMode': 'isolated', 'side': 'buy', 'posSide': 'net', 'ordType': 'conditional', 'reduceOnly': 'true', 'closeFraction': '1', 'algoClOrdId': 'SLUSDTSWAP788854428', 'slTriggerPx': '0.0729', 'slTriggerPxType': 'mark', 'slOrdPx': '-1'}
2026-03-29 15:56:43,867 | INFO | root | okx_gateway:amend_exchange_stop:433 | Amending exchange stop SUSHI-USDT-SWAP algo=3432148539747426304 payload=[{'instId': 'SUSHI-USDT-SWAP', 'algoId': '3432148539747426304', 'newSlTriggerPx': '0.1881', 'newSlOrdPx': '-1', 'newSlTriggerPxType': 'mark'}]
2026-03-29 15:56:49,233 | INFO | root | okx_gateway:place_exchange_stop:410 | Placing exchange stop SUSHI-USDT-SWAP short payload={'instId': 'SUSHI-USDT-SWAP', 'tdMode': 'isolated', 'side': 'buy', 'posSide': 'net', 'ordType': 'conditional', 'reduceOnly': 'true', 'closeFraction': '1', 'algoClOrdId': 'SLUSDTSWAP789009233', 'slTriggerPx': '0.1881', 'slTriggerPxType': 'mark', 'slOrdPx': '-1'}
2026-03-29 15:58:37,526 | INFO | root | okx_gateway:amend_exchange_stop:433 | Amending exchange stop SAND-USDT-SWAP algo=3432163851943370752 payload=[{'instId': 'SAND-USDT-SWAP', 'algoId': '3432163851943370752', 'newSlTriggerPx': '0.073', 'newSlOrdPx': '-1', 'newSlTriggerPxType': 'mark'}]
2026-03-29 15:58:42,840 | INFO | root | okx_gateway:place_exchange_stop:410 | Placing exchange stop SAND-USDT-SWAP short payload={'instId': 'SAND-USDT-SWAP', 'tdMode': 'isolated', 'side': 'buy', 'posSide': 'net', 'ordType': 'conditional', 'reduceOnly': 'true', 'closeFraction': '1', 'algoClOrdId': 'SLUSDTSWAP789122840', 'slTriggerPx': '0.0731', 'slTriggerPxType': 'mark', 'slOrdPx': '-1'}
2026-03-29 16:01:11,539 | INFO | root | okx_gateway:amend_exchange_stop:433 | Amending exchange stop ATOM-USDT-SWAP algo=3432159724714680320 payload=[{'instId': 'ATOM-USDT-SWAP', 'algoId': '3432159724714680320', 'newSlTriggerPx': '1.649', 'newSlOrdPx': '-1', 'newSlTriggerPxType': 'mark'}]
2026-03-29 16:01:13,856 | INFO | root | okx_gateway:place_exchange_stop:410 | Placing exchange stop ATOM-USDT-SWAP short payload={'instId': 'ATOM-USDT-SWAP', 'tdMode': 'isolated', 'side': 'buy', 'posSide': 'net', 'ordType': 'conditional', 'reduceOnly': 'true', 'closeFraction': '1', 'algoClOrdId': 'SLUSDTSWAP789273856', 'slTriggerPx': '1.649', 'slTriggerPxType': 'mark', 'slOrdPx': '-1'}
2026-03-29 16:01:19,731 | INFO | root | okx_gateway:amend_exchange_stop:433 | Amending exchange stop THETA-USDT-SWAP algo=3432159905807949824 payload=[{'instId': 'THETA-USDT-SWAP', 'algoId': '3432159905807949824', 'newSlTriggerPx': '0.1507', 'newSlOrdPx': '-1', 'newSlTriggerPxType': 'mark'}]
2026-03-29 16:01:22,082 | INFO | root | okx_gateway:place_exchange_stop:410 | Placing exchange stop THETA-USDT-SWAP short payload={'instId': 'THETA-USDT-SWAP', 'tdMode': 'isolated', 'side': 'buy', 'posSide': 'net', 'ordType': 'conditional', 'reduceOnly': 'true', 'closeFraction': '1', 'algoClOrdId': 'SLUSDTSWAP789282082', 'slTriggerPx': '0.1507', 'slTriggerPxType': 'mark', 'slOrdPx': '-1'}
2026-03-29 16:01:32,438 | INFO | root | okx_gateway:amend_exchange_stop:433 | Amending exchange stop AXS-USDT-SWAP algo=3432159012421197824 payload=[{'instId': 'AXS-USDT-SWAP', 'algoId': '3432159012421197824', 'newSlTriggerPx': '1.1262', 'newSlOrdPx': '-1', 'newSlTriggerPxType': 'mark'}]
2026-03-29 16:01:34,721 | INFO | root | okx_gateway:place_exchange_stop:410 | Placing exchange stop AXS-USDT-SWAP short payload={'instId': 'AXS-USDT-SWAP', 'tdMode': 'isolated', 'side': 'buy', 'posSide': 'net', 'ordType': 'conditional', 'reduceOnly': 'true', 'closeFraction': '1', 'algoClOrdId': 'SLUSDTSWAP789294721', 'slTriggerPx': '1.1262', 'slTriggerPxType': 'mark', 'slOrdPx': '-1'}
2026-03-29 16:03:17,127 | INFO | root | okx_gateway:ensure_instrument_leverage:121 | Applied leverage 5 to BCH-USDT-SWAP (isolated)
2026-03-29 16:03:17,382 | INFO | root | okx_gateway:place_market_order:639 | Placing order BCH-USDT-SWAP sell qty=55.93 attached_stop=True attached_stop_px=482.6
2026-03-29 16:03:36,396 | INFO | root | okx_gateway:amend_exchange_stop:433 | Amending exchange stop AXS-USDT-SWAP algo=3432178623409643520 payload=[{'instId': 'AXS-USDT-SWAP', 'algoId': '3432178623409643520', 'newSlTriggerPx': '1.1265', 'newSlOrdPx': '-1', 'newSlTriggerPxType': 'mark'}]
2026-03-29 16:03:38,646 | INFO | root | okx_gateway:place_exchange_stop:410 | Placing exchange stop AXS-USDT-SWAP short payload={'instId': 'AXS-USDT-SWAP', 'tdMode': 'isolated', 'side': 'buy', 'posSide': 'net', 'ordType': 'conditional', 'reduceOnly': 'true', 'closeFraction': '1', 'algoClOrdId': 'SLUSDTSWAP789418646', 'slTriggerPx': '1.1265', 'slTriggerPxType': 'mark', 'slOrdPx': '-1'}
2026-03-29 16:05:40,933 | INFO | root | okx_gateway:place_exchange_stop:410 | Placing exchange stop AXS-USDT-SWAP short payload={'instId': 'AXS-USDT-SWAP', 'tdMode': 'isolated', 'side': 'buy', 'posSide': 'net', 'ordType': 'conditional', 'reduceOnly': 'true', 'closeFraction': '1', 'algoClOrdId': 'SLUSDTSWAP789540933', 'slTriggerPx': '1.1277', 'slTriggerPxType': 'mark', 'slOrdPx': '-1'}
2026-03-29 16:05:41,894 | INFO | root | okx_gateway:close_position:466 | Closing position AXS-USDT-SWAP. Синхронизация: позиция отсутствует на бирже
2026-03-29 16:06:06,017 | WARNING | root | market_data_cache:_run:142 | Market-data worker temporary fetch failure for ATOM-USDT-SWAP: [WinError 10035] Операция на незаблокированном сокете не может быть завершена немедленно
2026-03-29 16:06:17,480 | INFO | root | okx_gateway:refresh_instruments:141 | Loaded 109 swap instruments
2026-03-29 16:06:20,207 | INFO | root | okx_gateway:close_position:466 | Closing position BCH-USDT-SWAP. reset_test
2026-03-29 16:06:22,461 | INFO | root | okx_gateway:close_position:466 | Closing position SUSHI-USDT-SWAP. reset_test
2026-03-29 16:06:24,638 | INFO | root | okx_gateway:close_position:466 | Closing position THETA-USDT-SWAP. reset_test
2026-03-29 16:06:26,881 | INFO | root | okx_gateway:close_position:466 | Closing position ATOM-USDT-SWAP. reset_test
2026-03-29 16:06:29,118 | INFO | root | okx_gateway:close_position:466 | Closing position SAND-USDT-SWAP. reset_test
