2026-03-29 14:13:28,900 | INFO | Telegram worker started | app_dir=D:\GIT\okx-trading-bot\v11x\v117 | project_root=D:\GIT\okx-trading-bot\v11x\v117 | queue=D:\GIT\okx-trading-bot\v11x\v117\runtime\telegram_queue | status=D:\GIT\okx-trading-bot\v11x\v117\runtime\telegram_status.json | bridge=D:\GIT\okx-trading-bot\v11x\v117\runtime\remote_bridge
2026-03-29 14:27:54,569 | ERROR | Telegram worker item processing failed: <urlopen error _ssl.c:1063: The handshake operation timed out>
Traceback (most recent call last):
  File "urllib\request.py", line 1321, in do_open
  File "http\client.py", line 1358, in request
  File "http\client.py", line 1404, in _send_request
  File "http\client.py", line 1353, in endheaders
  File "http\client.py", line 1113, in _send_output
  File "http\client.py", line 1057, in send
  File "http\client.py", line 1499, in connect
  File "ssl.py", line 455, in wrap_socket
  File "ssl.py", line 1076, in _create
  File "ssl.py", line 1372, in do_handshake
TimeoutError: _ssl.c:1063: The handshake operation timed out

During handling of the above exception, another exception occurred:

Traceback (most recent call last):
  File "integration\telegram\notifier.py", line 658, in run_worker_forever
    commands_processed = worker._process_commands()
  File "integration\telegram\notifier.py", line 302, in _process_commands
    with urllib.request.urlopen(request, timeout=15) as response:
         ~~~~~~~~~~~~~~~~~~~~~~^^^^^^^^^^^^^^^^^^^^^
  File "urllib\request.py", line 187, in urlopen
  File "urllib\request.py", line 487, in open
  File "urllib\request.py", line 504, in _open
  File "urllib\request.py", line 464, in _call_chain
  File "urllib\request.py", line 1369, in https_open
  File "urllib\request.py", line 1324, in do_open
urllib.error.URLError: <urlopen error _ssl.c:1063: The handshake operation timed out>
2026-03-29 14:28:08,669 | ERROR | Telegram worker item processing failed: <urlopen error [Errno 11001] getaddrinfo failed>
Traceback (most recent call last):
  File "urllib\request.py", line 1321, in do_open
  File "http\client.py", line 1358, in request
  File "http\client.py", line 1404, in _send_request
  File "http\client.py", line 1353, in endheaders
  File "http\client.py", line 1113, in _send_output
  File "http\client.py", line 1057, in send
  File "http\client.py", line 1492, in connect
  File "http\client.py", line 1023, in connect
  File "socket.py", line 846, in create_connection
  File "socket.py", line 983, in getaddrinfo
socket.gaierror: [Errno 11001] getaddrinfo failed

During handling of the above exception, another exception occurred:

Traceback (most recent call last):
  File "integration\telegram\notifier.py", line 658, in run_worker_forever
    commands_processed = worker._process_commands()
  File "integration\telegram\notifier.py", line 302, in _process_commands
    with urllib.request.urlopen(request, timeout=15) as response:
         ~~~~~~~~~~~~~~~~~~~~~~^^^^^^^^^^^^^^^^^^^^^
  File "urllib\request.py", line 187, in urlopen
  File "urllib\request.py", line 487, in open
  File "urllib\request.py", line 504, in _open
  File "urllib\request.py", line 464, in _call_chain
  File "urllib\request.py", line 1369, in https_open
  File "urllib\request.py", line 1324, in do_open
urllib.error.URLError: <urlopen error [Errno 11001] getaddrinfo failed>
2026-03-29 14:28:22,766 | ERROR | Telegram worker item processing failed: <urlopen error [Errno 11001] getaddrinfo failed>
Traceback (most recent call last):
  File "urllib\request.py", line 1321, in do_open
  File "http\client.py", line 1358, in request
  File "http\client.py", line 1404, in _send_request
  File "http\client.py", line 1353, in endheaders
  File "http\client.py", line 1113, in _send_output
  File "http\client.py", line 1057, in send
  File "http\client.py", line 1492, in connect
  File "http\client.py", line 1023, in connect
  File "socket.py", line 846, in create_connection
  File "socket.py", line 983, in getaddrinfo
socket.gaierror: [Errno 11001] getaddrinfo failed

During handling of the above exception, another exception occurred:

Traceback (most recent call last):
  File "integration\telegram\notifier.py", line 658, in run_worker_forever
    commands_processed = worker._process_commands()
  File "integration\telegram\notifier.py", line 302, in _process_commands
    with urllib.request.urlopen(request, timeout=15) as response:
         ~~~~~~~~~~~~~~~~~~~~~~^^^^^^^^^^^^^^^^^^^^^
  File "urllib\request.py", line 187, in urlopen
  File "urllib\request.py", line 487, in open
  File "urllib\request.py", line 504, in _open
  File "urllib\request.py", line 464, in _call_chain
  File "urllib\request.py", line 1369, in https_open
  File "urllib\request.py", line 1324, in do_open
urllib.error.URLError: <urlopen error [Errno 11001] getaddrinfo failed>
2026-03-29 14:28:36,867 | ERROR | Telegram worker item processing failed: <urlopen error [Errno 11001] getaddrinfo failed>
Traceback (most recent call last):
  File "urllib\request.py", line 1321, in do_open
  File "http\client.py", line 1358, in request
  File "http\client.py", line 1404, in _send_request
  File "http\client.py", line 1353, in endheaders
  File "http\client.py", line 1113, in _send_output
  File "http\client.py", line 1057, in send
  File "http\client.py", line 1492, in connect
  File "http\client.py", line 1023, in connect
  File "socket.py", line 846, in create_connection
  File "socket.py", line 983, in getaddrinfo
socket.gaierror: [Errno 11001] getaddrinfo failed

During handling of the above exception, another exception occurred:

Traceback (most recent call last):
  File "integration\telegram\notifier.py", line 658, in run_worker_forever
    commands_processed = worker._process_commands()
  File "integration\telegram\notifier.py", line 302, in _process_commands
    with urllib.request.urlopen(request, timeout=15) as response:
         ~~~~~~~~~~~~~~~~~~~~~~^^^^^^^^^^^^^^^^^^^^^
  File "urllib\request.py", line 187, in urlopen
  File "urllib\request.py", line 487, in open
  File "urllib\request.py", line 504, in _open
  File "urllib\request.py", line 464, in _call_chain
  File "urllib\request.py", line 1369, in https_open
  File "urllib\request.py", line 1324, in do_open
urllib.error.URLError: <urlopen error [Errno 11001] getaddrinfo failed>
2026-03-29 14:54:35,310 | ERROR | Telegram worker item processing failed: <urlopen error timed out>
Traceback (most recent call last):
  File "urllib\request.py", line 1321, in do_open
  File "http\client.py", line 1358, in request
  File "http\client.py", line 1404, in _send_request
  File "http\client.py", line 1353, in endheaders
  File "http\client.py", line 1113, in _send_output
  File "http\client.py", line 1057, in send
  File "http\client.py", line 1492, in connect
  File "http\client.py", line 1023, in connect
  File "socket.py", line 870, in create_connection
  File "socket.py", line 855, in create_connection
TimeoutError: timed out

During handling of the above exception, another exception occurred:

Traceback (most recent call last):
  File "integration\telegram\notifier.py", line 658, in run_worker_forever
    commands_processed = worker._process_commands()
  File "integration\telegram\notifier.py", line 302, in _process_commands
    with urllib.request.urlopen(request, timeout=15) as response:
         ~~~~~~~~~~~~~~~~~~~~~~^^^^^^^^^^^^^^^^^^^^^
  File "urllib\request.py", line 187, in urlopen
  File "urllib\request.py", line 487, in open
  File "urllib\request.py", line 504, in _open
  File "urllib\request.py", line 464, in _call_chain
  File "urllib\request.py", line 1369, in https_open
  File "urllib\request.py", line 1324, in do_open
urllib.error.URLError: <urlopen error timed out>
2026-03-29 14:54:59,429 | ERROR | Telegram worker item processing failed: The read operation timed out
Traceback (most recent call last):
  File "integration\telegram\notifier.py", line 658, in run_worker_forever
    commands_processed = worker._process_commands()
  File "integration\telegram\notifier.py", line 302, in _process_commands
    with urllib.request.urlopen(request, timeout=15) as response:
         ~~~~~~~~~~~~~~~~~~~~~~^^^^^^^^^^^^^^^^^^^^^
  File "urllib\request.py", line 187, in urlopen
  File "urllib\request.py", line 487, in open
  File "urllib\request.py", line 504, in _open
  File "urllib\request.py", line 464, in _call_chain
  File "urllib\request.py", line 1369, in https_open
  File "urllib\request.py", line 1325, in do_open
  File "http\client.py", line 1450, in getresponse
  File "http\client.py", line 336, in begin
  File "http\client.py", line 297, in _read_status
  File "socket.py", line 725, in readinto
  File "ssl.py", line 1304, in recv_into
  File "ssl.py", line 1138, in read
TimeoutError: The read operation timed out
2026-03-29 14:55:17,430 | ERROR | Telegram worker item processing failed: <urlopen error timed out>
Traceback (most recent call last):
  File "urllib\request.py", line 1321, in do_open
  File "http\client.py", line 1358, in request
  File "http\client.py", line 1404, in _send_request
  File "http\client.py", line 1353, in endheaders
  File "http\client.py", line 1113, in _send_output
  File "http\client.py", line 1057, in send
  File "http\client.py", line 1492, in connect
  File "http\client.py", line 1023, in connect
  File "socket.py", line 870, in create_connection
  File "socket.py", line 855, in create_connection
TimeoutError: timed out

During handling of the above exception, another exception occurred:

Traceback (most recent call last):
  File "integration\telegram\notifier.py", line 658, in run_worker_forever
    commands_processed = worker._process_commands()
  File "integration\telegram\notifier.py", line 302, in _process_commands
    with urllib.request.urlopen(request, timeout=15) as response:
         ~~~~~~~~~~~~~~~~~~~~~~^^^^^^^^^^^^^^^^^^^^^
  File "urllib\request.py", line 187, in urlopen
  File "urllib\request.py", line 487, in open
  File "urllib\request.py", line 504, in _open
  File "urllib\request.py", line 464, in _call_chain
  File "urllib\request.py", line 1369, in https_open
  File "urllib\request.py", line 1324, in do_open
urllib.error.URLError: <urlopen error timed out>
2026-03-29 14:55:35,436 | ERROR | Telegram worker item processing failed: <urlopen error timed out>
Traceback (most recent call last):
  File "urllib\request.py", line 1321, in do_open
  File "http\client.py", line 1358, in request
  File "http\client.py", line 1404, in _send_request
  File "http\client.py", line 1353, in endheaders
  File "http\client.py", line 1113, in _send_output
  File "http\client.py", line 1057, in send
  File "http\client.py", line 1492, in connect
  File "http\client.py", line 1023, in connect
  File "socket.py", line 870, in create_connection
  File "socket.py", line 855, in create_connection
TimeoutError: timed out

During handling of the above exception, another exception occurred:

Traceback (most recent call last):
  File "integration\telegram\notifier.py", line 658, in run_worker_forever
    commands_processed = worker._process_commands()
  File "integration\telegram\notifier.py", line 302, in _process_commands
    with urllib.request.urlopen(request, timeout=15) as response:
         ~~~~~~~~~~~~~~~~~~~~~~^^^^^^^^^^^^^^^^^^^^^
  File "urllib\request.py", line 187, in urlopen
  File "urllib\request.py", line 487, in open
  File "urllib\request.py", line 504, in _open
  File "urllib\request.py", line 464, in _call_chain
  File "urllib\request.py", line 1369, in https_open
  File "urllib\request.py", line 1324, in do_open
urllib.error.URLError: <urlopen error timed out>
2026-03-29 14:55:53,441 | ERROR | Telegram worker item processing failed: <urlopen error timed out>
Traceback (most recent call last):
  File "urllib\request.py", line 1321, in do_open
  File "http\client.py", line 1358, in request
  File "http\client.py", line 1404, in _send_request
  File "http\client.py", line 1353, in endheaders
  File "http\client.py", line 1113, in _send_output
  File "http\client.py", line 1057, in send
  File "http\client.py", line 1492, in connect
  File "http\client.py", line 1023, in connect
  File "socket.py", line 870, in create_connection
  File "socket.py", line 855, in create_connection
TimeoutError: timed out

During handling of the above exception, another exception occurred:

Traceback (most recent call last):
  File "integration\telegram\notifier.py", line 658, in run_worker_forever
    commands_processed = worker._process_commands()
  File "integration\telegram\notifier.py", line 302, in _process_commands
    with urllib.request.urlopen(request, timeout=15) as response:
         ~~~~~~~~~~~~~~~~~~~~~~^^^^^^^^^^^^^^^^^^^^^
  File "urllib\request.py", line 187, in urlopen
  File "urllib\request.py", line 487, in open
  File "urllib\request.py", line 504, in _open
  File "urllib\request.py", line 464, in _call_chain
  File "urllib\request.py", line 1369, in https_open
  File "urllib\request.py", line 1324, in do_open
urllib.error.URLError: <urlopen error timed out>
2026-03-29 14:56:07,536 | ERROR | Telegram worker item processing failed: <urlopen error [Errno 11001] getaddrinfo failed>
Traceback (most recent call last):
  File "urllib\request.py", line 1321, in do_open
  File "http\client.py", line 1358, in request
  File "http\client.py", line 1404, in _send_request
  File "http\client.py", line 1353, in endheaders
  File "http\client.py", line 1113, in _send_output
  File "http\client.py", line 1057, in send
  File "http\client.py", line 1492, in connect
  File "http\client.py", line 1023, in connect
  File "socket.py", line 846, in create_connection
  File "socket.py", line 983, in getaddrinfo
socket.gaierror: [Errno 11001] getaddrinfo failed

During handling of the above exception, another exception occurred:

Traceback (most recent call last):
  File "integration\telegram\notifier.py", line 658, in run_worker_forever
    commands_processed = worker._process_commands()
  File "integration\telegram\notifier.py", line 302, in _process_commands
    with urllib.request.urlopen(request, timeout=15) as response:
         ~~~~~~~~~~~~~~~~~~~~~~^^^^^^^^^^^^^^^^^^^^^
  File "urllib\request.py", line 187, in urlopen
  File "urllib\request.py", line 487, in open
  File "urllib\request.py", line 504, in _open
  File "urllib\request.py", line 464, in _call_chain
  File "urllib\request.py", line 1369, in https_open
  File "urllib\request.py", line 1324, in do_open
urllib.error.URLError: <urlopen error [Errno 11001] getaddrinfo failed>
2026-03-29 14:56:21,635 | ERROR | Telegram worker item processing failed: <urlopen error [Errno 11001] getaddrinfo failed>
Traceback (most recent call last):
  File "urllib\request.py", line 1321, in do_open
  File "http\client.py", line 1358, in request
  File "http\client.py", line 1404, in _send_request
  File "http\client.py", line 1353, in endheaders
  File "http\client.py", line 1113, in _send_output
  File "http\client.py", line 1057, in send
  File "http\client.py", line 1492, in connect
  File "http\client.py", line 1023, in connect
  File "socket.py", line 846, in create_connection
  File "socket.py", line 983, in getaddrinfo
socket.gaierror: [Errno 11001] getaddrinfo failed

During handling of the above exception, another exception occurred:

Traceback (most recent call last):
  File "integration\telegram\notifier.py", line 658, in run_worker_forever
    commands_processed = worker._process_commands()
  File "integration\telegram\notifier.py", line 302, in _process_commands
    with urllib.request.urlopen(request, timeout=15) as response:
         ~~~~~~~~~~~~~~~~~~~~~~^^^^^^^^^^^^^^^^^^^^^
  File "urllib\request.py", line 187, in urlopen
  File "urllib\request.py", line 487, in open
  File "urllib\request.py", line 504, in _open
  File "urllib\request.py", line 464, in _call_chain
  File "urllib\request.py", line 1369, in https_open
  File "urllib\request.py", line 1324, in do_open
urllib.error.URLError: <urlopen error [Errno 11001] getaddrinfo failed>
2026-03-29 14:56:35,732 | ERROR | Telegram worker item processing failed: <urlopen error [Errno 11001] getaddrinfo failed>
Traceback (most recent call last):
  File "urllib\request.py", line 1321, in do_open
  File "http\client.py", line 1358, in request
  File "http\client.py", line 1404, in _send_request
  File "http\client.py", line 1353, in endheaders
  File "http\client.py", line 1113, in _send_output
  File "http\client.py", line 1057, in send
  File "http\client.py", line 1492, in connect
  File "http\client.py", line 1023, in connect
  File "socket.py", line 846, in create_connection
  File "socket.py", line 983, in getaddrinfo
socket.gaierror: [Errno 11001] getaddrinfo failed

During handling of the above exception, another exception occurred:

Traceback (most recent call last):
  File "integration\telegram\notifier.py", line 658, in run_worker_forever
    commands_processed = worker._process_commands()
  File "integration\telegram\notifier.py", line 302, in _process_commands
    with urllib.request.urlopen(request, timeout=15) as response:
         ~~~~~~~~~~~~~~~~~~~~~~^^^^^^^^^^^^^^^^^^^^^
  File "urllib\request.py", line 187, in urlopen
  File "urllib\request.py", line 487, in open
  File "urllib\request.py", line 504, in _open
  File "urllib\request.py", line 464, in _call_chain
  File "urllib\request.py", line 1369, in https_open
  File "urllib\request.py", line 1324, in do_open
urllib.error.URLError: <urlopen error [Errno 11001] getaddrinfo failed>
2026-03-29 14:56:49,829 | ERROR | Telegram worker item processing failed: <urlopen error [Errno 11001] getaddrinfo failed>
Traceback (most recent call last):
  File "urllib\request.py", line 1321, in do_open
  File "http\client.py", line 1358, in request
  File "http\client.py", line 1404, in _send_request
  File "http\client.py", line 1353, in endheaders
  File "http\client.py", line 1113, in _send_output
  File "http\client.py", line 1057, in send
  File "http\client.py", line 1492, in connect
  File "http\client.py", line 1023, in connect
  File "socket.py", line 846, in create_connection
  File "socket.py", line 983, in getaddrinfo
socket.gaierror: [Errno 11001] getaddrinfo failed

During handling of the above exception, another exception occurred:

Traceback (most recent call last):
  File "integration\telegram\notifier.py", line 658, in run_worker_forever
    commands_processed = worker._process_commands()
  File "integration\telegram\notifier.py", line 302, in _process_commands
    with urllib.request.urlopen(request, timeout=15) as response:
         ~~~~~~~~~~~~~~~~~~~~~~^^^^^^^^^^^^^^^^^^^^^
  File "urllib\request.py", line 187, in urlopen
  File "urllib\request.py", line 487, in open
  File "urllib\request.py", line 504, in _open
  File "urllib\request.py", line 464, in _call_chain
  File "urllib\request.py", line 1369, in https_open
  File "urllib\request.py", line 1324, in do_open
urllib.error.URLError: <urlopen error [Errno 11001] getaddrinfo failed>
2026-03-29 14:57:03,926 | ERROR | Telegram worker item processing failed: <urlopen error [Errno 11001] getaddrinfo failed>
Traceback (most recent call last):
  File "urllib\request.py", line 1321, in do_open
  File "http\client.py", line 1358, in request
  File "http\client.py", line 1404, in _send_request
  File "http\client.py", line 1353, in endheaders
  File "http\client.py", line 1113, in _send_output
  File "http\client.py", line 1057, in send
  File "http\client.py", line 1492, in connect
  File "http\client.py", line 1023, in connect
  File "socket.py", line 846, in create_connection
  File "socket.py", line 983, in getaddrinfo
socket.gaierror: [Errno 11001] getaddrinfo failed

During handling of the above exception, another exception occurred:

Traceback (most recent call last):
  File "integration\telegram\notifier.py", line 658, in run_worker_forever
    commands_processed = worker._process_commands()
  File "integration\telegram\notifier.py", line 302, in _process_commands
    with urllib.request.urlopen(request, timeout=15) as response:
         ~~~~~~~~~~~~~~~~~~~~~~^^^^^^^^^^^^^^^^^^^^^
  File "urllib\request.py", line 187, in urlopen
  File "urllib\request.py", line 487, in open
  File "urllib\request.py", line 504, in _open
  File "urllib\request.py", line 464, in _call_chain
  File "urllib\request.py", line 1369, in https_open
  File "urllib\request.py", line 1324, in do_open
urllib.error.URLError: <urlopen error [Errno 11001] getaddrinfo failed>
2026-03-29 14:57:18,024 | ERROR | Telegram worker item processing failed: <urlopen error [Errno 11001] getaddrinfo failed>
Traceback (most recent call last):
  File "urllib\request.py", line 1321, in do_open
  File "http\client.py", line 1358, in request
  File "http\client.py", line 1404, in _send_request
  File "http\client.py", line 1353, in endheaders
  File "http\client.py", line 1113, in _send_output
  File "http\client.py", line 1057, in send
  File "http\client.py", line 1492, in connect
  File "http\client.py", line 1023, in connect
  File "socket.py", line 846, in create_connection
  File "socket.py", line 983, in getaddrinfo
socket.gaierror: [Errno 11001] getaddrinfo failed

During handling of the above exception, another exception occurred:

Traceback (most recent call last):
  File "integration\telegram\notifier.py", line 658, in run_worker_forever
    commands_processed = worker._process_commands()
  File "integration\telegram\notifier.py", line 302, in _process_commands
    with urllib.request.urlopen(request, timeout=15) as response:
         ~~~~~~~~~~~~~~~~~~~~~~^^^^^^^^^^^^^^^^^^^^^
  File "urllib\request.py", line 187, in urlopen
  File "urllib\request.py", line 487, in open
  File "urllib\request.py", line 504, in _open
  File "urllib\request.py", line 464, in _call_chain
  File "urllib\request.py", line 1369, in https_open
  File "urllib\request.py", line 1324, in do_open
urllib.error.URLError: <urlopen error [Errno 11001] getaddrinfo failed>
2026-03-29 14:57:32,124 | ERROR | Telegram worker item processing failed: <urlopen error [Errno 11001] getaddrinfo failed>
Traceback (most recent call last):
  File "urllib\request.py", line 1321, in do_open
  File "http\client.py", line 1358, in request
  File "http\client.py", line 1404, in _send_request
  File "http\client.py", line 1353, in endheaders
  File "http\client.py", line 1113, in _send_output
  File "http\client.py", line 1057, in send
  File "http\client.py", line 1492, in connect
  File "http\client.py", line 1023, in connect
  File "socket.py", line 846, in create_connection
  File "socket.py", line 983, in getaddrinfo
socket.gaierror: [Errno 11001] getaddrinfo failed

During handling of the above exception, another exception occurred:

Traceback (most recent call last):
  File "integration\telegram\notifier.py", line 658, in run_worker_forever
    commands_processed = worker._process_commands()
  File "integration\telegram\notifier.py", line 302, in _process_commands
    with urllib.request.urlopen(request, timeout=15) as response:
         ~~~~~~~~~~~~~~~~~~~~~~^^^^^^^^^^^^^^^^^^^^^
  File "urllib\request.py", line 187, in urlopen
  File "urllib\request.py", line 487, in open
  File "urllib\request.py", line 504, in _open
  File "urllib\request.py", line 464, in _call_chain
  File "urllib\request.py", line 1369, in https_open
  File "urllib\request.py", line 1324, in do_open
urllib.error.URLError: <urlopen error [Errno 11001] getaddrinfo failed>
2026-03-29 14:57:46,221 | ERROR | Telegram worker item processing failed: <urlopen error [Errno 11001] getaddrinfo failed>
Traceback (most recent call last):
  File "urllib\request.py", line 1321, in do_open
  File "http\client.py", line 1358, in request
  File "http\client.py", line 1404, in _send_request
  File "http\client.py", line 1353, in endheaders
  File "http\client.py", line 1113, in _send_output
  File "http\client.py", line 1057, in send
  File "http\client.py", line 1492, in connect
  File "http\client.py", line 1023, in connect
  File "socket.py", line 846, in create_connection
  File "socket.py", line 983, in getaddrinfo
socket.gaierror: [Errno 11001] getaddrinfo failed

During handling of the above exception, another exception occurred:

Traceback (most recent call last):
  File "integration\telegram\notifier.py", line 658, in run_worker_forever
    commands_processed = worker._process_commands()
  File "integration\telegram\notifier.py", line 302, in _process_commands
    with urllib.request.urlopen(request, timeout=15) as response:
         ~~~~~~~~~~~~~~~~~~~~~~^^^^^^^^^^^^^^^^^^^^^
  File "urllib\request.py", line 187, in urlopen
  File "urllib\request.py", line 487, in open
  File "urllib\request.py", line 504, in _open
  File "urllib\request.py", line 464, in _call_chain
  File "urllib\request.py", line 1369, in https_open
  File "urllib\request.py", line 1324, in do_open
urllib.error.URLError: <urlopen error [Errno 11001] getaddrinfo failed>
2026-03-29 14:58:00,319 | ERROR | Telegram worker item processing failed: <urlopen error [Errno 11001] getaddrinfo failed>
Traceback (most recent call last):
  File "urllib\request.py", line 1321, in do_open
  File "http\client.py", line 1358, in request
  File "http\client.py", line 1404, in _send_request
  File "http\client.py", line 1353, in endheaders
  File "http\client.py", line 1113, in _send_output
  File "http\client.py", line 1057, in send
  File "http\client.py", line 1492, in connect
  File "http\client.py", line 1023, in connect
  File "socket.py", line 846, in create_connection
  File "socket.py", line 983, in getaddrinfo
socket.gaierror: [Errno 11001] getaddrinfo failed

During handling of the above exception, another exception occurred:

Traceback (most recent call last):
  File "integration\telegram\notifier.py", line 658, in run_worker_forever
    commands_processed = worker._process_commands()
  File "integration\telegram\notifier.py", line 302, in _process_commands
    with urllib.request.urlopen(request, timeout=15) as response:
         ~~~~~~~~~~~~~~~~~~~~~~^^^^^^^^^^^^^^^^^^^^^
  File "urllib\request.py", line 187, in urlopen
  File "urllib\request.py", line 487, in open
  File "urllib\request.py", line 504, in _open
  File "urllib\request.py", line 464, in _call_chain
  File "urllib\request.py", line 1369, in https_open
  File "urllib\request.py", line 1324, in do_open
urllib.error.URLError: <urlopen error [Errno 11001] getaddrinfo failed>
2026-03-29 14:58:14,416 | ERROR | Telegram worker item processing failed: <urlopen error [Errno 11001] getaddrinfo failed>
Traceback (most recent call last):
  File "urllib\request.py", line 1321, in do_open
  File "http\client.py", line 1358, in request
  File "http\client.py", line 1404, in _send_request
  File "http\client.py", line 1353, in endheaders
  File "http\client.py", line 1113, in _send_output
  File "http\client.py", line 1057, in send
  File "http\client.py", line 1492, in connect
  File "http\client.py", line 1023, in connect
  File "socket.py", line 846, in create_connection
  File "socket.py", line 983, in getaddrinfo
socket.gaierror: [Errno 11001] getaddrinfo failed

During handling of the above exception, another exception occurred:

Traceback (most recent call last):
  File "integration\telegram\notifier.py", line 658, in run_worker_forever
    commands_processed = worker._process_commands()
  File "integration\telegram\notifier.py", line 302, in _process_commands
    with urllib.request.urlopen(request, timeout=15) as response:
         ~~~~~~~~~~~~~~~~~~~~~~^^^^^^^^^^^^^^^^^^^^^
  File "urllib\request.py", line 187, in urlopen
  File "urllib\request.py", line 487, in open
  File "urllib\request.py", line 504, in _open
  File "urllib\request.py", line 464, in _call_chain
  File "urllib\request.py", line 1369, in https_open
  File "urllib\request.py", line 1324, in do_open
urllib.error.URLError: <urlopen error [Errno 11001] getaddrinfo failed>
2026-03-29 14:58:28,517 | ERROR | Telegram worker item processing failed: <urlopen error [Errno 11001] getaddrinfo failed>
Traceback (most recent call last):
  File "urllib\request.py", line 1321, in do_open
  File "http\client.py", line 1358, in request
  File "http\client.py", line 1404, in _send_request
  File "http\client.py", line 1353, in endheaders
  File "http\client.py", line 1113, in _send_output
  File "http\client.py", line 1057, in send
  File "http\client.py", line 1492, in connect
  File "http\client.py", line 1023, in connect
  File "socket.py", line 846, in create_connection
  File "socket.py", line 983, in getaddrinfo
socket.gaierror: [Errno 11001] getaddrinfo failed

During handling of the above exception, another exception occurred:

Traceback (most recent call last):
  File "integration\telegram\notifier.py", line 658, in run_worker_forever
    commands_processed = worker._process_commands()
  File "integration\telegram\notifier.py", line 302, in _process_commands
    with urllib.request.urlopen(request, timeout=15) as response:
         ~~~~~~~~~~~~~~~~~~~~~~^^^^^^^^^^^^^^^^^^^^^
  File "urllib\request.py", line 187, in urlopen
  File "urllib\request.py", line 487, in open
  File "urllib\request.py", line 504, in _open
  File "urllib\request.py", line 464, in _call_chain
  File "urllib\request.py", line 1369, in https_open
  File "urllib\request.py", line 1324, in do_open
urllib.error.URLError: <urlopen error [Errno 11001] getaddrinfo failed>
2026-03-29 14:58:42,613 | ERROR | Telegram worker item processing failed: <urlopen error [Errno 11001] getaddrinfo failed>
Traceback (most recent call last):
  File "urllib\request.py", line 1321, in do_open
  File "http\client.py", line 1358, in request
  File "http\client.py", line 1404, in _send_request
  File "http\client.py", line 1353, in endheaders
  File "http\client.py", line 1113, in _send_output
  File "http\client.py", line 1057, in send
  File "http\client.py", line 1492, in connect
  File "http\client.py", line 1023, in connect
  File "socket.py", line 846, in create_connection
  File "socket.py", line 983, in getaddrinfo
socket.gaierror: [Errno 11001] getaddrinfo failed

During handling of the above exception, another exception occurred:

Traceback (most recent call last):
  File "integration\telegram\notifier.py", line 658, in run_worker_forever
    commands_processed = worker._process_commands()
  File "integration\telegram\notifier.py", line 302, in _process_commands
    with urllib.request.urlopen(request, timeout=15) as response:
         ~~~~~~~~~~~~~~~~~~~~~~^^^^^^^^^^^^^^^^^^^^^
  File "urllib\request.py", line 187, in urlopen
  File "urllib\request.py", line 487, in open
  File "urllib\request.py", line 504, in _open
  File "urllib\request.py", line 464, in _call_chain
  File "urllib\request.py", line 1369, in https_open
  File "urllib\request.py", line 1324, in do_open
urllib.error.URLError: <urlopen error [Errno 11001] getaddrinfo failed>
2026-03-29 14:58:56,710 | ERROR | Telegram worker item processing failed: <urlopen error [Errno 11001] getaddrinfo failed>
Traceback (most recent call last):
  File "urllib\request.py", line 1321, in do_open
  File "http\client.py", line 1358, in request
  File "http\client.py", line 1404, in _send_request
  File "http\client.py", line 1353, in endheaders
  File "http\client.py", line 1113, in _send_output
  File "http\client.py", line 1057, in send
  File "http\client.py", line 1492, in connect
  File "http\client.py", line 1023, in connect
  File "socket.py", line 846, in create_connection
  File "socket.py", line 983, in getaddrinfo
socket.gaierror: [Errno 11001] getaddrinfo failed

During handling of the above exception, another exception occurred:

Traceback (most recent call last):
  File "integration\telegram\notifier.py", line 658, in run_worker_forever
    commands_processed = worker._process_commands()
  File "integration\telegram\notifier.py", line 302, in _process_commands
    with urllib.request.urlopen(request, timeout=15) as response:
         ~~~~~~~~~~~~~~~~~~~~~~^^^^^^^^^^^^^^^^^^^^^
  File "urllib\request.py", line 187, in urlopen
  File "urllib\request.py", line 487, in open
  File "urllib\request.py", line 504, in _open
  File "urllib\request.py", line 464, in _call_chain
  File "urllib\request.py", line 1369, in https_open
  File "urllib\request.py", line 1324, in do_open
urllib.error.URLError: <urlopen error [Errno 11001] getaddrinfo failed>
2026-03-29 15:34:48,078 | ERROR | Telegram worker item processing failed: <urlopen error [SSL: UNEXPECTED_EOF_WHILE_READING] EOF occurred in violation of protocol (_ssl.c:1081)>
Traceback (most recent call last):
  File "urllib\request.py", line 1321, in do_open
  File "http\client.py", line 1358, in request
  File "http\client.py", line 1404, in _send_request
  File "http\client.py", line 1353, in endheaders
  File "http\client.py", line 1113, in _send_output
  File "http\client.py", line 1057, in send
  File "http\client.py", line 1499, in connect
  File "ssl.py", line 455, in wrap_socket
  File "ssl.py", line 1076, in _create
  File "ssl.py", line 1372, in do_handshake
ssl.SSLEOFError: [SSL: UNEXPECTED_EOF_WHILE_READING] EOF occurred in violation of protocol (_ssl.c:1081)

During handling of the above exception, another exception occurred:

Traceback (most recent call last):
  File "integration\telegram\notifier.py", line 658, in run_worker_forever
    commands_processed = worker._process_commands()
  File "integration\telegram\notifier.py", line 302, in _process_commands
    with urllib.request.urlopen(request, timeout=15) as response:
         ~~~~~~~~~~~~~~~~~~~~~~^^^^^^^^^^^^^^^^^^^^^
  File "urllib\request.py", line 187, in urlopen
  File "urllib\request.py", line 487, in open
  File "urllib\request.py", line 504, in _open
  File "urllib\request.py", line 464, in _call_chain
  File "urllib\request.py", line 1369, in https_open
  File "urllib\request.py", line 1324, in do_open
urllib.error.URLError: <urlopen error [SSL: UNEXPECTED_EOF_WHILE_READING] EOF occurred in violation of protocol (_ssl.c:1081)>
2026-03-29 15:37:30,792 | ERROR | Telegram worker item processing failed: The read operation timed out
Traceback (most recent call last):
  File "integration\telegram\notifier.py", line 658, in run_worker_forever
    commands_processed = worker._process_commands()
  File "integration\telegram\notifier.py", line 302, in _process_commands
    with urllib.request.urlopen(request, timeout=15) as response:
         ~~~~~~~~~~~~~~~~~~~~~~^^^^^^^^^^^^^^^^^^^^^
  File "urllib\request.py", line 187, in urlopen
  File "urllib\request.py", line 487, in open
  File "urllib\request.py", line 504, in _open
  File "urllib\request.py", line 464, in _call_chain
  File "urllib\request.py", line 1369, in https_open
  File "urllib\request.py", line 1325, in do_open
  File "http\client.py", line 1450, in getresponse
  File "http\client.py", line 336, in begin
  File "http\client.py", line 297, in _read_status
  File "socket.py", line 725, in readinto
  File "ssl.py", line 1304, in recv_into
  File "ssl.py", line 1138, in read
TimeoutError: The read operation timed out
